Archive member included to satisfy reference by file (symbol)

/opt/gcc-arm-none-eabi-10-2020-q4-major/bin/../lib/gcc/arm-none-eabi/10.2.1/../../../../arm-none-eabi/lib/thumb/v7e-m+dp/hard/libg.a(lib_a-ctype_.o)
                              build/obj/chscanf.o (symbol from plugin) (_ctype_)
/opt/gcc-arm-none-eabi-10-2020-q4-major/bin/../lib/gcc/arm-none-eabi/10.2.1/thumb/v7e-m+dp/hard/libgcc.a(_aeabi_ldivmod.o)
                              /tmp/BPRL.elf.SPM9rH.ltrans0.ltrans.o (__aeabi_ldivmod)
/opt/gcc-arm-none-eabi-10-2020-q4-major/bin/../lib/gcc/arm-none-eabi/10.2.1/thumb/v7e-m+dp/hard/libgcc.a(_aeabi_uldivmod.o)
                              /tmp/BPRL.elf.SPM9rH.ltrans0.ltrans.o (__aeabi_uldivmod)
/opt/gcc-arm-none-eabi-10-2020-q4-major/bin/../lib/gcc/arm-none-eabi/10.2.1/thumb/v7e-m+dp/hard/libgcc.a(_udivmoddi4.o)
                              /opt/gcc-arm-none-eabi-10-2020-q4-major/bin/../lib/gcc/arm-none-eabi/10.2.1/thumb/v7e-m+dp/hard/libgcc.a(_aeabi_ldivmod.o) (__udivmoddi4)
/opt/gcc-arm-none-eabi-10-2020-q4-major/bin/../lib/gcc/arm-none-eabi/10.2.1/thumb/v7e-m+dp/hard/libgcc.a(_dvmd_tls.o)
                              /opt/gcc-arm-none-eabi-10-2020-q4-major/bin/../lib/gcc/arm-none-eabi/10.2.1/thumb/v7e-m+dp/hard/libgcc.a(_aeabi_ldivmod.o) (__aeabi_ldiv0)
/opt/gcc-arm-none-eabi-10-2020-q4-major/bin/../lib/gcc/arm-none-eabi/10.2.1/../../../../arm-none-eabi/lib/thumb/v7e-m+dp/hard/libg.a(lib_a-memcpy.o)
                              /tmp/BPRL.elf.SPM9rH.ltrans0.ltrans.o (memcpy)
/opt/gcc-arm-none-eabi-10-2020-q4-major/bin/../lib/gcc/arm-none-eabi/10.2.1/../../../../arm-none-eabi/lib/thumb/v7e-m+dp/hard/libg.a(lib_a-memset.o)
                              /tmp/BPRL.elf.SPM9rH.ltrans0.ltrans.o (memset)

Discarded input sections

 .data          0x0000000000000000        0x0 build/obj/crt0_v7m.o
 .bss           0x0000000000000000        0x0 build/obj/crt0_v7m.o
 .data          0x0000000000000000        0x0 build/obj/vectors.o
 .bss           0x0000000000000000        0x0 build/obj/vectors.o
 .data          0x0000000000000000        0x0 build/obj/chcoreasm.o
 .bss           0x0000000000000000        0x0 build/obj/chcoreasm.o
 .text          0x0000000000000000        0x0 /tmp/BPRL.elf.SPM9rH.ltrans0.ltrans.o
 .data          0x0000000000000000        0x0 /tmp/BPRL.elf.SPM9rH.ltrans0.ltrans.o
 .bss           0x0000000000000000        0x0 /tmp/BPRL.elf.SPM9rH.ltrans0.ltrans.o
 .ARM.extab.text._ZN3PID6updateEf
                0x0000000000000000        0x0 /tmp/BPRL.elf.SPM9rH.ltrans0.ltrans.o
 .ARM.extab.text._ZL9CANThreadPv
                0x0000000000000000        0x0 /tmp/BPRL.elf.SPM9rH.ltrans0.ltrans.o
 .ARM.extab.text._ZL9I2CThreadPv
                0x0000000000000000        0x0 /tmp/BPRL.elf.SPM9rH.ltrans0.ltrans.o
 .ARM.extab.text._ZL11HouseThreadPv
                0x0000000000000000        0x0 /tmp/BPRL.elf.SPM9rH.ltrans0.ltrans.o
 .ARM.extab.text._ZN8ICM209489reg_writeEhh
                0x0000000000000000        0x0 /tmp/BPRL.elf.SPM9rH.ltrans0.ltrans.o
 .ARM.extab.text._ZL14StateEstThreadPv
                0x0000000000000000        0x0 /tmp/BPRL.elf.SPM9rH.ltrans0.ltrans.o
 .ARM.extab.text._ZL13ControlThreadPv
                0x0000000000000000        0x0 /tmp/BPRL.elf.SPM9rH.ltrans0.ltrans.o
 .ARM.extab.text._ZL11RadioThreadPv
                0x0000000000000000        0x0 /tmp/BPRL.elf.SPM9rH.ltrans0.ltrans.o
 .ARM.extab.text._ZN8ICM209488set_bankEh
                0x0000000000000000        0x0 /tmp/BPRL.elf.SPM9rH.ltrans0.ltrans.o
 .ARM.extab.text._ZN8ICM209484readEPfS0_.part.0
                0x0000000000000000        0x0 /tmp/BPRL.elf.SPM9rH.ltrans0.ltrans.o
 .ARM.extab.text._ZN8ICM206029reg_writeEhh.constprop.0
                0x0000000000000000        0x0 /tmp/BPRL.elf.SPM9rH.ltrans0.ltrans.o
 .ARM.extab.text._ZN8ICM209484initEP14hal_spi_driverPK14hal_spi_configS4_.isra.0
                0x0000000000000000        0x0 /tmp/BPRL.elf.SPM9rH.ltrans0.ltrans.o
 .ARM.extab.text._ZL9SPIThreadPv
                0x0000000000000000        0x0 /tmp/BPRL.elf.SPM9rH.ltrans0.ltrans.o
 .ARM.extab.text.startup.main
                0x0000000000000000        0x0 /tmp/BPRL.elf.SPM9rH.ltrans0.ltrans.o
 .ARM.extab.text.startup._GLOBAL__sub_I__Z17bprl_can_registermPFvRK10CANRxFramePvES2_
                0x0000000000000000        0x0 /tmp/BPRL.elf.SPM9rH.ltrans0.ltrans.o
 .comment       0x0000000000000000       0x4e /tmp/ccHzwvC3.debug.temp.o
 .comment       0x0000000000000000       0x4e /tmp/ccGEzICS.debug.temp.o
 .comment       0x0000000000000000       0x4e /tmp/ccinA1l4.debug.temp.o
 .debug_info    0x0000000000000000      0xe63 /tmp/cc0PsiPF.debug.temp.o
 .debug_abbrev  0x0000000000000000      0x213 /tmp/cc0PsiPF.debug.temp.o
 .debug_line    0x0000000000000000      0x2ea /tmp/cc0PsiPF.debug.temp.o
 .debug_str     0x0000000000000000      0x7ec /tmp/cc0PsiPF.debug.temp.o
 .comment       0x0000000000000000       0x4e /tmp/cc0PsiPF.debug.temp.o
[...]
Memory Configuration

Name             Origin             Length             Attributes
flash0           0x0000000008000000 0x0000000000200000 xr
flash1           0x0000000008000000 0x0000000000100000 xr
flash2           0x0000000008100000 0x0000000000100000 xr
flash3           0x0000000000000000 0x0000000000000000 xr
flash4           0x0000000000000000 0x0000000000000000 xr
flash5           0x0000000000000000 0x0000000000000000 xr
flash6           0x0000000000000000 0x0000000000000000 xr
flash7           0x0000000000000000 0x0000000000000000 xr
ram0             0x0000000024000000 0x0000000000080000 xw
ram1             0x0000000030000000 0x0000000000040000 xw
ram2             0x0000000030000000 0x0000000000048000 xw
ram3             0x0000000030040000 0x0000000000008000 xw
ram4             0x0000000038000000 0x0000000000010000 xw
ram5             0x0000000020000000 0x0000000000020000 xw
ram6             0x0000000000000000 0x0000000000010000 xw
ram7             0x0000000038800000 0x0000000000001000 xw
*default*        0x0000000000000000 0xffffffffffffffff

Linker script and memory map

LOAD build/obj/crt0_v7m.o
LOAD build/obj/vectors.o
LOAD build/obj/chcoreasm.o
LOAD build/obj/crt1.o
LOAD /tmp/BPRL.elf.SPM9rH.ltrans0.ltrans.o
LOAD /tmp/ccHzwvC3.debug.temp.o
LOAD /tmp/ccGEzICS.debug.temp.o
LOAD /tmp/ccinA1l4.debug.temp.o
LOAD /tmp/cc0PsiPF.debug.temp.o
LOAD /tmp/ccxPHOgo.debug.temp.o
LOAD /tmp/cc9RJBix.debug.temp.o
LOAD /tmp/ccNONKo6.debug.temp.o
LOAD /tmp/ccvTOhRU.debug.temp.o
LOAD /tmp/ccjLCyja.debug.temp.o
LOAD /tmp/ccVpm5Ha.debug.temp.o
LOAD /tmp/ccC9GHp1.debug.temp.o
LOAD /tmp/ccKgFvjZ.debug.temp.o
LOAD /tmp/ccpIX4wt.debug.temp.o
LOAD /tmp/ccxPuN5D.debug.temp.o
LOAD /tmp/cctDExpe.debug.temp.o
LOAD /tmp/cc2cU3qW.debug.temp.o
LOAD /tmp/ccTjYaaj.debug.temp.o
LOAD /tmp/ccDbsnmA.debug.temp.o
LOAD /tmp/ccfisTem.debug.temp.o
LOAD /tmp/ccEd78pf.debug.temp.o
LOAD /tmp/cc542Myh.debug.temp.o
LOAD /tmp/ccMFW0si.debug.temp.o
LOAD /tmp/cce5Ebey.debug.temp.o
LOAD /tmp/ccwbSVJX.debug.temp.o
LOAD /tmp/ccQZpvxF.debug.temp.o
LOAD /tmp/ccDQWwpQ.debug.temp.o
LOAD /tmp/ccQlHSar.debug.temp.o
LOAD /tmp/ccSGLBuF.debug.temp.o
LOAD /tmp/cchG8qGE.debug.temp.o
LOAD /tmp/ccZttTDH.debug.temp.o
LOAD /tmp/ccc8xDtX.debug.temp.o
LOAD /tmp/cc9kgber.debug.temp.o
LOAD /tmp/cc6m7Wji.debug.temp.o
LOAD /tmp/ccGyZK3q.debug.temp.o
LOAD /tmp/ccP6qMpG.debug.temp.o
LOAD /tmp/ccq2ThI6.debug.temp.o
LOAD /tmp/ccsGFWt9.debug.temp.o
LOAD /tmp/ccGMFIpW.debug.temp.o
LOAD /tmp/ccnFCaeu.debug.temp.o
LOAD /tmp/ccqyMwH6.debug.temp.o
LOAD /tmp/cczFVt7B.debug.temp.o
LOAD /tmp/ccIIHDv7.debug.temp.o
LOAD /tmp/ccHjrxJj.debug.temp.o
LOAD /tmp/cc6jF6vn.debug.temp.o
LOAD /tmp/ccvIQYRK.debug.temp.o
LOAD /tmp/ccee0bLI.debug.temp.o
LOAD /tmp/ccZ6msF8.debug.temp.o
LOAD /tmp/ccfjUED1.debug.temp.o
LOAD /tmp/ccQYFro6.debug.temp.o
LOAD /tmp/cc2HlEX1.debug.temp.o
LOAD /tmp/ccHTLfeF.debug.temp.o
LOAD /tmp/ccsOX3v2.debug.temp.o
LOAD /tmp/ccMTHkAg.debug.temp.o
LOAD /tmp/ccG6wtOI.debug.temp.o
LOAD /tmp/ccRmC8y7.debug.temp.o
LOAD /tmp/ccJCopDe.debug.temp.o
LOAD /tmp/ccH5Tq3J.debug.temp.o
LOAD /tmp/ccHd3xBy.debug.temp.o
LOAD /tmp/cciOuGTp.debug.temp.o
LOAD /tmp/ccAeqy7k.debug.temp.o
LOAD /tmp/cc5qkgot.debug.temp.o
LOAD /tmp/ccxUSgcv.debug.temp.o
LOAD build/obj/hal.o
LOAD build/obj/hal_st.o
LOAD build/obj/hal_buffered_serial.o
LOAD build/obj/hal_buffers.o
LOAD build/obj/hal_queues.o
LOAD build/obj/hal_flash.o
LOAD build/obj/hal_mmcsd.o
LOAD build/obj/hal_can.o
LOAD build/obj/hal_pal.o
LOAD build/obj/hal_serial.o
LOAD build/obj/hal_spi.o
LOAD build/obj/nvic.o
LOAD build/obj/stm32_isr.o
LOAD build/obj/hal_lld.o
LOAD build/obj/stm32_bdma.o
LOAD build/obj/stm32_dma.o
LOAD build/obj/stm32_exti.o
LOAD build/obj/hal_can_lld.o
LOAD build/obj/hal_pal_lld.o
LOAD build/obj/stm32_mdma.o
LOAD build/obj/hal_spi_lld.o
LOAD build/obj/hal_st_lld.o
LOAD build/obj/hal_serial_lld.o
LOAD build/obj/osal.o
LOAD build/obj/chsys.o
LOAD build/obj/chrfcu.o
LOAD build/obj/chdebug.o
LOAD build/obj/chtrace.o
LOAD build/obj/chvt.o
LOAD build/obj/chschd.o
LOAD build/obj/chinstances.o
LOAD build/obj/chthreads.o
LOAD build/obj/chtm.o
LOAD build/obj/chregistry.o
LOAD build/obj/chsem.o
LOAD build/obj/chmtx.o
LOAD build/obj/chcond.o
LOAD build/obj/chevents.o
LOAD build/obj/chmsg.o
LOAD build/obj/chdynamic.o
LOAD build/obj/chmboxes.o
LOAD build/obj/chmemcore.o
LOAD build/obj/chmemheaps.o
LOAD build/obj/chmempools.o
LOAD build/obj/chpipes.o
LOAD build/obj/chobjcaches.o
LOAD build/obj/chdelegates.o
LOAD build/obj/chfactory.o
LOAD build/obj/chcore.o
LOAD build/obj/chprintf.o
LOAD build/obj/chscanf.o
LOAD build/obj/memstreams.o
LOAD build/obj/nullstreams.o
LOAD build/obj/bufstreams.o
LOAD build/obj/board.o
LOAD build/obj/main.o
LOAD build/obj/PID.o
LOAD build/obj/AttitudeController.o
LOAD build/obj/MotorMixer.o
LOAD build/obj/ICM20948.o
LOAD build/obj/ICM20602.o

.mstack         0x0000000020000000      0x800
                0x0000000020000000                . = ALIGN (0x8)
                0x0000000020000000                __main_stack_base__ = .
                0x0000000020000800                . = (. + __main_stack_size__)
 *fill*         0x0000000020000000      0x800 
                0x0000000020000800                . = ALIGN (0x8)
                0x0000000020000800                __main_stack_end__ = .

.pstack         0x0000000020000800      0x800
                0x0000000020000800                . = ALIGN (0x8)
                0x0000000020000800                __process_stack_base__ = .
                0x0000000020000800                __main_thread_stack_base__ = .
                0x0000000020001000                . = (. + __process_stack_size__)
 *fill*         0x0000000020000800      0x800 
                0x0000000020001000                . = ALIGN (0x8)
                0x0000000020001000                __process_stack_end__ = .
                0x0000000020001000                __main_thread_stack_end__ = .

.nocache        0x0000000030040000        0x0
                0x0000000030040000                __nocache_base__ = .
 *(.nocache)
 *(.nocache.*)
 *(.bss.__nocache_*)
                0x0000000030040000                . = ALIGN (0x4)
                0x0000000030040000                __nocache_end__ = .

.eth            0x0000000030040000        0x0
                0x0000000030040000                __eth_base__ = .
 *(.eth)
 *(.eth.*)
 *(.bss.__eth_*)
                0x0000000030040000                . = ALIGN (0x4)
                0x0000000030040000                __eth_end__ = .

.vectors        0x0000000008000000      0x2e0
                0x0000000008000000                __textvectors_base__ = LOADADDR (.vectors)
                0x0000000008000000                __vectors_base__ = .
 *(.vectors)
 .vectors       0x0000000008000000      0x2e0 build/obj/vectors.o
                0x0000000008000000                _vectors
                0x00000000080002e0                __vectors_end__ = .

.xtors          0x00000000080002e0        0x4
                0x00000000080002e0                __init_array_base__ = .
 *(SORT_BY_NAME(.init_array.*))
 *(.init_array)
 .init_array    0x00000000080002e0        0x4 /tmp/BPRL.elf.SPM9rH.ltrans0.ltrans.o
                0x00000000080002e4                __init_array_end__ = .
                0x00000000080002e4                __fini_array_base__ = .
 *(.fini_array)
 *(SORT_BY_NAME(.fini_array.*))
                0x00000000080002e4                __fini_array_end__ = .

.text           0x00000000080002f0     0x3f2c
                0x00000000080002f0                __text_base__ = .
 *(.text)
 .text          0x00000000080002f0      0x11c build/obj/crt0_v7m.o
                0x00000000080002f0                _crt0_entry
 .text          0x000000000800040c        0x8 build/obj/vectors.o
                0x000000000800040c                Reset_Handler
                0x000000000800040e                Vector58
                0x000000000800040e                VectorE8
                0x000000000800040e                Vector9C
                0x000000000800040e                Vector2C4
                0x000000000800040e                VectorAC
                0x000000000800040e                DebugMon_Handler
                0x000000000800040e                Vector2B0
                0x000000000800040e                Vector26C
                0x000000000800040e                Vector22C
                0x000000000800040e                Vector1A0
                0x000000000800040e                Vector2C0
                0x000000000800040e                Vector5C
                0x000000000800040e                Vector224
                0x000000000800040e                Vector11C
                0x000000000800040e                HardFault_Handler
                0x000000000800040e                Vector1B8
                0x000000000800040e                Vector1F0
                0x000000000800040e                Vector19C
                0x000000000800040e                Vector1EC
                0x000000000800040e                SysTick_Handler
                0x000000000800040e                Vector2D8
                0x000000000800040e                PendSV_Handler
                0x000000000800040e                Vector168
                0x000000000800040e                NMI_Handler
                0x000000000800040e                Vector270
                0x000000000800040e                Vector24C
                0x000000000800040e                Vector110
                0x000000000800040e                Vector274
                0x000000000800040e                Vector1D8
                0x000000000800040e                Vector1F4
                0x000000000800040e                VectorC8
                0x000000000800040e                Vector2CC
                0x000000000800040e                Vector94
                0x000000000800040e                Vector254
                0x000000000800040e                VectorA8
                0x000000000800040e                Vector244
                0x000000000800040e                Vector204
                0x000000000800040e                Vector2AC
                0x000000000800040e                VectorB4
                0x000000000800040e                Vector1FC
                0x000000000800040e                Vector160
                0x000000000800040e                Vector1B0
                0x000000000800040e                UsageFault_Handler
                0x000000000800040e                VectorEC
                0x000000000800040e                Vector234
                0x000000000800040e                Vector264
                0x000000000800040e                Vector40
                0x000000000800040e                VectorF8
                0x000000000800040e                Vector108
                0x000000000800040e                VectorBC
                0x000000000800040e                Vector1E0
                0x000000000800040e                Vector1F8
                0x000000000800040e                Vector260
                0x000000000800040e                Vector27C
                0x000000000800040e                Vector1C4
                0x000000000800040e                Vector1CC
                0x000000000800040e                Vector2A8
                0x000000000800040e                Vector1E4
                0x000000000800040e                Vector20C
                0x000000000800040e                Vector148
                0x000000000800040e                Vector188
                0x000000000800040e                Vector23C
                0x000000000800040e                Vector198
                0x000000000800040e                Vector118
                0x000000000800040e                Vector64
                0x000000000800040e                Vector54
                0x000000000800040e                Vector98
                0x000000000800040e                Vector2B8
                0x000000000800040e                Vector258
                0x000000000800040e                Vector284
                0x000000000800040e                Vector218
                0x000000000800040e                VectorD8
                0x000000000800040e                Vector138
                0x000000000800040e                Vector24
                0x000000000800040e                Vector200
                0x000000000800040e                Vector1AC
                0x000000000800040e                Vector178
                0x000000000800040e                SecureFault_Handler
                0x000000000800040e                Vector1A4
                0x000000000800040e                VectorD0
                0x000000000800040e                Vector2A0
                0x000000000800040e                Vector1B4
                0x000000000800040e                Vector28C
                0x000000000800040e                Vector140
                0x000000000800040e                VectorE4
                0x000000000800040e                VectorC0
                0x000000000800040e                Vector1C0
                0x000000000800040e                Vector214
                0x000000000800040e                Vector250
                0x000000000800040e                Vector2D0
                0x000000000800040e                Vector134
                0x000000000800040e                Vector1D0
                0x000000000800040e                Vector2DC
                0x000000000800040e                VectorF0
                0x000000000800040e                Vector210
                0x000000000800040e                Vector2BC
                0x000000000800040e                Vector13C
                0x000000000800040e                Vector280
                0x000000000800040e                Vector100
                0x000000000800040e                VectorE0
                0x000000000800040e                VectorF4
                0x000000000800040e                Vector2B4
                0x000000000800040e                Vector2C8
                0x000000000800040e                MemManage_Handler
                0x000000000800040e                Vector238
                0x000000000800040e                VectorA0
                0x000000000800040e                VectorC4
                0x000000000800040e                Vector180
                0x000000000800040e                Vector288
                0x000000000800040e                Vector208
                0x000000000800040e                Vector90
                0x000000000800040e                Vector294
                0x000000000800040e                Vector114
                0x000000000800040e                Vector164
                0x000000000800040e                Vector60
                0x000000000800040e                Vector1BC
                0x000000000800040e                Vector1D4
                0x000000000800040e                Vector17C
                0x000000000800040e                Vector48
                0x000000000800040e                Vector240
                0x000000000800040e                Vector1A8
                0x000000000800040e                Vector16C
                0x000000000800040e                Vector228
                0x000000000800040e                VectorD4
                0x000000000800040e                Vector2D4
                0x000000000800040e                Vector278
                0x000000000800040e                Vector4C
                0x000000000800040e                Vector144
                0x000000000800040e                Vector15C
                0x000000000800040e                Vector68
                0x000000000800040e                Vector230
                0x000000000800040e                Vector290
                0x000000000800040e                Vector1E8
                0x000000000800040e                Vector170
                0x000000000800040e                Vector220
                0x000000000800040e                Vector298
                0x000000000800040e                Vector88
                0x000000000800040e                Vector29C
                0x000000000800040e                Vector104
                0x000000000800040e                Vector184
                0x000000000800040e                Vector10C
                0x000000000800040e                Vector21C
                0x000000000800040e                Vector268
                0x000000000800040e                Vector14C
                0x000000000800040e                BusFault_Handler
                0x000000000800040e                Vector50
                0x000000000800040e                Vector1C8
                0x000000000800040e                Vector194
                0x000000000800040e                Vector1DC
                0x000000000800040e                Vector44
                0x000000000800040e                Vector28
                0x000000000800040e                VectorB8
                0x000000000800040e                Vector2A4
                0x000000000800040e                Vector34
                0x000000000800040e                Vector248
                0x000000000800040e                VectorA4
                0x000000000800040e                Vector25C
                0x000000000800040e                Vector20
                0x000000000800040e                Vector18C
                0x000000000800040e                Vector174
                0x0000000008000412                _unhandled_exception
 .text          0x0000000008000414       0x32 build/obj/chcoreasm.o
                0x0000000008000414                __port_switch
                0x000000000800042c                __port_thread_start
                0x000000000800043e                __port_switch_from_isr
                0x0000000008000442                __port_exit_from_isr
 *fill*         0x0000000008000446        0x2 
 .text          0x0000000008000448      0x134 /opt/gcc-arm-none-eabi-10-2020-q4-major/bin/../lib/gcc/arm-none-eabi/10.2.1/../../../../arm-none-eabi/lib/thumb/v7e-m+dp/hard/libg.a(lib_a-memcpy.o)
                0x0000000008000448                memcpy
 .text          0x000000000800057c       0x30 /opt/gcc-arm-none-eabi-10-2020-q4-major/bin/../lib/gcc/arm-none-eabi/10.2.1/thumb/v7e-m+dp/hard/libgcc.a(_aeabi_uldivmod.o)
                0x000000000800057c                __aeabi_uldivmod
 .text          0x00000000080005ac      0x2d0 /opt/gcc-arm-none-eabi-10-2020-q4-major/bin/../lib/gcc/arm-none-eabi/10.2.1/thumb/v7e-m+dp/hard/libgcc.a(_udivmoddi4.o)
                0x00000000080005ac                __udivmoddi4
 .text          0x000000000800087c        0x4 /opt/gcc-arm-none-eabi-10-2020-q4-major/bin/../lib/gcc/arm-none-eabi/10.2.1/thumb/v7e-m+dp/hard/libgcc.a(_dvmd_tls.o)
                0x000000000800087c                __aeabi_ldiv0
                0x000000000800087c                __aeabi_idiv0
 *(.text.*)
 .text._ctl     0x0000000008000880        0xc /tmp/BPRL.elf.SPM9rH.ltrans0.ltrans.o
 *fill*         0x000000000800088c        0x4 
 .text.spiSelect
                0x0000000008000890       0x1c /tmp/BPRL.elf.SPM9rH.ltrans0.ltrans.o
 *fill*         0x00000000080008ac        0x4 
 .text.spiUnselect
                0x00000000080008b0       0x1c /tmp/BPRL.elf.SPM9rH.ltrans0.ltrans.o
 *fill*         0x00000000080008cc        0x4 
 .text._pal_lld_setgroupmode
                0x00000000080008d0       0xe0 /tmp/BPRL.elf.SPM9rH.ltrans0.ltrans.o
 .text.notify3  0x00000000080009b0       0x10 /tmp/BPRL.elf.SPM9rH.ltrans0.ltrans.o
 .text.__idle_thread
                0x00000000080009c0        0x4 /tmp/BPRL.elf.SPM9rH.ltrans0.ltrans.o
 *fill*         0x00000000080009c4        0xc 
 .text.chTMStartMeasurementX
                0x00000000080009d0        0xc /tmp/BPRL.elf.SPM9rH.ltrans0.ltrans.o
 *fill*         0x00000000080009dc        0x4 
 .text.chTMStopMeasurementX
                0x00000000080009e0       0x44 /tmp/BPRL.elf.SPM9rH.ltrans0.ltrans.o
 *fill*         0x0000000008000a24        0xc 
 .text.chCoreAllocFromTop
                0x0000000008000a30       0x40 /tmp/BPRL.elf.SPM9rH.ltrans0.ltrans.o
 .text.chCoreAllocAlignedI
                0x0000000008000a70       0x20 /tmp/BPRL.elf.SPM9rH.ltrans0.ltrans.o
 .text._ZN3PID6updateEf
                0x0000000008000a90      0x13c /tmp/BPRL.elf.SPM9rH.ltrans0.ltrans.o
 *fill*         0x0000000008000bcc        0x4 
 .text.dmaStreamAllocI.constprop.0
                0x0000000008000bd0       0xd8 /tmp/BPRL.elf.SPM9rH.ltrans0.ltrans.o
 *fill*         0x0000000008000ca8        0x8 
 .text.spi_lld_start
                0x0000000008000cb0      0x1b0 /tmp/BPRL.elf.SPM9rH.ltrans0.ltrans.o
 .text.trace_next.constprop.0
                0x0000000008000e60       0x3c /tmp/BPRL.elf.SPM9rH.ltrans0.ltrans.o
 *fill*         0x0000000008000e9c        0x4 
 .text.chSysHalt.constprop.0
                0x0000000008000ea0       0x3c /tmp/BPRL.elf.SPM9rH.ltrans0.ltrans.o
 *fill*         0x0000000008000edc        0x4 
 .text.spi_lld_serve_dma_tx_interrupt
                0x0000000008000ee0       0x10 /tmp/BPRL.elf.SPM9rH.ltrans0.ltrans.o
 .text.__sch_ready_ahead
                0x0000000008000ef0       0x50 /tmp/BPRL.elf.SPM9rH.ltrans0.ltrans.o
 .text.__sch_ready_behind.isra.0
                0x0000000008000f40       0x4c /tmp/BPRL.elf.SPM9rH.ltrans0.ltrans.o
 *fill*         0x0000000008000f8c        0x4 
 .text.spi_lld_serve_dma_rx_interrupt
                0x0000000008000f90       0xc8 /tmp/BPRL.elf.SPM9rH.ltrans0.ltrans.o
 *fill*         0x0000000008001058        0x8 
 .text.chEvtBroadcastFlagsI
                0x0000000008001060       0x58 /tmp/BPRL.elf.SPM9rH.ltrans0.ltrans.o
 *fill*         0x00000000080010b8        0x8 
 .text.__sch_wakeup
                0x00000000080010c0       0x94 /tmp/BPRL.elf.SPM9rH.ltrans0.ltrans.o
 *fill*         0x0000000008001154        0xc 
 .text.chThdDequeueAllI.constprop.0
                0x0000000008001160       0x64 /tmp/BPRL.elf.SPM9rH.ltrans0.ltrans.o
 *fill*         0x00000000080011c4        0xc 
 .text.vt_insert_first.constprop.0
                0x00000000080011d0       0x60 /tmp/BPRL.elf.SPM9rH.ltrans0.ltrans.o
 .text.chSchGoSleepS
                0x0000000008001230       0x58 /tmp/BPRL.elf.SPM9rH.ltrans0.ltrans.o
 *fill*         0x0000000008001288        0x8 
 .text.chSchGoSleepTimeoutS
                0x0000000008001290      0x164 /tmp/BPRL.elf.SPM9rH.ltrans0.ltrans.o
 *fill*         0x00000000080013f4        0xc 
 .text.iqReadTimeout
                0x0000000008001400       0xf4 /tmp/BPRL.elf.SPM9rH.ltrans0.ltrans.o
 *fill*         0x00000000080014f4        0xc 
 .text._read    0x0000000008001500        0xc /tmp/BPRL.elf.SPM9rH.ltrans0.ltrans.o
 *fill*         0x000000000800150c        0x4 
 .text._readt   0x0000000008001510        0x8 /tmp/BPRL.elf.SPM9rH.ltrans0.ltrans.o
 *fill*         0x0000000008001518        0x8 
 .text.iqGetTimeout
                0x0000000008001520       0x6c /tmp/BPRL.elf.SPM9rH.ltrans0.ltrans.o
 *fill*         0x000000000800158c        0x4 
 .text._get     0x0000000008001590        0xc /tmp/BPRL.elf.SPM9rH.ltrans0.ltrans.o
 *fill*         0x000000000800159c        0x4 
 .text._gett    0x00000000080015a0        0x8 /tmp/BPRL.elf.SPM9rH.ltrans0.ltrans.o
 *fill*         0x00000000080015a8        0x8 
 .text.oqPutTimeout
                0x00000000080015b0       0x78 /tmp/BPRL.elf.SPM9rH.ltrans0.ltrans.o
 *fill*         0x0000000008001628        0x8 
 .text._put     0x0000000008001630        0xc /tmp/BPRL.elf.SPM9rH.ltrans0.ltrans.o
 *fill*         0x000000000800163c        0x4 
 .text._putt    0x0000000008001640        0x8 /tmp/BPRL.elf.SPM9rH.ltrans0.ltrans.o
 *fill*         0x0000000008001648        0x8 
 .text.oqWriteTimeout
                0x0000000008001650       0xf4 /tmp/BPRL.elf.SPM9rH.ltrans0.ltrans.o
 *fill*         0x0000000008001744        0xc 
 .text._write   0x0000000008001750        0xc /tmp/BPRL.elf.SPM9rH.ltrans0.ltrans.o
 *fill*         0x000000000800175c        0x4 
 .text._writet  0x0000000008001760        0x8 /tmp/BPRL.elf.SPM9rH.ltrans0.ltrans.o
 *fill*         0x0000000008001768        0x8 
 .text.chThdSleep
                0x0000000008001770       0x18 /tmp/BPRL.elf.SPM9rH.ltrans0.ltrans.o
 *fill*         0x0000000008001788        0x8 
 .text._ZL9CANThreadPv
                0x0000000008001790       0x48 /tmp/BPRL.elf.SPM9rH.ltrans0.ltrans.o
 *fill*         0x00000000080017d8        0x8 
 .text._ZL9I2CThreadPv
                0x00000000080017e0       0x48 /tmp/BPRL.elf.SPM9rH.ltrans0.ltrans.o
 *fill*         0x0000000008001828        0x8 
 .text._ZL11HouseThreadPv
                0x0000000008001830       0x38 /tmp/BPRL.elf.SPM9rH.ltrans0.ltrans.o
 *fill*         0x0000000008001868        0x8 
 .text.spiExchange
                0x0000000008001870       0x84 /tmp/BPRL.elf.SPM9rH.ltrans0.ltrans.o
 *fill*         0x00000000080018f4        0xc 
 .text.chMtxLockS
                0x0000000008001900       0xc4 /tmp/BPRL.elf.SPM9rH.ltrans0.ltrans.o
 *fill*         0x00000000080019c4        0xc 
 .text.chMtxLock
                0x00000000080019d0       0x14 /tmp/BPRL.elf.SPM9rH.ltrans0.ltrans.o
 *fill*         0x00000000080019e4        0xc 
 .text.spiSend.constprop.0
                0x00000000080019f0       0x88 /tmp/BPRL.elf.SPM9rH.ltrans0.ltrans.o
 *fill*         0x0000000008001a78        0x8 
 .text.chThdCreateStatic.constprop.0.isra.0
                0x0000000008001a80       0xc0 /tmp/BPRL.elf.SPM9rH.ltrans0.ltrans.o
 .text.__port_irq_epilogue.part.0
                0x0000000008001b40       0x48 /tmp/BPRL.elf.SPM9rH.ltrans0.ltrans.o
 *fill*         0x0000000008001b88        0x8 
 .text.__cpu_init
                0x0000000008001b90       0x80 /tmp/BPRL.elf.SPM9rH.ltrans0.ltrans.o
                0x0000000008001b90                __cpu_init
 .text.__early_init
                0x0000000008001c10        0x4 /tmp/BPRL.elf.SPM9rH.ltrans0.ltrans.o
                0x0000000008001c10                __early_init
 *fill*         0x0000000008001c14        0xc 
 .text.__late_init
                0x0000000008001c20        0x4 /tmp/BPRL.elf.SPM9rH.ltrans0.ltrans.o
                0x0000000008001c20                __late_init
 *fill*         0x0000000008001c24        0xc 
 .text.__default_exit
                0x0000000008001c30        0x4 /tmp/BPRL.elf.SPM9rH.ltrans0.ltrans.o
                0x0000000008001c30                __default_exit
 *fill*         0x0000000008001c34        0xc 
 .text.__init_ram_areas
                0x0000000008001c40       0xc8 /tmp/BPRL.elf.SPM9rH.ltrans0.ltrans.o
                0x0000000008001c40                __init_ram_areas
 *fill*         0x0000000008001d08        0x8 
 .text.Vector8C
                0x0000000008001d10      0x12c /tmp/BPRL.elf.SPM9rH.ltrans0.ltrans.o
                0x0000000008001d10                Vector8C
 *fill*         0x0000000008001e3c        0x4 
 .text.VectorDC
                0x0000000008001e40      0x248 /tmp/BPRL.elf.SPM9rH.ltrans0.ltrans.o
                0x0000000008001e40                VectorDC
 *fill*         0x0000000008002088        0x8 
 .text.VectorB0
                0x0000000008002090      0x194 /tmp/BPRL.elf.SPM9rH.ltrans0.ltrans.o
                0x0000000008002090                VectorB0
 *fill*         0x0000000008002224        0xc 
 .text.Vector6C
                0x0000000008002230       0x98 /tmp/BPRL.elf.SPM9rH.ltrans0.ltrans.o
                0x0000000008002230                Vector6C
 *fill*         0x00000000080022c8        0x8 
 .text.Vector70
                0x00000000080022d0       0x9c /tmp/BPRL.elf.SPM9rH.ltrans0.ltrans.o
                0x00000000080022d0                Vector70
 *fill*         0x000000000800236c        0x4 
 .text.Vector74
                0x0000000008002370       0x9c /tmp/BPRL.elf.SPM9rH.ltrans0.ltrans.o
                0x0000000008002370                Vector74
 *fill*         0x000000000800240c        0x4 
 .text.Vector78
                0x0000000008002410       0x9c /tmp/BPRL.elf.SPM9rH.ltrans0.ltrans.o
                0x0000000008002410                Vector78
 *fill*         0x00000000080024ac        0x4 
 .text.Vector7C
                0x00000000080024b0       0x98 /tmp/BPRL.elf.SPM9rH.ltrans0.ltrans.o
                0x00000000080024b0                Vector7C
 *fill*         0x0000000008002548        0x8 
 .text.Vector80
                0x0000000008002550       0x9c /tmp/BPRL.elf.SPM9rH.ltrans0.ltrans.o
                0x0000000008002550                Vector80
 *fill*         0x00000000080025ec        0x4 
 .text.Vector84
                0x00000000080025f0       0x9c /tmp/BPRL.elf.SPM9rH.ltrans0.ltrans.o
                0x00000000080025f0                Vector84
 *fill*         0x000000000800268c        0x4 
 .text.VectorFC
                0x0000000008002690       0x9c /tmp/BPRL.elf.SPM9rH.ltrans0.ltrans.o
                0x0000000008002690                VectorFC
 *fill*         0x000000000800272c        0x4 
 .text.Vector120
                0x0000000008002730       0x98 /tmp/BPRL.elf.SPM9rH.ltrans0.ltrans.o
                0x0000000008002730                Vector120
 *fill*         0x00000000080027c8        0x8 
 .text.Vector124
                0x00000000080027d0       0x9c /tmp/BPRL.elf.SPM9rH.ltrans0.ltrans.o
                0x00000000080027d0                Vector124
 *fill*         0x000000000800286c        0x4 
 .text.Vector128
                0x0000000008002870       0x9c /tmp/BPRL.elf.SPM9rH.ltrans0.ltrans.o
                0x0000000008002870                Vector128
 *fill*         0x000000000800290c        0x4 
 .text.Vector12C
                0x0000000008002910       0x9c /tmp/BPRL.elf.SPM9rH.ltrans0.ltrans.o
                0x0000000008002910                Vector12C
 *fill*         0x00000000080029ac        0x4 
 .text.Vector130
                0x00000000080029b0       0x98 /tmp/BPRL.elf.SPM9rH.ltrans0.ltrans.o
                0x00000000080029b0                Vector130
 *fill*         0x0000000008002a48        0x8 
 .text.Vector150
                0x0000000008002a50       0x9c /tmp/BPRL.elf.SPM9rH.ltrans0.ltrans.o
                0x0000000008002a50                Vector150
 *fill*         0x0000000008002aec        0x4 
 .text.Vector154
                0x0000000008002af0       0x9c /tmp/BPRL.elf.SPM9rH.ltrans0.ltrans.o
                0x0000000008002af0                Vector154
 *fill*         0x0000000008002b8c        0x4 
 .text.Vector158
                0x0000000008002b90       0x9c /tmp/BPRL.elf.SPM9rH.ltrans0.ltrans.o
                0x0000000008002b90                Vector158
 *fill*         0x0000000008002c2c        0x4 
 .text.VectorCC
                0x0000000008002c30       0x94 /tmp/BPRL.elf.SPM9rH.ltrans0.ltrans.o
                0x0000000008002c30                VectorCC
 *fill*         0x0000000008002cc4        0xc 
 .text.Vector190
                0x0000000008002cd0       0x94 /tmp/BPRL.elf.SPM9rH.ltrans0.ltrans.o
                0x0000000008002cd0                Vector190
 *fill*         0x0000000008002d64        0xc 
 .text.__sch_reschedule_ahead
                0x0000000008002d70       0x5c /tmp/BPRL.elf.SPM9rH.ltrans0.ltrans.o
                0x0000000008002d70                chSchDoPreemption
 *fill*         0x0000000008002dcc        0x4 
 .text.chMtxUnlock
                0x0000000008002dd0       0x70 /tmp/BPRL.elf.SPM9rH.ltrans0.ltrans.o
 .text._ZN8ICM209489reg_writeEhh
                0x0000000008002e40       0x6c /tmp/BPRL.elf.SPM9rH.ltrans0.ltrans.o
 *fill*         0x0000000008002eac        0x4 
 .text._ZL14StateEstThreadPv
                0x0000000008002eb0       0xf4 /tmp/BPRL.elf.SPM9rH.ltrans0.ltrans.o
 *fill*         0x0000000008002fa4        0xc 
 .text._ZL13ControlThreadPv
                0x0000000008002fb0      0x108 /tmp/BPRL.elf.SPM9rH.ltrans0.ltrans.o
 *fill*         0x00000000080030b8        0x8 
 .text._ZL11RadioThreadPv
                0x00000000080030c0       0xd4 /tmp/BPRL.elf.SPM9rH.ltrans0.ltrans.o
 *fill*         0x0000000008003194        0xc 
 .text._ZN8ICM209488set_bankEh
                0x00000000080031a0       0xa8 /tmp/BPRL.elf.SPM9rH.ltrans0.ltrans.o
 *fill*         0x0000000008003248        0x8 
 .text._ZN8ICM209484readEPfS0_.part.0
                0x0000000008003250      0x174 /tmp/BPRL.elf.SPM9rH.ltrans0.ltrans.o
 *fill*         0x00000000080033c4        0xc 
 .text._ZN8ICM206029reg_writeEhh.constprop.0
                0x00000000080033d0       0x70 /tmp/BPRL.elf.SPM9rH.ltrans0.ltrans.o
 .text._ZN8ICM209484initEP14hal_spi_driverPK14hal_spi_configS4_.isra.0
                0x0000000008003440      0x114 /tmp/BPRL.elf.SPM9rH.ltrans0.ltrans.o
 *fill*         0x0000000008003554        0xc 
 .text._ZL9SPIThreadPv
                0x0000000008003560      0x3b0 /tmp/BPRL.elf.SPM9rH.ltrans0.ltrans.o
 .text.chThdExit
                0x0000000008003910       0x58 /tmp/BPRL.elf.SPM9rH.ltrans0.ltrans.o
                0x0000000008003910                chThdExit
 *fill*         0x0000000008003968        0x8 
 .text.SVC_Handler
                0x0000000008003970       0x20 /tmp/BPRL.elf.SPM9rH.ltrans0.ltrans.o
                0x0000000008003970                SVC_Handler
 .text.startup.main
                0x0000000008003990      0x6dc /tmp/BPRL.elf.SPM9rH.ltrans0.ltrans.o
                0x0000000008003990                main
 *fill*         0x000000000800406c        0x4 
 .text.startup._GLOBAL__sub_I__Z17bprl_can_registermPFvRK10CANRxFramePvES2_
                0x0000000008004070      0x108 /tmp/BPRL.elf.SPM9rH.ltrans0.ltrans.o
 .text.memset   0x0000000008004178       0xa4 /opt/gcc-arm-none-eabi-10-2020-q4-major/bin/../lib/gcc/arm-none-eabi/10.2.1/../../../../arm-none-eabi/lib/thumb/v7e-m+dp/hard/libg.a(lib_a-memset.o)
                0x0000000008004178                memset
 *(.glue_7t)
 .glue_7t       0x000000000800421c        0x0 linker stubs
 *(.glue_7)
 .glue_7        0x000000000800421c        0x0 linker stubs
 *(.gcc*)
                0x000000000800421c                __text_end__ = .

.vfp11_veneer   0x000000000800421c        0x0
 .vfp11_veneer  0x000000000800421c        0x0 linker stubs

.v4_bx          0x000000000800421c        0x0
 .v4_bx         0x000000000800421c        0x0 linker stubs

.iplt           0x000000000800421c        0x0
 .iplt          0x000000000800421c        0x0 build/obj/crt0_v7m.o

.rodata         0x000000000800421c      0x3ec
                0x000000000800421c                __rodata_base__ = .
 *(.rodata)
 *(.rodata.*)
 .rodata.chSysHalt.constprop.0.str1.4
                0x000000000800421c        0xc /tmp/BPRL.elf.SPM9rH.ltrans0.ltrans.o
 .rodata._ZL9CANThreadPv.str1.4
                0x0000000008004228        0x4 /tmp/BPRL.elf.SPM9rH.ltrans0.ltrans.o
 .rodata._ZL9I2CThreadPv.str1.4
                0x000000000800422c        0x4 /tmp/BPRL.elf.SPM9rH.ltrans0.ltrans.o
 .rodata._ZL11HouseThreadPv.str1.4
                0x0000000008004230        0x6 /tmp/BPRL.elf.SPM9rH.ltrans0.ltrans.o
 *fill*         0x0000000008004236        0x2 
 .rodata.chThdCreateStatic.constprop.0.isra.0.str1.4
                0x0000000008004238        0x7 /tmp/BPRL.elf.SPM9rH.ltrans0.ltrans.o
 *fill*         0x000000000800423f        0x1 
 .rodata._ZL14StateEstThreadPv.str1.4
                0x0000000008004240        0x4 /tmp/BPRL.elf.SPM9rH.ltrans0.ltrans.o
 .rodata._ZL13ControlThreadPv.str1.4
                0x0000000008004244        0x5 /tmp/BPRL.elf.SPM9rH.ltrans0.ltrans.o
 *fill*         0x0000000008004249        0x3 
 .rodata._ZL11RadioThreadPv.str1.4
                0x000000000800424c        0x6 /tmp/BPRL.elf.SPM9rH.ltrans0.ltrans.o
 *fill*         0x0000000008004252        0x2 
 .rodata._ZL9SPIThreadPv.str1.4
                0x0000000008004254        0x4 /tmp/BPRL.elf.SPM9rH.ltrans0.ltrans.o
 .rodata.main.str1.4
                0x0000000008004258        0x5 /tmp/BPRL.elf.SPM9rH.ltrans0.ltrans.o
 *fill*         0x000000000800425d        0x3 
 .rodata.str1.4
                0x0000000008004260        0x3 /tmp/BPRL.elf.SPM9rH.ltrans0.ltrans.o
 *fill*         0x0000000008004263        0x1 
 .rodata._ZL13imu1_spi_fast
                0x0000000008004264       0x20 /tmp/BPRL.elf.SPM9rH.ltrans0.ltrans.o
 .rodata._ZL13imu1_spi_init
                0x0000000008004284       0x20 /tmp/BPRL.elf.SPM9rH.ltrans0.ltrans.o
 .rodata._ZL13imu2_spi_fast
                0x00000000080042a4       0x20 /tmp/BPRL.elf.SPM9rH.ltrans0.ltrans.o
 .rodata._ZL13imu2_spi_init
                0x00000000080042c4       0x20 /tmp/BPRL.elf.SPM9rH.ltrans0.ltrans.o
 .rodata._ZL13imu3_spi_fast
                0x00000000080042e4       0x20 /tmp/BPRL.elf.SPM9rH.ltrans0.ltrans.o
 .rodata._ZL13imu3_spi_init
                0x0000000008004304       0x20 /tmp/BPRL.elf.SPM9rH.ltrans0.ltrans.o
 .rodata.__func__.0.lto_priv.0
                0x0000000008004324        0x9 /tmp/BPRL.elf.SPM9rH.ltrans0.ltrans.o
 *fill*         0x000000000800432d        0x3 
 .rodata.__func__.0.lto_priv.1
                0x0000000008004330        0xa /tmp/BPRL.elf.SPM9rH.ltrans0.ltrans.o
 *fill*         0x000000000800433a        0x2 
 .rodata.__func__.0.lto_priv.2
                0x000000000800433c        0xa /tmp/BPRL.elf.SPM9rH.ltrans0.ltrans.o
 *fill*         0x0000000008004346        0x2 
 .rodata.__func__.1.lto_priv.0
                0x0000000008004348        0x9 /tmp/BPRL.elf.SPM9rH.ltrans0.ltrans.o
 *fill*         0x0000000008004351        0x3 
 .rodata.__func__.1.lto_priv.1
                0x0000000008004354        0xa /tmp/BPRL.elf.SPM9rH.ltrans0.ltrans.o
 *fill*         0x000000000800435e        0x2 
 .rodata.__func__.1.lto_priv.2
                0x0000000008004360        0x9 /tmp/BPRL.elf.SPM9rH.ltrans0.ltrans.o
 *fill*         0x0000000008004369        0x3 
 .rodata.__func__.10
                0x000000000800436c        0x9 /tmp/BPRL.elf.SPM9rH.ltrans0.ltrans.o
 *fill*         0x0000000008004375        0x3 
 .rodata.__func__.11
                0x0000000008004378        0x9 /tmp/BPRL.elf.SPM9rH.ltrans0.ltrans.o
 *fill*         0x0000000008004381        0x3 
 .rodata.__func__.12
                0x0000000008004384        0x9 /tmp/BPRL.elf.SPM9rH.ltrans0.ltrans.o
 *fill*         0x000000000800438d        0x3 
 .rodata.__func__.13
                0x0000000008004390        0x9 /tmp/BPRL.elf.SPM9rH.ltrans0.ltrans.o
 *fill*         0x0000000008004399        0x3 
 .rodata.__func__.14
                0x000000000800439c        0x9 /tmp/BPRL.elf.SPM9rH.ltrans0.ltrans.o
 *fill*         0x00000000080043a5        0x3 
 .rodata.__func__.15
                0x00000000080043a8        0x9 /tmp/BPRL.elf.SPM9rH.ltrans0.ltrans.o
 *fill*         0x00000000080043b1        0x3 
 .rodata.__func__.2.lto_priv.0
                0x00000000080043b4        0x9 /tmp/BPRL.elf.SPM9rH.ltrans0.ltrans.o
 *fill*         0x00000000080043bd        0x3 
 .rodata.__func__.2.lto_priv.1
                0x00000000080043c0        0xa /tmp/BPRL.elf.SPM9rH.ltrans0.ltrans.o
 *fill*         0x00000000080043ca        0x2 
 .rodata.__func__.3
                0x00000000080043cc        0xa /tmp/BPRL.elf.SPM9rH.ltrans0.ltrans.o
 *fill*         0x00000000080043d6        0x2 
 .rodata.__func__.4
                0x00000000080043d8        0xa /tmp/BPRL.elf.SPM9rH.ltrans0.ltrans.o
 *fill*         0x00000000080043e2        0x2 
 .rodata.__func__.5
                0x00000000080043e4        0xa /tmp/BPRL.elf.SPM9rH.ltrans0.ltrans.o
 *fill*         0x00000000080043ee        0x2 
 .rodata.__func__.6
                0x00000000080043f0        0xa /tmp/BPRL.elf.SPM9rH.ltrans0.ltrans.o
 *fill*         0x00000000080043fa        0x2 
 .rodata.__func__.7
                0x00000000080043fc        0xa /tmp/BPRL.elf.SPM9rH.ltrans0.ltrans.o
 *fill*         0x0000000008004406        0x2 
 .rodata.__func__.8
                0x0000000008004408        0x9 /tmp/BPRL.elf.SPM9rH.ltrans0.ltrans.o
 *fill*         0x0000000008004411        0x3 
 .rodata.__func__.9
                0x0000000008004414        0x9 /tmp/BPRL.elf.SPM9rH.ltrans0.ltrans.o
 *fill*         0x000000000800441d        0x3 
 .rodata._stm32_dma_streams
                0x0000000008004420      0x100 /tmp/BPRL.elf.SPM9rH.ltrans0.ltrans.o
 .rodata.ch_core0_cfg
                0x0000000008004520       0x14 /tmp/BPRL.elf.SPM9rH.ltrans0.ltrans.o
 .rodata.ch_debug
                0x0000000008004534       0x2c /tmp/BPRL.elf.SPM9rH.ltrans0.ltrans.o
 .rodata.ram_areas
                0x0000000008004560       0x80 /tmp/BPRL.elf.SPM9rH.ltrans0.ltrans.o
 .rodata.vmt    0x00000000080045e0       0x28 /tmp/BPRL.elf.SPM9rH.ltrans0.ltrans.o
                0x0000000008004608                . = ALIGN (0x4)
                0x0000000008004608                __rodata_end__ = .

.ARM.extab
 *(.ARM.extab* .gnu.linkonce.armextab.*)

.ARM.exidx      0x0000000008004608        0x8
                0x0000000008004608                __exidx_base__ = .
                0x0000000008004608                __exidx_start = .
 *(.ARM.exidx* .gnu.linkonce.armexidx.*)
 .ARM.exidx.text._ZN3PID6updateEf
                0x0000000008004610        0x0 /tmp/BPRL.elf.SPM9rH.ltrans0.ltrans.o
                                          0x8 (size before relaxing)
 .ARM.exidx.text._ZL9CANThreadPv
                0x0000000008004610        0x0 /tmp/BPRL.elf.SPM9rH.ltrans0.ltrans.o
                                          0x8 (size before relaxing)
 .ARM.exidx.text._ZL9I2CThreadPv
                0x0000000008004610        0x0 /tmp/BPRL.elf.SPM9rH.ltrans0.ltrans.o
                                          0x8 (size before relaxing)
 .ARM.exidx.text._ZL11HouseThreadPv
                0x0000000008004610        0x0 /tmp/BPRL.elf.SPM9rH.ltrans0.ltrans.o
                                          0x8 (size before relaxing)
 .ARM.exidx.text._ZN8ICM209489reg_writeEhh
                0x0000000008004610        0x0 /tmp/BPRL.elf.SPM9rH.ltrans0.ltrans.o
                                          0x8 (size before relaxing)
 .ARM.exidx.text._ZL14StateEstThreadPv
                0x0000000008004610        0x0 /tmp/BPRL.elf.SPM9rH.ltrans0.ltrans.o
                                          0x8 (size before relaxing)
 .ARM.exidx.text._ZL13ControlThreadPv
                0x0000000008004610        0x0 /tmp/BPRL.elf.SPM9rH.ltrans0.ltrans.o
                                          0x8 (size before relaxing)
 .ARM.exidx.text._ZL11RadioThreadPv
                0x0000000008004610        0x0 /tmp/BPRL.elf.SPM9rH.ltrans0.ltrans.o
                                          0x8 (size before relaxing)
 .ARM.exidx.text._ZN8ICM209488set_bankEh
                0x0000000008004610        0x0 /tmp/BPRL.elf.SPM9rH.ltrans0.ltrans.o
                                          0x8 (size before relaxing)
 .ARM.exidx.text._ZN8ICM209484readEPfS0_.part.0
                0x0000000008004610        0x0 /tmp/BPRL.elf.SPM9rH.ltrans0.ltrans.o
                                          0x8 (size before relaxing)
 .ARM.exidx.text._ZN8ICM206029reg_writeEhh.constprop.0
                0x0000000008004610        0x0 /tmp/BPRL.elf.SPM9rH.ltrans0.ltrans.o
                                          0x8 (size before relaxing)
 .ARM.exidx.text._ZN8ICM209484initEP14hal_spi_driverPK14hal_spi_configS4_.isra.0
                0x0000000008004610        0x0 /tmp/BPRL.elf.SPM9rH.ltrans0.ltrans.o
                                          0x8 (size before relaxing)
 .ARM.exidx.text._ZL9SPIThreadPv
                0x0000000008004610        0x0 /tmp/BPRL.elf.SPM9rH.ltrans0.ltrans.o
                                          0x8 (size before relaxing)
 .ARM.exidx.text.startup.main
                0x0000000008004610        0x0 /tmp/BPRL.elf.SPM9rH.ltrans0.ltrans.o
                                          0x8 (size before relaxing)
 .ARM.exidx.text.startup._GLOBAL__sub_I__Z17bprl_can_registermPFvRK10CANRxFramePvES2_
                0x0000000008004610        0x0 /tmp/BPRL.elf.SPM9rH.ltrans0.ltrans.o
                                          0x8 (size before relaxing)
 .ARM.exidx     0x0000000008004608        0x8 /opt/gcc-arm-none-eabi-10-2020-q4-major/bin/../lib/gcc/arm-none-eabi/10.2.1/thumb/v7e-m+dp/hard/libgcc.a(_udivmoddi4.o)
                0x0000000008004610                __exidx_end__ = .
                0x0000000008004610                __exidx_end = .

.rel.dyn        0x0000000008004610        0x0
 .rel.iplt      0x0000000008004610        0x0 build/obj/crt0_v7m.o

.eh_frame_hdr
 *(.eh_frame_hdr)

.eh_frame
 *(.eh_frame)

.data           0x0000000024000000       0x30 load address 0x0000000008004610
                [!provide]                        PROVIDE (_textdata = LOADADDR (.data))
                [!provide]                        PROVIDE (_data = .)
                0x0000000008004610                __textdata_base__ = LOADADDR (.data)
                0x0000000024000000                __data_base__ = .
 *(.data)
 *(.data.*)
 .data._ZL11can_imu_mtx
                0x0000000024000000       0x10 /tmp/BPRL.elf.SPM9rH.ltrans0.ltrans.o
 .data._ZL7imu_mtx
                0x0000000024000010       0x10 /tmp/BPRL.elf.SPM9rH.ltrans0.ltrans.o
 .data._ZL9state_mtx
                0x0000000024000020       0x10 /tmp/BPRL.elf.SPM9rH.ltrans0.ltrans.o
 *(.ramtext)
                0x0000000024000030                . = ALIGN (0x4)
                [!provide]                        PROVIDE (_edata = .)
                0x0000000024000030                __data_end__ = .

.igot.plt       0x0000000024000030        0x0 load address 0x0000000008004640
 .igot.plt      0x0000000024000030        0x0 build/obj/crt0_v7m.o

.bss            0x0000000024000040     0x4768 load address 0x0000000008004640
                0x0000000024000040                __bss_base__ = .
 *(.bss)
 *(.bss.*)
 .bss.CAND1     0x0000000024000040       0x34 /tmp/BPRL.elf.SPM9rH.ltrans0.ltrans.o
 .bss.SD3       0x0000000024000074       0x64 /tmp/BPRL.elf.SPM9rH.ltrans0.ltrans.o
 .bss.SPID1     0x00000000240000d8       0x30 /tmp/BPRL.elf.SPM9rH.ltrans0.ltrans.o
 .bss.SPID4     0x0000000024000108       0x30 /tmp/BPRL.elf.SPM9rH.ltrans0.ltrans.o
 .bss._ZL10waStateEst
                0x0000000024000138      0x9c0 /tmp/BPRL.elf.SPM9rH.ltrans0.ltrans.o
 *fill*         0x0000000024000af8        0x8 
 .bss._ZL4imu1  0x0000000024000b00       0x60 /tmp/BPRL.elf.SPM9rH.ltrans0.ltrans.o
 .bss._ZL4imu2  0x0000000024000b60       0x60 /tmp/BPRL.elf.SPM9rH.ltrans0.ltrans.o
 .bss._ZL4imu3  0x0000000024000bc0       0x60 /tmp/BPRL.elf.SPM9rH.ltrans0.ltrans.o
 .bss._ZL5g_imu
                0x0000000024000c20       0x54 /tmp/BPRL.elf.SPM9rH.ltrans0.ltrans.o
 *fill*         0x0000000024000c74        0x4 
 .bss._ZL5waCAN
                0x0000000024000c78      0x9c0 /tmp/BPRL.elf.SPM9rH.ltrans0.ltrans.o
 .bss._ZL5waI2C
                0x0000000024001638      0x5c0 /tmp/BPRL.elf.SPM9rH.ltrans0.ltrans.o
 .bss._ZL5waSPI
                0x0000000024001bf8      0x9c0 /tmp/BPRL.elf.SPM9rH.ltrans0.ltrans.o
 .bss._ZL7g_armed
                0x00000000240025b8        0x1 /tmp/BPRL.elf.SPM9rH.ltrans0.ltrans.o
 *fill*         0x00000000240025b9        0x3 
 .bss._ZL7g_input
                0x00000000240025bc       0x10 /tmp/BPRL.elf.SPM9rH.ltrans0.ltrans.o
 .bss._ZL7g_state
                0x00000000240025cc       0x24 /tmp/BPRL.elf.SPM9rH.ltrans0.ltrans.o
 .bss._ZL7waHouse
                0x00000000240025f0      0x5c0 /tmp/BPRL.elf.SPM9rH.ltrans0.ltrans.o
 .bss._ZL7waRadio
                0x0000000024002bb0      0x5c0 /tmp/BPRL.elf.SPM9rH.ltrans0.ltrans.o
 .bss._ZL8att_ctrl
                0x0000000024003170       0xc8 /tmp/BPRL.elf.SPM9rH.ltrans0.ltrans.o
 .bss._ZL9waControl
                0x0000000024003238      0x9c0 /tmp/BPRL.elf.SPM9rH.ltrans0.ltrans.o
 .bss.ch0       0x0000000024003bf8      0x890 /tmp/BPRL.elf.SPM9rH.ltrans0.ltrans.o
 .bss.ch_c0_idle_thread_wa
                0x0000000024004488      0x200 /tmp/BPRL.elf.SPM9rH.ltrans0.ltrans.o
 .bss.ch_factory
                0x0000000024004688       0x48 /tmp/BPRL.elf.SPM9rH.ltrans0.ltrans.o
 .bss.ch_memcore
                0x00000000240046d0        0x8 /tmp/BPRL.elf.SPM9rH.ltrans0.ltrans.o
 .bss.ch_system
                0x00000000240046d8        0xc /tmp/BPRL.elf.SPM9rH.ltrans0.ltrans.o
 .bss.default_heap
                0x00000000240046e4       0x1c /tmp/BPRL.elf.SPM9rH.ltrans0.ltrans.o
 .bss.dma       0x0000000024004700       0x84 /tmp/BPRL.elf.SPM9rH.ltrans0.ltrans.o
 .bss.dummyrx   0x0000000024004784        0x4 /tmp/BPRL.elf.SPM9rH.ltrans0.ltrans.o
 .bss.sd_in_buf3
                0x0000000024004788       0x10 /tmp/BPRL.elf.SPM9rH.ltrans0.ltrans.o
 .bss.sd_out_buf3
                0x0000000024004798       0x10 /tmp/BPRL.elf.SPM9rH.ltrans0.ltrans.o
 *(COMMON)
                0x00000000240047a8                . = ALIGN (0x4)
                0x00000000240047a8                __bss_end__ = .
                [!provide]                        PROVIDE (end = .)
                0x0000000024000000                __ram0_base__ = ORIGIN (ram0)
                0x0000000000080000                __ram0_size__ = LENGTH (ram0)
                0x0000000024080000                __ram0_end__ = (__ram0_base__ + __ram0_size__)
                0x0000000030000000                __ram1_base__ = ORIGIN (ram1)
                0x0000000000040000                __ram1_size__ = LENGTH (ram1)
                0x0000000030040000                __ram1_end__ = (__ram1_base__ + __ram1_size__)
                0x0000000030000000                __ram2_base__ = ORIGIN (ram2)
                0x0000000000048000                __ram2_size__ = LENGTH (ram2)
                0x0000000030048000                __ram2_end__ = (__ram2_base__ + __ram2_size__)
                0x0000000030040000                __ram3_base__ = ORIGIN (ram3)
                0x0000000000008000                __ram3_size__ = LENGTH (ram3)
                0x0000000030048000                __ram3_end__ = (__ram3_base__ + __ram3_size__)
                0x0000000038000000                __ram4_base__ = ORIGIN (ram4)
                0x0000000000010000                __ram4_size__ = LENGTH (ram4)
                0x0000000038010000                __ram4_end__ = (__ram4_base__ + __ram4_size__)
                0x0000000020000000                __ram5_base__ = ORIGIN (ram5)
                0x0000000000020000                __ram5_size__ = LENGTH (ram5)
                0x0000000020020000                __ram5_end__ = (__ram5_base__ + __ram5_size__)
                0x0000000000000000                __ram6_base__ = ORIGIN (ram6)
                0x0000000000010000                __ram6_size__ = LENGTH (ram6)
                0x0000000000010000                __ram6_end__ = (__ram6_base__ + __ram6_size__)
                0x0000000038800000                __ram7_base__ = ORIGIN (ram7)
                0x0000000000001000                __ram7_size__ = LENGTH (ram7)
                0x0000000038801000                __ram7_end__ = (__ram7_base__ + __ram7_size__)
                0x0000000008000000                __flash0_base__ = ORIGIN (flash0)
                0x0000000000200000                __flash0_size__ = LENGTH (flash0)
                0x0000000008200000                __flash0_end__ = (__flash0_base__ + __flash0_size__)
                0x0000000008000000                __flash1_base__ = ORIGIN (flash1)
                0x0000000000100000                __flash1_size__ = LENGTH (flash1)
                0x0000000008100000                __flash1_end__ = (__flash1_base__ + __flash1_size__)
                0x0000000008100000                __flash2_base__ = ORIGIN (flash2)
                0x0000000000100000                __flash2_size__ = LENGTH (flash2)
                0x0000000008200000                __flash2_end__ = (__flash2_base__ + __flash2_size__)
                0x0000000000000000                __flash3_base__ = ORIGIN (flash3)
                0x0000000000000000                __flash3_size__ = LENGTH (flash3)
                0x0000000000000000                __flash3_end__ = (__flash3_base__ + __flash3_size__)
                0x0000000000000000                __flash4_base__ = ORIGIN (flash4)
                0x0000000000000000                __flash4_size__ = LENGTH (flash4)
                0x0000000000000000                __flash4_end__ = (__flash4_base__ + __flash4_size__)
                0x0000000000000000                __flash5_base__ = ORIGIN (flash5)
                0x0000000000000000                __flash5_size__ = LENGTH (flash5)
                0x0000000000000000                __flash5_end__ = (__flash5_base__ + __flash5_size__)
                0x0000000000000000                __flash6_base__ = ORIGIN (flash6)
                0x0000000000000000                __flash6_size__ = LENGTH (flash6)
                0x0000000000000000                __flash6_end__ = (__flash6_base__ + __flash6_size__)
                0x0000000000000000                __flash7_base__ = ORIGIN (flash7)
                0x0000000000000000                __flash7_size__ = LENGTH (flash7)
                0x0000000000000000                __flash7_end__ = (__flash7_base__ + __flash7_size__)

.ram0_init      0x00000000240047a8        0x0 load address 0x0000000008004640
                0x0000000008004640                __ram0_init_text__ = LOADADDR (.ram0_init)
                0x00000000240047a8                __ram0_init__ = .
 *(.ram0_init)
 *(.ram0_init.*)
                0x00000000240047a8                . = ALIGN (0x4)

.ram0           0x00000000240047a8        0x0 load address 0x0000000008004640
                0x00000000240047a8                __ram0_clear__ = .
 *(.ram0_clear)
 *(.ram0_clear.*)
                0x00000000240047a8                . = ALIGN (0x4)
                0x00000000240047a8                __ram0_noinit__ = .
 *(.ram0)
 *(.ram0.*)
                0x00000000240047a8                . = ALIGN (0x4)
                0x00000000240047a8                __ram0_free__ = .

.ram1_init      0x0000000030000000        0x0 load address 0x0000000008004640
                0x0000000008004640                __ram1_init_text__ = LOADADDR (.ram1_init)
                0x0000000030000000                __ram1_init__ = .
 *(.ram1_init)
 *(.ram1_init.*)
                0x0000000030000000                . = ALIGN (0x4)

.ram1           0x0000000030000000        0x0 load address 0x0000000008004640
                0x0000000030000000                __ram1_clear__ = .
 *(.ram1_clear)
 *(.ram1_clear.*)
                0x0000000030000000                . = ALIGN (0x4)
                0x0000000030000000                __ram1_noinit__ = .
 *(.ram1)
 *(.ram1.*)
                0x0000000030000000                . = ALIGN (0x4)
                0x0000000030000000                __ram1_free__ = .

.ram2_init      0x0000000030000000        0x0 load address 0x0000000008004640
                0x0000000008004640                __ram2_init_text__ = LOADADDR (.ram2_init)
                0x0000000030000000                __ram2_init__ = .
 *(.ram2_init)
 *(.ram2_init.*)
                0x0000000030000000                . = ALIGN (0x4)

.ram2           0x0000000030000000        0x0 load address 0x0000000008004640
                0x0000000030000000                __ram2_clear__ = .
 *(.ram2_clear)
 *(.ram2_clear.*)
                0x0000000030000000                . = ALIGN (0x4)
                0x0000000030000000                __ram2_noinit__ = .
 *(.ram2)
 *(.ram2.*)
                0x0000000030000000                . = ALIGN (0x4)
                0x0000000030000000                __ram2_free__ = .

.ram3_init      0x0000000030040000        0x0 load address 0x0000000008004640
                0x0000000008004640                __ram3_init_text__ = LOADADDR (.ram3_init)
                0x0000000030040000                __ram3_init__ = .
 *(.ram3_init)
 *(.ram3_init.*)
                0x0000000030040000                . = ALIGN (0x4)

.ram3           0x0000000030040000        0x0 load address 0x0000000008004640
                0x0000000030040000                __ram3_clear__ = .
 *(.ram3_clear)
 *(.ram3_clear.*)
                0x0000000030040000                . = ALIGN (0x4)
                0x0000000030040000                __ram3_noinit__ = .
 *(.ram3)
 *(.ram3.*)
                0x0000000030040000                . = ALIGN (0x4)
                0x0000000030040000                __ram3_free__ = .

.ram4_init      0x0000000038000000        0x0 load address 0x0000000008004640
                0x0000000008004640                __ram4_init_text__ = LOADADDR (.ram4_init)
                0x0000000038000000                __ram4_init__ = .
 *(.ram4_init)
 *(.ram4_init.*)
                0x0000000038000000                . = ALIGN (0x4)

.ram4           0x0000000038000000        0x0 load address 0x0000000008004640
                0x0000000038000000                __ram4_clear__ = .
 *(.ram4_clear)
 *(.ram4_clear.*)
                0x0000000038000000                . = ALIGN (0x4)
                0x0000000038000000                __ram4_noinit__ = .
 *(.ram4)
 *(.ram4.*)
                0x0000000038000000                . = ALIGN (0x4)
                0x0000000038000000                __ram4_free__ = .

.ram5_init      0x0000000020001000        0x0 load address 0x0000000008004640
                0x0000000008004640                __ram5_init_text__ = LOADADDR (.ram5_init)
                0x0000000020001000                __ram5_init__ = .
 *(.ram5_init)
 *(.ram5_init.*)
                0x0000000020001000                . = ALIGN (0x4)

.ram5           0x0000000020001000        0x0 load address 0x0000000008004640
                0x0000000020001000                __ram5_clear__ = .
 *(.ram5_clear)
 *(.ram5_clear.*)
                0x0000000020001000                . = ALIGN (0x4)
                0x0000000020001000                __ram5_noinit__ = .
 *(.ram5)
 *(.ram5.*)
                0x0000000020001000                . = ALIGN (0x4)
                0x0000000020001000                __ram5_free__ = .

.ram6_init      0x0000000000000000        0x0 load address 0x0000000008004640
                0x0000000008004640                __ram6_init_text__ = LOADADDR (.ram6_init)
                0x0000000000000000                __ram6_init__ = .
 *(.ram6_init)
 *(.ram6_init.*)
                0x0000000000000000                . = ALIGN (0x4)

.ram6           0x0000000000000000        0x0 load address 0x0000000008004640
                0x0000000000000000                __ram6_clear__ = .
 *(.ram6_clear)
 *(.ram6_clear.*)
                0x0000000000000000                . = ALIGN (0x4)
                0x0000000000000000                __ram6_noinit__ = .
 *(.ram6)
 *(.ram6.*)
                0x0000000000000000                . = ALIGN (0x4)
                0x0000000000000000                __ram6_free__ = .

.ram7_init      0x0000000038800000        0x0 load address 0x0000000008004640
                0x0000000008004640                __ram7_init_text__ = LOADADDR (.ram7_init)
                0x0000000038800000                __ram7_init__ = .
 *(.ram7_init)
 *(.ram7_init.*)
                0x0000000038800000                . = ALIGN (0x4)

.ram7           0x0000000038800000        0x0 load address 0x0000000008004640
                0x0000000038800000                __ram7_clear__ = .
 *(.ram7_clear)
 *(.ram7_clear.*)
                0x0000000038800000                . = ALIGN (0x4)
                0x0000000038800000                __ram7_noinit__ = .
 *(.ram7)
 *(.ram7.*)
                0x0000000038800000                . = ALIGN (0x4)
                0x0000000038800000                __ram7_free__ = .

.flash0         0x0000000008004640        0x0
                0x0000000008004640                __flash0_init__ = .
 *(.flash0_init)
 *(.flash0_init.*)
                0x0000000008004640                __flash0_free__ = .

.flash1         0x0000000008000000        0x0
                0x0000000008000000                __flash1_init__ = .
 *(.flash1_init)
 *(.flash1_init.*)
                0x0000000008000000                __flash1_free__ = .

.flash2         0x0000000008100000        0x0
                0x0000000008100000                __flash2_init__ = .
 *(.flash2_init)
 *(.flash2_init.*)
                0x0000000008100000                __flash2_free__ = .

.flash3         0x0000000000000000        0x0
                0x0000000000000000                __flash3_init__ = .
 *(.flash3_init)
 *(.flash3_init.*)
                0x0000000000000000                __flash3_free__ = .

.flash4         0x0000000000000000        0x0
                0x0000000000000000                __flash4_init__ = .
 *(.flash4_init)
 *(.flash4_init.*)
                0x0000000000000000                __flash4_free__ = .

.flash5         0x0000000000000000        0x0
                0x0000000000000000                __flash5_init__ = .
 *(.flash5_init)
 *(.flash5_init.*)
                0x0000000000000000                __flash5_free__ = .

.flash6         0x0000000000000000        0x0
                0x0000000000000000                __flash6_init__ = .
 *(.flash6_init)
 *(.flash6_init.*)
                0x0000000000000000                __flash6_free__ = .

.flash7         0x0000000000000000        0x0
                0x0000000000000000                __flash7_init__ = .
 *(.flash7_init)
 *(.flash7_init.*)
                0x0000000000000000                __flash7_free__ = .

.heap           0x00000000240047a8    0x7b858
                0x00000000240047a8                . = ALIGN (0x8)
                0x00000000240047a8                __heap_base__ = .
                0x0000000024080000                . = (ORIGIN (HEAP_RAM) + LENGTH (HEAP_RAM))
 *fill*         0x00000000240047a8    0x7b858 
                0x0000000024080000                __heap_end__ = .
                0x0000000000000800                __process_stack_size__ = 0x800
                0x0000000000000800                __main_stack_size__ = 0x800
START GROUP
LOAD /opt/gcc-arm-none-eabi-10-2020-q4-major/bin/../lib/gcc/arm-none-eabi/10.2.1/thumb/v7e-m+dp/hard/libgcc.a
LOAD /opt/gcc-arm-none-eabi-10-2020-q4-major/bin/../lib/gcc/arm-none-eabi/10.2.1/../../../../arm-none-eabi/lib/thumb/v7e-m+dp/hard/libg.a
LOAD /opt/gcc-arm-none-eabi-10-2020-q4-major/bin/../lib/gcc/arm-none-eabi/10.2.1/../../../../arm-none-eabi/lib/thumb/v7e-m+dp/hard/libc.a
END GROUP
OUTPUT(build/BPRL.elf elf32-littlearm)
LOAD linker stubs

.ARM.attributes
                0x0000000000000000       0x33
 .ARM.attributes
                0x0000000000000000       0x25 build/obj/crt0_v7m.o
 .ARM.attributes
                0x0000000000000025       0x23 build/obj/vectors.o
 .ARM.attributes
                0x0000000000000048       0x25 build/obj/chcoreasm.o
 .ARM.attributes
                0x000000000000006d       0x30 /tmp/BPRL.elf.SPM9rH.ltrans0.ltrans.o
 .ARM.attributes
                0x000000000000009d       0x1c /opt/gcc-arm-none-eabi-10-2020-q4-major/bin/../lib/gcc/arm-none-eabi/10.2.1/../../../../arm-none-eabi/lib/thumb/v7e-m+dp/hard/libg.a(lib_a-memcpy.o)
 .ARM.attributes
                0x00000000000000b9       0x32 /opt/gcc-arm-none-eabi-10-2020-q4-major/bin/../lib/gcc/arm-none-eabi/10.2.1/../../../../arm-none-eabi/lib/thumb/v7e-m+dp/hard/libg.a(lib_a-memset.o)
 .ARM.attributes
                0x00000000000000eb       0x1e /opt/gcc-arm-none-eabi-10-2020-q4-major/bin/../lib/gcc/arm-none-eabi/10.2.1/thumb/v7e-m+dp/hard/libgcc.a(_aeabi_uldivmod.o)
 .ARM.attributes
                0x0000000000000109       0x32 /opt/gcc-arm-none-eabi-10-2020-q4-major/bin/../lib/gcc/arm-none-eabi/10.2.1/thumb/v7e-m+dp/hard/libgcc.a(_udivmoddi4.o)
 .ARM.attributes
                0x000000000000013b       0x1e /opt/gcc-arm-none-eabi-10-2020-q4-major/bin/../lib/gcc/arm-none-eabi/10.2.1/thumb/v7e-m+dp/hard/libgcc.a(_dvmd_tls.o)

.comment        0x0000000000000000       0x4d
 .comment       0x0000000000000000       0x4d /tmp/BPRL.elf.SPM9rH.ltrans0.ltrans.o
                                         0x4e (size before relaxing)

.debug_line     0x0000000000000000    0x11163
 .debug_line    0x0000000000000000       0xe3 build/obj/crt0_v7m.o
 .debug_line    0x00000000000000e3       0x7a build/obj/vectors.o
 .debug_line    0x000000000000015d       0x8f build/obj/chcoreasm.o
 .debug_line    0x00000000000001ec     0xa03b /tmp/BPRL.elf.SPM9rH.ltrans0.ltrans.o
 .debug_line    0x000000000000a227      0x162 /tmp/ccHzwvC3.debug.temp.o
 .debug_line    0x000000000000a389       0x77 /tmp/ccGEzICS.debug.temp.o
 .debug_line    0x000000000000a400      0x1a5 /tmp/ccinA1l4.debug.temp.o
 .debug_line    0x000000000000a5a5      0x2a4 /tmp/cc9RJBix.debug.temp.o
 .debug_line    0x000000000000a849      0x34f /tmp/ccjLCyja.debug.temp.o
 .debug_line    0x000000000000ab98      0x3b2 /tmp/ccC9GHp1.debug.temp.o
 .debug_line    0x000000000000af4a      0x42c /tmp/ccKgFvjZ.debug.temp.o
 .debug_line    0x000000000000b376      0x147 /tmp/ccpIX4wt.debug.temp.o
 .debug_line    0x000000000000b4bd      0x756 /tmp/ccxPuN5D.debug.temp.o
 .debug_line    0x000000000000bc13      0x16a /tmp/cctDExpe.debug.temp.o
 .debug_line    0x000000000000bd7d      0x274 /tmp/ccTjYaaj.debug.temp.o
 .debug_line    0x000000000000bff1      0x390 /tmp/ccfisTem.debug.temp.o
 .debug_line    0x000000000000c381      0x12b /tmp/ccEd78pf.debug.temp.o
 .debug_line    0x000000000000c4ac      0x48e /tmp/ccMFW0si.debug.temp.o
 .debug_line    0x000000000000c93a      0x2aa /tmp/cce5Ebey.debug.temp.o
 .debug_line    0x000000000000cbe4      0x3d7 /tmp/ccwbSVJX.debug.temp.o
 .debug_line    0x000000000000cfbb      0x2eb /tmp/ccDQWwpQ.debug.temp.o
 .debug_line    0x000000000000d2a6      0x203 /tmp/ccQlHSar.debug.temp.o
 .debug_line    0x000000000000d4a9      0x29d /tmp/cchG8qGE.debug.temp.o
 .debug_line    0x000000000000d746      0x28c /tmp/ccZttTDH.debug.temp.o
 .debug_line    0x000000000000d9d2      0x255 /tmp/ccc8xDtX.debug.temp.o
 .debug_line    0x000000000000dc27      0x274 /tmp/cc9kgber.debug.temp.o
 .debug_line    0x000000000000de9b      0x2f9 /tmp/cc6m7Wji.debug.temp.o
 .debug_line    0x000000000000e194      0x252 /tmp/ccGyZK3q.debug.temp.o
 .debug_line    0x000000000000e3e6      0x2d1 /tmp/ccP6qMpG.debug.temp.o
 .debug_line    0x000000000000e6b7      0x265 /tmp/ccsGFWt9.debug.temp.o
 .debug_line    0x000000000000e91c      0x26a /tmp/ccnFCaeu.debug.temp.o
 .debug_line    0x000000000000eb86      0x231 /tmp/ccHjrxJj.debug.temp.o
 .debug_line    0x000000000000edb7      0x29c /tmp/cc6jF6vn.debug.temp.o
 .debug_line    0x000000000000f053      0x273 /tmp/ccvIQYRK.debug.temp.o
 .debug_line    0x000000000000f2c6      0x2d5 /tmp/ccQYFro6.debug.temp.o
 .debug_line    0x000000000000f59b      0x270 /tmp/cc2HlEX1.debug.temp.o
 .debug_line    0x000000000000f80b      0x13b /tmp/ccJCopDe.debug.temp.o
 .debug_line    0x000000000000f946      0x693 /tmp/ccH5Tq3J.debug.temp.o
 .debug_line    0x000000000000ffd9      0x3fe /tmp/ccHd3xBy.debug.temp.o
 .debug_line    0x00000000000103d7      0x3c8 /tmp/cciOuGTp.debug.temp.o
 .debug_line    0x000000000001079f      0x4e2 /tmp/cc5qkgot.debug.temp.o
 .debug_line    0x0000000000010c81      0x4e2 /tmp/ccxUSgcv.debug.temp.o

.debug_info     0x0000000000000000    0x3279c
 .debug_info    0x0000000000000000       0x26 build/obj/crt0_v7m.o
 .debug_info    0x0000000000000026       0x26 build/obj/vectors.o
 .debug_info    0x000000000000004c       0x26 build/obj/chcoreasm.o
 .debug_info    0x0000000000000072     0xf2f1 /tmp/BPRL.elf.SPM9rH.ltrans0.ltrans.o
 .debug_info    0x000000000000f363      0x70d /tmp/ccHzwvC3.debug.temp.o
                0x000000000000f363                crt1.c.b6de2587
 .debug_info    0x000000000000fa70       0x8a /tmp/ccGEzICS.debug.temp.o
                0x000000000000fa70                hal.c.cb4d8c38
 .debug_info    0x000000000000fafa      0x315 /tmp/ccinA1l4.debug.temp.o
                0x000000000000fafa                hal_st.c.0e4b3f24
 .debug_info    0x000000000000fe0f      0x807 /tmp/cc9RJBix.debug.temp.o
                0x000000000000fe0f                hal_queues.c.4ebce93a
 .debug_info    0x0000000000010616     0x1757 /tmp/ccjLCyja.debug.temp.o
                0x0000000000010616                hal_can.c.85456fbe
 .debug_info    0x0000000000011d6d     0x13c5 /tmp/ccC9GHp1.debug.temp.o
                0x0000000000011d6d                hal_serial.c.68b4b6f6
 .debug_info    0x0000000000013132     0x13d1 /tmp/ccKgFvjZ.debug.temp.o
                0x0000000000013132                hal_spi.c.7911137f
 .debug_info    0x0000000000014503      0x68b /tmp/ccpIX4wt.debug.temp.o
                0x0000000000014503                nvic.c.ea6e8417
 .debug_info    0x0000000000014b8e     0x16ab /tmp/ccxPuN5D.debug.temp.o
                0x0000000000014b8e                stm32_isr.c.60cc45fd
 .debug_info    0x0000000000016239      0xb5b /tmp/cctDExpe.debug.temp.o
                0x0000000000016239                hal_lld.c.b3ed5394
 .debug_info    0x0000000000016d94      0xb5a /tmp/ccTjYaaj.debug.temp.o
                0x0000000000016d94                stm32_dma.c.12fae0f0
 .debug_info    0x00000000000178ee     0x1c82 /tmp/ccfisTem.debug.temp.o
                0x00000000000178ee                hal_can_lld.c.926c7d99
 .debug_info    0x0000000000019570      0x267 /tmp/ccEd78pf.debug.temp.o
                0x0000000000019570                hal_pal_lld.c.898bb531
 .debug_info    0x00000000000197d7     0x1761 /tmp/ccMFW0si.debug.temp.o
                0x00000000000197d7                hal_spi_lld.c.0b0bb23c
 .debug_info    0x000000000001af38      0x776 /tmp/cce5Ebey.debug.temp.o
                0x000000000001af38                hal_st_lld.c.98c02be0
 .debug_info    0x000000000001b6ae     0x1595 /tmp/ccwbSVJX.debug.temp.o
                0x000000000001b6ae                hal_serial_lld.c.c1b68bf4
 .debug_info    0x000000000001cc43     0x1060 /tmp/ccDQWwpQ.debug.temp.o
                0x000000000001cc43                chsys.c.a8457516
 .debug_info    0x000000000001dca3      0xa34 /tmp/ccQlHSar.debug.temp.o
                0x000000000001dca3                chrfcu.c.5453f9e4
 .debug_info    0x000000000001e6d7      0xe1b /tmp/cchG8qGE.debug.temp.o
                0x000000000001e6d7                chtrace.c.43b8c317
 .debug_info    0x000000000001f4f2     0x1083 /tmp/ccZttTDH.debug.temp.o
                0x000000000001f4f2                chvt.c.35b1c722
 .debug_info    0x0000000000020575      0xf20 /tmp/ccc8xDtX.debug.temp.o
                0x0000000000020575                chschd.c.d4205703
 .debug_info    0x0000000000021495      0xe91 /tmp/cc9kgber.debug.temp.o
                0x0000000000021495                chinstances.c.dc118fa3
 .debug_info    0x0000000000022326     0x12da /tmp/cc6m7Wji.debug.temp.o
                0x0000000000022326                chthreads.c.4f84bb7c
 .debug_info    0x0000000000023600      0xd8f /tmp/ccGyZK3q.debug.temp.o
                0x0000000000023600                chtm.c.b664315d
 .debug_info    0x000000000002438f      0xe59 /tmp/ccP6qMpG.debug.temp.o
                0x000000000002438f                chregistry.c.b0c0b795
 .debug_info    0x00000000000251e8      0xdb8 /tmp/ccsGFWt9.debug.temp.o
                0x00000000000251e8                chmtx.c.3b35cec8
 .debug_info    0x0000000000025fa0      0xfe7 /tmp/ccnFCaeu.debug.temp.o
                0x0000000000025fa0                chevents.c.179c7ce6
 .debug_info    0x0000000000026f87      0x2f0 /tmp/ccHjrxJj.debug.temp.o
                0x0000000000026f87                chmemcore.c.2ab28c69
 .debug_info    0x0000000000027277      0xcd3 /tmp/cc6jF6vn.debug.temp.o
                0x0000000000027277                chmemheaps.c.93d579bb
 .debug_info    0x0000000000027f4a      0x588 /tmp/ccvIQYRK.debug.temp.o
                0x0000000000027f4a                chmempools.c.267e033c
 .debug_info    0x00000000000284d2     0x155c /tmp/ccQYFro6.debug.temp.o
                0x00000000000284d2                chfactory.c.1e74b627
 .debug_info    0x0000000000029a2e     0x1765 /tmp/cc2HlEX1.debug.temp.o
                0x0000000000029a2e                chcore.c.d4954b73
 .debug_info    0x000000000002b193      0x1ad /tmp/ccJCopDe.debug.temp.o
                0x000000000002b193                board.c.ce9e8e4f
 .debug_info    0x000000000002b340     0x2487 /tmp/ccH5Tq3J.debug.temp.o
                0x000000000002b340                main.cpp.7dbee098
 .debug_info    0x000000000002d7c7      0xf39 /tmp/ccHd3xBy.debug.temp.o
                0x000000000002d7c7                PID.cpp.4de170e3
 .debug_info    0x000000000002e700     0x101e /tmp/cciOuGTp.debug.temp.o
                0x000000000002e700                AttitudeController.cpp.13f87d5d
 .debug_info    0x000000000002f71e     0x1882 /tmp/cc5qkgot.debug.temp.o
                0x000000000002f71e                ICM20948.cpp.ea864e64
 .debug_info    0x0000000000030fa0     0x17fc /tmp/ccxUSgcv.debug.temp.o
                0x0000000000030fa0                ICM20602.cpp.3f53c460

.debug_abbrev   0x0000000000000000     0x5dbe
 .debug_abbrev  0x0000000000000000       0x14 build/obj/crt0_v7m.o
 .debug_abbrev  0x0000000000000014       0x14 build/obj/vectors.o
 .debug_abbrev  0x0000000000000028       0x14 build/obj/chcoreasm.o
 .debug_abbrev  0x000000000000003c      0x36a /tmp/BPRL.elf.SPM9rH.ltrans0.ltrans.o
 .debug_abbrev  0x00000000000003a6      0x16c /tmp/ccHzwvC3.debug.temp.o
 .debug_abbrev  0x0000000000000512       0x46 /tmp/ccGEzICS.debug.temp.o
 .debug_abbrev  0x0000000000000558      0x13b /tmp/ccinA1l4.debug.temp.o
 .debug_abbrev  0x0000000000000693      0x1b5 /tmp/cc9RJBix.debug.temp.o
 .debug_abbrev  0x0000000000000848      0x2db /tmp/ccjLCyja.debug.temp.o
 .debug_abbrev  0x0000000000000b23      0x2a8 /tmp/ccC9GHp1.debug.temp.o
 .debug_abbrev  0x0000000000000dcb      0x280 /tmp/ccKgFvjZ.debug.temp.o
 .debug_abbrev  0x000000000000104b      0x130 /tmp/ccpIX4wt.debug.temp.o
 .debug_abbrev  0x000000000000117b      0x215 /tmp/ccxPuN5D.debug.temp.o
 .debug_abbrev  0x0000000000001390      0x193 /tmp/cctDExpe.debug.temp.o
 .debug_abbrev  0x0000000000001523      0x1e9 /tmp/ccTjYaaj.debug.temp.o
 .debug_abbrev  0x000000000000170c      0x355 /tmp/ccfisTem.debug.temp.o
 .debug_abbrev  0x0000000000001a61       0xea /tmp/ccEd78pf.debug.temp.o
 .debug_abbrev  0x0000000000001b4b      0x2d9 /tmp/ccMFW0si.debug.temp.o
 .debug_abbrev  0x0000000000001e24      0x156 /tmp/cce5Ebey.debug.temp.o
 .debug_abbrev  0x0000000000001f7a      0x2bf /tmp/ccwbSVJX.debug.temp.o
 .debug_abbrev  0x0000000000002239      0x33b /tmp/ccDQWwpQ.debug.temp.o
 .debug_abbrev  0x0000000000002574      0x1b3 /tmp/ccQlHSar.debug.temp.o
 .debug_abbrev  0x0000000000002727      0x267 /tmp/cchG8qGE.debug.temp.o
 .debug_abbrev  0x000000000000298e      0x2b5 /tmp/ccZttTDH.debug.temp.o
 .debug_abbrev  0x0000000000002c43      0x26a /tmp/ccc8xDtX.debug.temp.o
 .debug_abbrev  0x0000000000002ead      0x25e /tmp/cc9kgber.debug.temp.o
 .debug_abbrev  0x000000000000310b      0x2d0 /tmp/cc6m7Wji.debug.temp.o
 .debug_abbrev  0x00000000000033db      0x207 /tmp/ccGyZK3q.debug.temp.o
 .debug_abbrev  0x00000000000035e2      0x294 /tmp/ccP6qMpG.debug.temp.o
 .debug_abbrev  0x0000000000003876      0x2b2 /tmp/ccsGFWt9.debug.temp.o
 .debug_abbrev  0x0000000000003b28      0x2a5 /tmp/ccnFCaeu.debug.temp.o
 .debug_abbrev  0x0000000000003dcd      0x154 /tmp/ccHjrxJj.debug.temp.o
 .debug_abbrev  0x0000000000003f21      0x26f /tmp/cc6jF6vn.debug.temp.o
 .debug_abbrev  0x0000000000004190      0x1b6 /tmp/ccvIQYRK.debug.temp.o
 .debug_abbrev  0x0000000000004346      0x284 /tmp/ccQYFro6.debug.temp.o
 .debug_abbrev  0x00000000000045ca      0x293 /tmp/cc2HlEX1.debug.temp.o
 .debug_abbrev  0x000000000000485d       0x9c /tmp/ccJCopDe.debug.temp.o
 .debug_abbrev  0x00000000000048f9      0x596 /tmp/ccH5Tq3J.debug.temp.o
 .debug_abbrev  0x0000000000004e8f      0x416 /tmp/ccHd3xBy.debug.temp.o
 .debug_abbrev  0x00000000000052a5      0x40b /tmp/cciOuGTp.debug.temp.o
 .debug_abbrev  0x00000000000056b0      0x387 /tmp/cc5qkgot.debug.temp.o
 .debug_abbrev  0x0000000000005a37      0x387 /tmp/ccxUSgcv.debug.temp.o

.debug_aranges  0x0000000000000000      0x330
 .debug_aranges
                0x0000000000000000       0x20 build/obj/crt0_v7m.o
 .debug_aranges
                0x0000000000000020       0x20 build/obj/vectors.o
 .debug_aranges
                0x0000000000000040       0x20 build/obj/chcoreasm.o
 .debug_aranges
                0x0000000000000060      0x2d0 /tmp/BPRL.elf.SPM9rH.ltrans0.ltrans.o

.debug_str      0x0000000000000000     0x6008
 .debug_str     0x0000000000000000       0x70 build/obj/crt0_v7m.o
 .debug_str     0x0000000000000070       0x45 build/obj/vectors.o
                                         0x6f (size before relaxing)
 .debug_str     0x00000000000000b5       0x46 build/obj/chcoreasm.o
                                         0x70 (size before relaxing)
 .debug_str     0x00000000000000fb      0x18c /tmp/BPRL.elf.SPM9rH.ltrans0.ltrans.o
                                        0x1d0 (size before relaxing)
 .debug_str     0x0000000000000287      0x5a6 /tmp/ccHzwvC3.debug.temp.o
                                        0x624 (size before relaxing)
 .debug_str     0x000000000000082d       0x48 /tmp/ccGEzICS.debug.temp.o
                                        0x1c7 (size before relaxing)
 .debug_str     0x0000000000000875      0x143 /tmp/ccinA1l4.debug.temp.o
                                        0x2e8 (size before relaxing)
 .debug_str     0x00000000000009b8      0x2a1 /tmp/cc9RJBix.debug.temp.o
                                        0x47e (size before relaxing)
 .debug_str     0x0000000000000c59      0x694 /tmp/ccjLCyja.debug.temp.o
                                        0xaa7 (size before relaxing)
 .debug_str     0x00000000000012ed      0x1a0 /tmp/ccC9GHp1.debug.temp.o
                                        0x96c (size before relaxing)
 .debug_str     0x000000000000148d      0x2d1 /tmp/ccKgFvjZ.debug.temp.o
                                        0x9c6 (size before relaxing)
 .debug_str     0x000000000000175e       0xea /tmp/ccpIX4wt.debug.temp.o
                                        0x408 (size before relaxing)
 .debug_str     0x0000000000001848      0x546 /tmp/ccxPuN5D.debug.temp.o
                                        0xf36 (size before relaxing)
 .debug_str     0x0000000000001d8e      0x4c6 /tmp/cctDExpe.debug.temp.o
                                        0x6d4 (size before relaxing)
 .debug_str     0x0000000000002254      0x1b8 /tmp/ccTjYaaj.debug.temp.o
                                        0x687 (size before relaxing)
 .debug_str     0x000000000000240c      0x2c6 /tmp/ccfisTem.debug.temp.o
                                        0xe05 (size before relaxing)
 .debug_str     0x00000000000026d2       0x96 /tmp/ccEd78pf.debug.temp.o
                                        0x2b9 (size before relaxing)
 .debug_str     0x0000000000002768      0x1a4 /tmp/ccMFW0si.debug.temp.o
                                        0xc95 (size before relaxing)
 .debug_str     0x000000000000290c       0xcd /tmp/cce5Ebey.debug.temp.o
                                        0x589 (size before relaxing)
 .debug_str     0x00000000000029d9       0xe0 /tmp/ccwbSVJX.debug.temp.o
                                        0xbab (size before relaxing)
 .debug_str     0x0000000000002ab9      0x32e /tmp/ccDQWwpQ.debug.temp.o
                                        0x9fa (size before relaxing)
 .debug_str     0x0000000000002de7       0x55 /tmp/ccQlHSar.debug.temp.o
                                        0x625 (size before relaxing)
 .debug_str     0x0000000000002e3c       0xec /tmp/cchG8qGE.debug.temp.o
                                        0x845 (size before relaxing)
 .debug_str     0x0000000000002f28      0x20a /tmp/ccZttTDH.debug.temp.o
                                        0x8ba (size before relaxing)
 .debug_str     0x0000000000003132      0x1b0 /tmp/ccc8xDtX.debug.temp.o
                                        0x84b (size before relaxing)
 .debug_str     0x00000000000032e2      0x2a6 /tmp/cc9kgber.debug.temp.o
                                        0x970 (size before relaxing)
 .debug_str     0x0000000000003588      0x273 /tmp/cc6m7Wji.debug.temp.o
                                        0x96f (size before relaxing)
 .debug_str     0x00000000000037fb       0x89 /tmp/ccGyZK3q.debug.temp.o
                                        0x81a (size before relaxing)
 .debug_str     0x0000000000003884       0xac /tmp/ccP6qMpG.debug.temp.o
                                        0x918 (size before relaxing)
 .debug_str     0x0000000000003930       0xd8 /tmp/ccsGFWt9.debug.temp.o
                                        0x756 (size before relaxing)
 .debug_str     0x0000000000003a08      0x1c4 /tmp/ccnFCaeu.debug.temp.o
                                        0x85c (size before relaxing)
 .debug_str     0x0000000000003bcc       0xd9 /tmp/ccHjrxJj.debug.temp.o
                                        0x2fe (size before relaxing)
 .debug_str     0x0000000000003ca5      0x103 /tmp/cc6jF6vn.debug.temp.o
                                        0x6fb (size before relaxing)
 .debug_str     0x0000000000003da8      0x16c /tmp/ccvIQYRK.debug.temp.o
                                        0x412 (size before relaxing)
 .debug_str     0x0000000000003f14      0x4a6 /tmp/ccQYFro6.debug.temp.o
                                        0xb5f (size before relaxing)
 .debug_str     0x00000000000043ba      0x96b /tmp/cc2HlEX1.debug.temp.o
                                       0x11fc (size before relaxing)
 .debug_str     0x0000000000004d25       0x31 /tmp/ccJCopDe.debug.temp.o
                                        0x23a (size before relaxing)
 .debug_str     0x0000000000004d56      0xb68 /tmp/ccH5Tq3J.debug.temp.o
                                       0x14dd (size before relaxing)
 .debug_str     0x00000000000058be      0x524 /tmp/ccHd3xBy.debug.temp.o
                                        0xad0 (size before relaxing)
 .debug_str     0x0000000000005de2       0x98 /tmp/cciOuGTp.debug.temp.o
                                        0xbf7 (size before relaxing)
 .debug_str     0x0000000000005e7a      0x108 /tmp/cc5qkgot.debug.temp.o
                                        0xc91 (size before relaxing)
 .debug_str     0x0000000000005f82       0x86 /tmp/ccxUSgcv.debug.temp.o
                                        0xc49 (size before relaxing)

.debug_loc      0x0000000000000000     0xa072
 .debug_loc     0x0000000000000000     0xa072 /tmp/BPRL.elf.SPM9rH.ltrans0.ltrans.o

.debug_ranges   0x0000000000000000     0x77d8
 .debug_ranges  0x0000000000000000     0x77d8 /tmp/BPRL.elf.SPM9rH.ltrans0.ltrans.o

.debug_frame    0x0000000000000000      0xb10
 .debug_frame   0x0000000000000000      0xa84 /tmp/BPRL.elf.SPM9rH.ltrans0.ltrans.o
 .debug_frame   0x0000000000000a84       0x2c /opt/gcc-arm-none-eabi-10-2020-q4-major/bin/../lib/gcc/arm-none-eabi/10.2.1/../../../../arm-none-eabi/lib/thumb/v7e-m+dp/hard/libg.a(lib_a-memset.o)
 .debug_frame   0x0000000000000ab0       0x2c /opt/gcc-arm-none-eabi-10-2020-q4-major/bin/../lib/gcc/arm-none-eabi/10.2.1/thumb/v7e-m+dp/hard/libgcc.a(_aeabi_uldivmod.o)
 .debug_frame   0x0000000000000adc       0x34 /opt/gcc-arm-none-eabi-10-2020-q4-major/bin/../lib/gcc/arm-none-eabi/10.2.1/thumb/v7e-m+dp/hard/libgcc.a(_udivmoddi4.o)

Cross Reference Table

Symbol                                            File
AttitudeController.cpp.13f87d5d                   /tmp/cciOuGTp.debug.temp.o
                                                  /tmp/BPRL.elf.SPM9rH.ltrans0.ltrans.o
AttitudeController::AttitudeController()          build/obj/AttitudeController.o (symbol from plugin)
AttitudeController::AttitudeController()          build/obj/AttitudeController.o (symbol from plugin)
                                                  build/obj/main.o (symbol from plugin)
AttitudeController::compute_throttle(float const*, float const*) const build/obj/AttitudeController.o (symbol from plugin)
                                                  build/obj/main.o (symbol from plugin)
AttitudeController::reset_all()                   build/obj/AttitudeController.o (symbol from plugin)
                                                  build/obj/main.o (symbol from plugin)
AttitudeController::update(float const*, float const*, float*) build/obj/AttitudeController.o (symbol from plugin)
                                                  build/obj/main.o (symbol from plugin)
BusFault_Handler                                  build/obj/vectors.o
CAND1                                             build/obj/hal_can_lld.o (symbol from plugin)
                                                  build/obj/stm32_isr.o (symbol from plugin)
DebugMon_Handler                                  build/obj/vectors.o
HardFault_Handler                                 build/obj/vectors.o
ICM20602.cpp.3f53c460                             /tmp/ccxUSgcv.debug.temp.o
                                                  /tmp/BPRL.elf.SPM9rH.ltrans0.ltrans.o
ICM20602::burst_read(unsigned char, unsigned char*, unsigned int) build/obj/ICM20602.o (symbol from plugin)
ICM20602::init(hal_spi_driver*, hal_spi_config const*, hal_spi_config const*) build/obj/ICM20602.o (symbol from plugin)
                                                  build/obj/main.o (symbol from plugin)
ICM20602::read(float*, float*)                    build/obj/ICM20602.o (symbol from plugin)
                                                  build/obj/main.o (symbol from plugin)
ICM20602::reg_read(unsigned char)                 build/obj/ICM20602.o (symbol from plugin)
ICM20602::reg_write(unsigned char, unsigned char) build/obj/ICM20602.o (symbol from plugin)
ICM20948.cpp.ea864e64                             /tmp/cc5qkgot.debug.temp.o
                                                  /tmp/BPRL.elf.SPM9rH.ltrans0.ltrans.o
ICM20948::burst_read(unsigned char, unsigned char*, unsigned int) build/obj/ICM20948.o (symbol from plugin)
ICM20948::init(hal_spi_driver*, hal_spi_config const*, hal_spi_config const*) build/obj/ICM20948.o (symbol from plugin)
                                                  build/obj/main.o (symbol from plugin)
ICM20948::read(float*, float*)                    build/obj/ICM20948.o (symbol from plugin)
                                                  build/obj/main.o (symbol from plugin)
ICM20948::reg_read(unsigned char)                 build/obj/ICM20948.o (symbol from plugin)
ICM20948::reg_write(unsigned char, unsigned char) build/obj/ICM20948.o (symbol from plugin)
ICM20948::set_bank(unsigned char)                 build/obj/ICM20948.o (symbol from plugin)
MemManage_Handler                                 build/obj/vectors.o
MotorMixer.cpp.35e71757                           /tmp/ccAeqy7k.debug.temp.o
MotorMixer::should_disarm(float const*)           build/obj/MotorMixer.o (symbol from plugin)
MotorMixer::update(float const*, float, bool, float const*, long*) const build/obj/MotorMixer.o (symbol from plugin)
                                                  build/obj/main.o (symbol from plugin)
NMI_Handler                                       build/obj/vectors.o
PID.cpp.4de170e3                                  /tmp/ccHd3xBy.debug.temp.o
                                                  /tmp/BPRL.elf.SPM9rH.ltrans0.ltrans.o
PID::PID(float, float, float, float, float)       build/obj/PID.o (symbol from plugin)
PID::PID(float, float, float, float, float)       build/obj/PID.o (symbol from plugin)
                                                  build/obj/AttitudeController.o (symbol from plugin)
PID::now_us()                                     build/obj/PID.o (symbol from plugin)
PID::reset()                                      build/obj/PID.o (symbol from plugin)
                                                  build/obj/AttitudeController.o (symbol from plugin)
PID::set_gains(float, float, float)               build/obj/PID.o (symbol from plugin)
PID::update(float)                                build/obj/PID.o (symbol from plugin)
                                                  build/obj/AttitudeController.o (symbol from plugin)
PendSV_Handler                                    build/obj/vectors.o
Reset_Handler                                     build/obj/vectors.o
SD3                                               build/obj/hal_serial_lld.o (symbol from plugin)
                                                  build/obj/stm32_isr.o (symbol from plugin)
SPID1                                             build/obj/hal_spi_lld.o (symbol from plugin)
                                                  build/obj/main.o (symbol from plugin)
SPID4                                             build/obj/hal_spi_lld.o (symbol from plugin)
                                                  build/obj/main.o (symbol from plugin)
SVC_Handler                                       /tmp/BPRL.elf.SPM9rH.ltrans0.ltrans.o
                                                  build/obj/chcore.o (symbol from plugin)
                                                  build/obj/vectors.o
SecureFault_Handler                               build/obj/vectors.o
SysTick_Handler                                   build/obj/vectors.o
SystemCoreClock                                   build/obj/hal_lld.o (symbol from plugin)
UsageFault_Handler                                build/obj/vectors.o
Vector100                                         build/obj/vectors.o
Vector104                                         build/obj/vectors.o
Vector108                                         build/obj/vectors.o
Vector10C                                         build/obj/vectors.o
Vector110                                         build/obj/vectors.o
Vector114                                         build/obj/vectors.o
Vector118                                         build/obj/vectors.o
Vector11C                                         build/obj/vectors.o
Vector120                                         /tmp/BPRL.elf.SPM9rH.ltrans0.ltrans.o
                                                  build/obj/stm32_dma.o (symbol from plugin)
                                                  build/obj/vectors.o
Vector124                                         /tmp/BPRL.elf.SPM9rH.ltrans0.ltrans.o
                                                  build/obj/stm32_dma.o (symbol from plugin)
                                                  build/obj/vectors.o
Vector128                                         /tmp/BPRL.elf.SPM9rH.ltrans0.ltrans.o
                                                  build/obj/stm32_dma.o (symbol from plugin)
                                                  build/obj/vectors.o
Vector12C                                         /tmp/BPRL.elf.SPM9rH.ltrans0.ltrans.o
                                                  build/obj/stm32_dma.o (symbol from plugin)
                                                  build/obj/vectors.o
Vector130                                         /tmp/BPRL.elf.SPM9rH.ltrans0.ltrans.o
                                                  build/obj/stm32_dma.o (symbol from plugin)
                                                  build/obj/vectors.o
Vector134                                         build/obj/vectors.o
Vector138                                         build/obj/vectors.o
Vector13C                                         build/obj/vectors.o
Vector140                                         build/obj/vectors.o
Vector144                                         build/obj/vectors.o
Vector148                                         build/obj/vectors.o
Vector14C                                         build/obj/vectors.o
Vector150                                         /tmp/BPRL.elf.SPM9rH.ltrans0.ltrans.o
                                                  build/obj/stm32_dma.o (symbol from plugin)
                                                  build/obj/vectors.o
Vector154                                         /tmp/BPRL.elf.SPM9rH.ltrans0.ltrans.o
                                                  build/obj/stm32_dma.o (symbol from plugin)
                                                  build/obj/vectors.o
Vector158                                         /tmp/BPRL.elf.SPM9rH.ltrans0.ltrans.o
                                                  build/obj/stm32_dma.o (symbol from plugin)
                                                  build/obj/vectors.o
Vector15C                                         build/obj/vectors.o
Vector160                                         build/obj/vectors.o
Vector164                                         build/obj/vectors.o
Vector168                                         build/obj/vectors.o
Vector16C                                         build/obj/vectors.o
Vector170                                         build/obj/vectors.o
Vector174                                         build/obj/vectors.o
Vector178                                         build/obj/vectors.o
Vector17C                                         build/obj/vectors.o
Vector180                                         build/obj/vectors.o
Vector184                                         build/obj/vectors.o
Vector188                                         build/obj/vectors.o
Vector18C                                         build/obj/vectors.o
Vector190                                         /tmp/BPRL.elf.SPM9rH.ltrans0.ltrans.o
                                                  build/obj/hal_spi_lld.o (symbol from plugin)
                                                  build/obj/vectors.o
Vector194                                         build/obj/vectors.o
Vector198                                         build/obj/vectors.o
Vector19C                                         build/obj/vectors.o
Vector1A0                                         build/obj/vectors.o
Vector1A4                                         build/obj/vectors.o
Vector1A8                                         build/obj/vectors.o
Vector1AC                                         build/obj/vectors.o
Vector1B0                                         build/obj/vectors.o
Vector1B4                                         build/obj/vectors.o
Vector1B8                                         build/obj/vectors.o
Vector1BC                                         build/obj/vectors.o
Vector1C0                                         build/obj/vectors.o
Vector1C4                                         build/obj/vectors.o
Vector1C8                                         build/obj/vectors.o
Vector1CC                                         build/obj/vectors.o
Vector1D0                                         build/obj/vectors.o
Vector1D4                                         build/obj/vectors.o
Vector1D8                                         build/obj/vectors.o
Vector1DC                                         build/obj/vectors.o
Vector1E0                                         build/obj/vectors.o
Vector1E4                                         build/obj/vectors.o
Vector1E8                                         build/obj/vectors.o
Vector1EC                                         build/obj/vectors.o