Archive member included to satisfy reference by file (symbol)

/opt/gcc-arm-none-eabi-10-2020-q4-major/bin/../lib/gcc/arm-none-eabi/10.2.1/../../../../arm-none-eabi/lib/thumb/v7e-m+dp/hard/libg.a(lib_a-ctype_.o)
                              build/obj/chscanf.o (symbol from plugin) (_ctype_)
/opt/gcc-arm-none-eabi-10-2020-q4-major/bin/../lib/gcc/arm-none-eabi/10.2.1/thumb/v7e-m+dp/hard/libgcc.a(_aeabi_ldivmod.o)
                              /tmp/BPRL.elf.ORxd4l.ltrans0.ltrans.o (__aeabi_ldivmod)
/opt/gcc-arm-none-eabi-10-2020-q4-major/bin/../lib/gcc/arm-none-eabi/10.2.1/thumb/v7e-m+dp/hard/libgcc.a(_aeabi_uldivmod.o)
                              /tmp/BPRL.elf.ORxd4l.ltrans0.ltrans.o (__aeabi_uldivmod)
/opt/gcc-arm-none-eabi-10-2020-q4-major/bin/../lib/gcc/arm-none-eabi/10.2.1/thumb/v7e-m+dp/hard/libgcc.a(_udivmoddi4.o)
                              /opt/gcc-arm-none-eabi-10-2020-q4-major/bin/../lib/gcc/arm-none-eabi/10.2.1/thumb/v7e-m+dp/hard/libgcc.a(_aeabi_ldivmod.o) (__udivmoddi4)
/opt/gcc-arm-none-eabi-10-2020-q4-major/bin/../lib/gcc/arm-none-eabi/10.2.1/thumb/v7e-m+dp/hard/libgcc.a(_dvmd_tls.o)
                              /opt/gcc-arm-none-eabi-10-2020-q4-major/bin/../lib/gcc/arm-none-eabi/10.2.1/thumb/v7e-m+dp/hard/libgcc.a(_aeabi_ldivmod.o) (__aeabi_ldiv0)
/opt/gcc-arm-none-eabi-10-2020-q4-major/bin/../lib/gcc/arm-none-eabi/10.2.1/../../../../arm-none-eabi/lib/thumb/v7e-m+dp/hard/libg.a(lib_a-memcpy.o)
                              /tmp/BPRL.elf.ORxd4l.ltrans0.ltrans.o (memcpy)
/opt/gcc-arm-none-eabi-10-2020-q4-major/bin/../lib/gcc/arm-none-eabi/10.2.1/../../../../arm-none-eabi/lib/thumb/v7e-m+dp/hard/libg.a(lib_a-memset.o)
                              /tmp/BPRL.elf.ORxd4l.ltrans0.ltrans.o (memset)

Discarded input sections

 .data          0x0000000000000000        0x0 build/obj/crt0_v7m.o
 .bss           0x0000000000000000        0x0 build/obj/crt0_v7m.o
 .data          0x0000000000000000        0x0 build/obj/vectors.o
 .bss           0x0000000000000000        0x0 build/obj/vectors.o
 .data          0x0000000000000000        0x0 build/obj/chcoreasm.o
 .bss           0x0000000000000000        0x0 build/obj/chcoreasm.o
 .text          0x0000000000000000        0x0 /tmp/BPRL.elf.ORxd4l.ltrans0.ltrans.o
 .data          0x0000000000000000        0x0 /tmp/BPRL.elf.ORxd4l.ltrans0.ltrans.o
 .bss           0x0000000000000000        0x0 /tmp/BPRL.elf.ORxd4l.ltrans0.ltrans.o
 .ARM.extab.text._ZN3PID6updateEf
                0x0000000000000000        0x0 /tmp/BPRL.elf.ORxd4l.ltrans0.ltrans.o
 .ARM.extab.text._ZL9SPIThreadPv
                0x0000000000000000        0x0 /tmp/BPRL.elf.ORxd4l.ltrans0.ltrans.o
 .ARM.extab.text._ZL9CANThreadPv
                0x0000000000000000        0x0 /tmp/BPRL.elf.ORxd4l.ltrans0.ltrans.o
 .ARM.extab.text._ZL9I2CThreadPv
                0x0000000000000000        0x0 /tmp/BPRL.elf.ORxd4l.ltrans0.ltrans.o
 .ARM.extab.text._ZL11HouseThreadPv
                0x0000000000000000        0x0 /tmp/BPRL.elf.ORxd4l.ltrans0.ltrans.o
 .ARM.extab.text._ZL14StateEstThreadPv
                0x0000000000000000        0x0 /tmp/BPRL.elf.ORxd4l.ltrans0.ltrans.o
 .ARM.extab.text._ZL13ControlThreadPv
                0x0000000000000000        0x0 /tmp/BPRL.elf.ORxd4l.ltrans0.ltrans.o
 .ARM.extab.text._ZL11RadioThreadPv
                0x0000000000000000        0x0 /tmp/BPRL.elf.ORxd4l.ltrans0.ltrans.o
 .ARM.extab.text.startup.main
                0x0000000000000000        0x0 /tmp/BPRL.elf.ORxd4l.ltrans0.ltrans.o
 .ARM.extab.text.startup._GLOBAL__sub_I__Z17bprl_can_registermPFvRK10CANRxFramePvES2_
                0x0000000000000000        0x0 /tmp/BPRL.elf.ORxd4l.ltrans0.ltrans.o
 .comment       0x0000000000000000       0x4e /tmp/ccFRZSSS.debug.temp.o
 .comment       0x0000000000000000       0x4e /tmp/cclU32vU.debug.temp.o
 .comment       0x0000000000000000       0x4e /tmp/ccCnaRbH.debug.temp.o
 .debug_info    0x0000000000000000      0xe63 /tmp/cc6D8lpp.debug.temp.o
 .debug_abbrev  0x0000000000000000      0x213 /tmp/cc6D8lpp.debug.temp.o
 .debug_line    0x0000000000000000      0x2ea /tmp/cc6D8lpp.debug.temp.o
 .debug_str     0x0000000000000000      0x7ec /tmp/cc6D8lpp.debug.temp.o
 .comment       0x0000000000000000       0x4e /tmp/cc6D8lpp.debug.temp.o
 .debug_info    0x0000000000000000      0x931 /tmp/ccpl55dC.debug.temp.o
 .debug_abbrev  0x0000000000000000      0x1b3 /tmp/ccpl55dC.debug.temp.o
 .debug_line    0x0000000000000000      0x2a6 /tmp/ccpl55dC.debug.temp.o
 .debug_str     0x0000000000000000      0x590 /tmp/ccpl55dC.debug.temp.o
 .comment       0x0000000000000000       0x4e /tmp/ccpl55dC.debug.temp.o
 .comment       0x0000000000000000       0x4e /tmp/ccXtTZTM.debug.temp.o
 .debug_info    0x0000000000000000      0x5de /tmp/cc6nA3o7.debug.temp.o
 .debug_abbrev  0x0000000000000000      0x13e /tmp/cc6nA3o7.debug.temp.o
 .debug_line    0x0000000000000000      0x1df /tmp/cc6nA3o7.debug.temp.o
 .debug_str     0x0000000000000000      0x525 /tmp/cc6nA3o7.debug.temp.o
[...]
Memory Configuration

Name             Origin             Length             Attributes
flash0           0x0000000008000000 0x0000000000200000 xr
flash1           0x0000000008000000 0x0000000000100000 xr
flash2           0x0000000008100000 0x0000000000100000 xr
flash3           0x0000000000000000 0x0000000000000000 xr
flash4           0x0000000000000000 0x0000000000000000 xr
flash5           0x0000000000000000 0x0000000000000000 xr
flash6           0x0000000000000000 0x0000000000000000 xr
flash7           0x0000000000000000 0x0000000000000000 xr
ram0             0x0000000024000000 0x0000000000080000 xw
ram1             0x0000000030000000 0x0000000000040000 xw
ram2             0x0000000030000000 0x0000000000048000 xw
ram3             0x0000000030040000 0x0000000000008000 xw
ram4             0x0000000038000000 0x0000000000010000 xw
ram5             0x0000000020000000 0x0000000000020000 xw
ram6             0x0000000000000000 0x0000000000010000 xw
ram7             0x0000000038800000 0x0000000000001000 xw
*default*        0x0000000000000000 0xffffffffffffffff

Linker script and memory map

LOAD build/obj/crt0_v7m.o
LOAD build/obj/vectors.o
LOAD build/obj/chcoreasm.o
LOAD build/obj/crt1.o
LOAD /tmp/BPRL.elf.ORxd4l.ltrans0.ltrans.o
LOAD /tmp/ccFRZSSS.debug.temp.o
LOAD /tmp/cclU32vU.debug.temp.o
LOAD /tmp/ccCnaRbH.debug.temp.o
LOAD /tmp/cc6D8lpp.debug.temp.o
LOAD /tmp/ccpl55dC.debug.temp.o
LOAD /tmp/ccXtTZTM.debug.temp.o
LOAD /tmp/cc6nA3o7.debug.temp.o
LOAD /tmp/cc2tu9py.debug.temp.o
LOAD /tmp/ccO2oCZI.debug.temp.o
LOAD /tmp/cceP6XfT.debug.temp.o
LOAD /tmp/ccSqdFWH.debug.temp.o
LOAD /tmp/ccv9olX8.debug.temp.o
LOAD /tmp/ccI0tE6t.debug.temp.o
LOAD /tmp/ccC0LoQ9.debug.temp.o
LOAD /tmp/cc6QAJHl.debug.temp.o
LOAD /tmp/ccKZthoM.debug.temp.o
LOAD /tmp/ccjHzhKT.debug.temp.o
LOAD /tmp/ccxoYd2B.debug.temp.o
LOAD /tmp/ccJt0En9.debug.temp.o
LOAD /tmp/ccTOwWL0.debug.temp.o
LOAD /tmp/ccaVMUoX.debug.temp.o
LOAD /tmp/ccSp8u3y.debug.temp.o
LOAD /tmp/ccXBXH37.debug.temp.o
LOAD /tmp/ccexWoiO.debug.temp.o
LOAD /tmp/ccyWlRKk.debug.temp.o
LOAD /tmp/ccsjBCVv.debug.temp.o
LOAD /tmp/ccDnHpOV.debug.temp.o
LOAD /tmp/cc0BiJ2L.debug.temp.o
LOAD /tmp/ccINHNnd.debug.temp.o
LOAD /tmp/ccvAkgLo.debug.temp.o
LOAD /tmp/ccT72ePW.debug.temp.o
LOAD /tmp/ccFq5398.debug.temp.o
LOAD /tmp/ccUTo9uj.debug.temp.o
LOAD /tmp/cc1IFr0f.debug.temp.o
LOAD /tmp/ccivgSFF.debug.temp.o
LOAD /tmp/ccgjHCBW.debug.temp.o
LOAD /tmp/ccDa52BD.debug.temp.o
LOAD /tmp/ccazklsT.debug.temp.o
LOAD /tmp/ccLx0FBi.debug.temp.o
LOAD /tmp/ccWJMkuC.debug.temp.o
LOAD /tmp/cck86CjQ.debug.temp.o
LOAD /tmp/ccbTZccw.debug.temp.o
LOAD /tmp/ccF4Radh.debug.temp.o
LOAD /tmp/cczGWYYF.debug.temp.o
LOAD /tmp/cclvosOv.debug.temp.o
LOAD /tmp/ccdUBrol.debug.temp.o
LOAD /tmp/cchyEyGB.debug.temp.o
LOAD /tmp/ccRr0vav.debug.temp.o
LOAD /tmp/ccmmPoqm.debug.temp.o
LOAD /tmp/ccUuJNye.debug.temp.o
LOAD /tmp/ccKllm3Z.debug.temp.o
LOAD /tmp/ccmQVK73.debug.temp.o
LOAD /tmp/cc9mYUHk.debug.temp.o
LOAD /tmp/ccJybNl8.debug.temp.o
LOAD /tmp/ccKgKFup.debug.temp.o
LOAD /tmp/cczRt6yS.debug.temp.o
LOAD /tmp/ccbMcSBO.debug.temp.o
LOAD /tmp/cc53hEKu.debug.temp.o
LOAD /tmp/ccJWVRAu.debug.temp.o
LOAD /tmp/ccnlD7iA.debug.temp.o
LOAD build/obj/hal.o
LOAD build/obj/hal_st.o
LOAD build/obj/hal_buffered_serial.o
LOAD build/obj/hal_buffers.o
LOAD build/obj/hal_queues.o
LOAD build/obj/hal_flash.o
LOAD build/obj/hal_mmcsd.o
LOAD build/obj/hal_can.o
LOAD build/obj/hal_pal.o
LOAD build/obj/hal_serial.o
LOAD build/obj/hal_spi.o
LOAD build/obj/nvic.o
LOAD build/obj/stm32_isr.o
LOAD build/obj/hal_lld.o
LOAD build/obj/stm32_bdma.o
LOAD build/obj/stm32_dma.o
LOAD build/obj/stm32_exti.o
LOAD build/obj/hal_can_lld.o
LOAD build/obj/hal_pal_lld.o
LOAD build/obj/stm32_mdma.o
LOAD build/obj/hal_spi_lld.o
LOAD build/obj/hal_st_lld.o
LOAD build/obj/hal_serial_lld.o
LOAD build/obj/osal.o
LOAD build/obj/chsys.o
LOAD build/obj/chrfcu.o
LOAD build/obj/chdebug.o
LOAD build/obj/chtrace.o
LOAD build/obj/chvt.o
LOAD build/obj/chschd.o
LOAD build/obj/chinstances.o
LOAD build/obj/chthreads.o
LOAD build/obj/chtm.o
LOAD build/obj/chregistry.o
LOAD build/obj/chsem.o
LOAD build/obj/chmtx.o
LOAD build/obj/chcond.o
LOAD build/obj/chevents.o
LOAD build/obj/chmsg.o
LOAD build/obj/chdynamic.o
LOAD build/obj/chmboxes.o
LOAD build/obj/chmemcore.o
LOAD build/obj/chmemheaps.o
LOAD build/obj/chmempools.o
LOAD build/obj/chpipes.o
LOAD build/obj/chobjcaches.o
LOAD build/obj/chdelegates.o
LOAD build/obj/chfactory.o
LOAD build/obj/chcore.o
LOAD build/obj/chprintf.o
LOAD build/obj/chscanf.o
LOAD build/obj/memstreams.o
LOAD build/obj/nullstreams.o
LOAD build/obj/bufstreams.o
LOAD build/obj/board.o
LOAD build/obj/main.o
LOAD build/obj/PID.o
LOAD build/obj/AttitudeController.o
LOAD build/obj/MotorMixer.o

.mstack         0x0000000020000000      0x800
                0x0000000020000000                . = ALIGN (0x8)
                0x0000000020000000                __main_stack_base__ = .
                0x0000000020000800                . = (. + __main_stack_size__)
 *fill*         0x0000000020000000      0x800 
                0x0000000020000800                . = ALIGN (0x8)
                0x0000000020000800                __main_stack_end__ = .

.pstack         0x0000000020000800      0x800
                0x0000000020000800                . = ALIGN (0x8)
                0x0000000020000800                __process_stack_base__ = .
                0x0000000020000800                __main_thread_stack_base__ = .
                0x0000000020001000                . = (. + __process_stack_size__)
 *fill*         0x0000000020000800      0x800 
                0x0000000020001000                . = ALIGN (0x8)
                0x0000000020001000                __process_stack_end__ = .
                0x0000000020001000                __main_thread_stack_end__ = .

.nocache        0x0000000030040000        0x0
                0x0000000030040000                __nocache_base__ = .
 *(.nocache)
 *(.nocache.*)
 *(.bss.__nocache_*)
                0x0000000030040000                . = ALIGN (0x4)
                0x0000000030040000                __nocache_end__ = .

.eth            0x0000000030040000        0x0
                0x0000000030040000                __eth_base__ = .
 *(.eth)
 *(.eth.*)
 *(.bss.__eth_*)
                0x0000000030040000                . = ALIGN (0x4)
                0x0000000030040000                __eth_end__ = .

.vectors        0x0000000008000000      0x2e0
                0x0000000008000000                __textvectors_base__ = LOADADDR (.vectors)
                0x0000000008000000                __vectors_base__ = .
 *(.vectors)
 .vectors       0x0000000008000000      0x2e0 build/obj/vectors.o
                0x0000000008000000                _vectors
                0x00000000080002e0                __vectors_end__ = .

.xtors          0x00000000080002e0        0x4
                0x00000000080002e0                __init_array_base__ = .
 *(SORT_BY_NAME(.init_array.*))
 *(.init_array)
 .init_array    0x00000000080002e0        0x4 /tmp/BPRL.elf.ORxd4l.ltrans0.ltrans.o
                0x00000000080002e4                __init_array_end__ = .
                0x00000000080002e4                __fini_array_base__ = .
 *(.fini_array)
 *(SORT_BY_NAME(.fini_array.*))
                0x00000000080002e4                __fini_array_end__ = .

.text           0x00000000080002f0     0x3034
                0x00000000080002f0                __text_base__ = .
 *(.text)
 .text          0x00000000080002f0      0x11c build/obj/crt0_v7m.o
                0x00000000080002f0                _crt0_entry
 .text          0x000000000800040c        0x8 build/obj/vectors.o
                0x000000000800040c                Reset_Handler
                0x000000000800040e                Vector58
                0x000000000800040e                VectorE8
                0x000000000800040e                Vector9C
                0x000000000800040e                Vector2C4
                0x000000000800040e                VectorAC
                0x000000000800040e                DebugMon_Handler
                0x000000000800040e                Vector2B0
                0x000000000800040e                Vector26C
                0x000000000800040e                Vector22C
                0x000000000800040e                Vector1A0
                0x000000000800040e                Vector2C0
                0x000000000800040e                Vector5C
                0x000000000800040e                Vector224
                0x000000000800040e                Vector11C
                0x000000000800040e                HardFault_Handler
                0x000000000800040e                Vector1B8
                0x000000000800040e                Vector1F0
                0x000000000800040e                Vector19C
                0x000000000800040e                Vector1EC
                0x000000000800040e                SysTick_Handler
                0x000000000800040e                Vector2D8
                0x000000000800040e                PendSV_Handler
                0x000000000800040e                Vector168
                0x000000000800040e                NMI_Handler
                0x000000000800040e                Vector270
                0x000000000800040e                Vector24C
                0x000000000800040e                Vector110
                0x000000000800040e                Vector274
                0x000000000800040e                Vector1D8
                0x000000000800040e                Vector1F4
                0x000000000800040e                VectorC8
                0x000000000800040e                Vector2CC
                0x000000000800040e                Vector94
                0x000000000800040e                Vector254
                0x000000000800040e                VectorA8
                0x000000000800040e                Vector244
                0x000000000800040e                Vector204
                0x000000000800040e                Vector2AC
                0x000000000800040e                VectorB4
                0x000000000800040e                Vector1FC
                0x000000000800040e                Vector160
                0x000000000800040e                Vector1B0
                0x000000000800040e                UsageFault_Handler
                0x000000000800040e                VectorEC
                0x000000000800040e                Vector234
                0x000000000800040e                Vector264
                0x000000000800040e                Vector40
                0x000000000800040e                VectorF8
                0x000000000800040e                Vector108
                0x000000000800040e                VectorBC
                0x000000000800040e                Vector1E0
                0x000000000800040e                Vector1F8
                0x000000000800040e                Vector260
                0x000000000800040e                Vector27C
                0x000000000800040e                Vector1C4
                0x000000000800040e                Vector1CC
                0x000000000800040e                Vector2A8
                0x000000000800040e                Vector1E4
                0x000000000800040e                Vector20C
                0x000000000800040e                Vector148
                0x000000000800040e                Vector188
                0x000000000800040e                Vector23C
                0x000000000800040e                Vector198
                0x000000000800040e                Vector118
                0x000000000800040e                Vector64
                0x000000000800040e                Vector54
                0x000000000800040e                Vector98
                0x000000000800040e                Vector2B8
                0x000000000800040e                Vector258
                0x000000000800040e                Vector284
                0x000000000800040e                Vector218
                0x000000000800040e                VectorD8
                0x000000000800040e                Vector138
                0x000000000800040e                Vector24
                0x000000000800040e                Vector200
                0x000000000800040e                Vector1AC
                0x000000000800040e                Vector178
                0x000000000800040e                SecureFault_Handler
                0x000000000800040e                Vector1A4
                0x000000000800040e                VectorD0
                0x000000000800040e                Vector2A0
                0x000000000800040e                Vector1B4
                0x000000000800040e                Vector28C
                0x000000000800040e                Vector140
                0x000000000800040e                VectorE4
                0x000000000800040e                VectorC0
                0x000000000800040e                Vector1C0
                0x000000000800040e                Vector214
                0x000000000800040e                Vector250
                0x000000000800040e                Vector2D0
                0x000000000800040e                Vector134
                0x000000000800040e                Vector1D0
                0x000000000800040e                Vector2DC
                0x000000000800040e                VectorF0
                0x000000000800040e                Vector210
                0x000000000800040e                Vector2BC
                0x000000000800040e                Vector13C
                0x000000000800040e                Vector280
                0x000000000800040e                Vector100
                0x000000000800040e                VectorE0
                0x000000000800040e                VectorF4
                0x000000000800040e                Vector2B4
                0x000000000800040e                Vector2C8
                0x000000000800040e                MemManage_Handler
                0x000000000800040e                Vector238
                0x000000000800040e                VectorA0
                0x000000000800040e                VectorC4
                0x000000000800040e                Vector180
                0x000000000800040e                Vector288
                0x000000000800040e                Vector208
                0x000000000800040e                Vector90
                0x000000000800040e                Vector294
                0x000000000800040e                Vector114
                0x000000000800040e                Vector164
                0x000000000800040e                Vector60
                0x000000000800040e                Vector1BC
                0x000000000800040e                Vector1D4
                0x000000000800040e                Vector17C
                0x000000000800040e                Vector48
                0x000000000800040e                Vector240
                0x000000000800040e                Vector1A8
                0x000000000800040e                Vector16C
                0x000000000800040e                Vector228
                0x000000000800040e                VectorD4
                0x000000000800040e                Vector2D4
                0x000000000800040e                Vector278
                0x000000000800040e                Vector4C
                0x000000000800040e                Vector144
                0x000000000800040e                Vector15C
                0x000000000800040e                Vector68
                0x000000000800040e                Vector230
                0x000000000800040e                Vector290
                0x000000000800040e                Vector1E8
                0x000000000800040e                Vector170
                0x000000000800040e                Vector220
                0x000000000800040e                Vector298
                0x000000000800040e                Vector88
                0x000000000800040e                Vector29C
                0x000000000800040e                Vector104
                0x000000000800040e                Vector184
                0x000000000800040e                Vector10C
                0x000000000800040e                Vector21C
                0x000000000800040e                Vector268
                0x000000000800040e                Vector14C
                0x000000000800040e                BusFault_Handler
                0x000000000800040e                Vector50
                0x000000000800040e                Vector1C8
                0x000000000800040e                Vector194
                0x000000000800040e                Vector1DC
                0x000000000800040e                Vector44
                0x000000000800040e                Vector28
                0x000000000800040e                VectorB8
                0x000000000800040e                Vector2A4
                0x000000000800040e                Vector34
                0x000000000800040e                Vector248
                0x000000000800040e                VectorA4
                0x000000000800040e                Vector25C
                0x000000000800040e                Vector20
                0x000000000800040e                Vector18C
                0x000000000800040e                Vector174
                0x0000000008000412                _unhandled_exception
 .text          0x0000000008000414       0x32 build/obj/chcoreasm.o
                0x0000000008000414                __port_switch
                0x000000000800042c                __port_thread_start
                0x000000000800043e                __port_switch_from_isr
                0x0000000008000442                __port_exit_from_isr
 *fill*         0x0000000008000446        0x2 
 .text          0x0000000008000448      0x134 /opt/gcc-arm-none-eabi-10-2020-q4-major/bin/../lib/gcc/arm-none-eabi/10.2.1/../../../../arm-none-eabi/lib/thumb/v7e-m+dp/hard/libg.a(lib_a-memcpy.o)
                0x0000000008000448                memcpy
 .text          0x000000000800057c       0x30 /opt/gcc-arm-none-eabi-10-2020-q4-major/bin/../lib/gcc/arm-none-eabi/10.2.1/thumb/v7e-m+dp/hard/libgcc.a(_aeabi_uldivmod.o)
                0x000000000800057c                __aeabi_uldivmod
 .text          0x00000000080005ac      0x2d0 /opt/gcc-arm-none-eabi-10-2020-q4-major/bin/../lib/gcc/arm-none-eabi/10.2.1/thumb/v7e-m+dp/hard/libgcc.a(_udivmoddi4.o)
                0x00000000080005ac                __udivmoddi4
 .text          0x000000000800087c        0x4 /opt/gcc-arm-none-eabi-10-2020-q4-major/bin/../lib/gcc/arm-none-eabi/10.2.1/thumb/v7e-m+dp/hard/libgcc.a(_dvmd_tls.o)
                0x000000000800087c                __aeabi_ldiv0
                0x000000000800087c                __aeabi_idiv0
 *(.text.*)
 .text._ctl     0x0000000008000880        0xc /tmp/BPRL.elf.ORxd4l.ltrans0.ltrans.o
 *fill*         0x000000000800088c        0x4 
 .text.notify3  0x0000000008000890       0x10 /tmp/BPRL.elf.ORxd4l.ltrans0.ltrans.o
 .text.__idle_thread
                0x00000000080008a0        0x4 /tmp/BPRL.elf.ORxd4l.ltrans0.ltrans.o
 *fill*         0x00000000080008a4        0xc 
 .text.chTMStartMeasurementX
                0x00000000080008b0        0xc /tmp/BPRL.elf.ORxd4l.ltrans0.ltrans.o
 *fill*         0x00000000080008bc        0x4 
 .text.chTMStopMeasurementX
                0x00000000080008c0       0x44 /tmp/BPRL.elf.ORxd4l.ltrans0.ltrans.o
 *fill*         0x0000000008000904        0xc 
 .text.chCoreAllocFromTop
                0x0000000008000910       0x40 /tmp/BPRL.elf.ORxd4l.ltrans0.ltrans.o
 .text.chCoreAllocAlignedI
                0x0000000008000950       0x20 /tmp/BPRL.elf.ORxd4l.ltrans0.ltrans.o
 .text._ZN3PID6updateEf
                0x0000000008000970      0x13c /tmp/BPRL.elf.ORxd4l.ltrans0.ltrans.o
 *fill*         0x0000000008000aac        0x4 
 .text.trace_next.constprop.0
                0x0000000008000ab0       0x3c /tmp/BPRL.elf.ORxd4l.ltrans0.ltrans.o
 *fill*         0x0000000008000aec        0x4 
 .text.__sch_ready_ahead
                0x0000000008000af0       0x50 /tmp/BPRL.elf.ORxd4l.ltrans0.ltrans.o
 .text.__sch_ready_behind.isra.0
                0x0000000008000b40       0x4c /tmp/BPRL.elf.ORxd4l.ltrans0.ltrans.o
 *fill*         0x0000000008000b8c        0x4 
 .text.chEvtBroadcastFlagsI
                0x0000000008000b90       0x58 /tmp/BPRL.elf.ORxd4l.ltrans0.ltrans.o
 *fill*         0x0000000008000be8        0x8 
 .text.__sch_wakeup
                0x0000000008000bf0       0x94 /tmp/BPRL.elf.ORxd4l.ltrans0.ltrans.o
 *fill*         0x0000000008000c84        0xc 
 .text.chThdDequeueAllI.constprop.0
                0x0000000008000c90       0x64 /tmp/BPRL.elf.ORxd4l.ltrans0.ltrans.o
 *fill*         0x0000000008000cf4        0xc 
 .text.vt_insert_first.constprop.0
                0x0000000008000d00       0x60 /tmp/BPRL.elf.ORxd4l.ltrans0.ltrans.o
 .text.chSchGoSleepS
                0x0000000008000d60       0x58 /tmp/BPRL.elf.ORxd4l.ltrans0.ltrans.o
 *fill*         0x0000000008000db8        0x8 
 .text.chSchGoSleepTimeoutS
                0x0000000008000dc0      0x164 /tmp/BPRL.elf.ORxd4l.ltrans0.ltrans.o
 *fill*         0x0000000008000f24        0xc 
 .text.oqWriteTimeout
                0x0000000008000f30       0xf4 /tmp/BPRL.elf.ORxd4l.ltrans0.ltrans.o
 *fill*         0x0000000008001024        0xc 
 .text._write   0x0000000008001030        0xc /tmp/BPRL.elf.ORxd4l.ltrans0.ltrans.o
 *fill*         0x000000000800103c        0x4 
 .text._writet  0x0000000008001040        0x8 /tmp/BPRL.elf.ORxd4l.ltrans0.ltrans.o
 *fill*         0x0000000008001048        0x8 
 .text.iqGetTimeout
                0x0000000008001050       0x6c /tmp/BPRL.elf.ORxd4l.ltrans0.ltrans.o
 *fill*         0x00000000080010bc        0x4 
 .text._get     0x00000000080010c0        0xc /tmp/BPRL.elf.ORxd4l.ltrans0.ltrans.o
 *fill*         0x00000000080010cc        0x4 
 .text._gett    0x00000000080010d0        0x8 /tmp/BPRL.elf.ORxd4l.ltrans0.ltrans.o
 *fill*         0x00000000080010d8        0x8 
 .text.iqReadTimeout
                0x00000000080010e0       0xf4 /tmp/BPRL.elf.ORxd4l.ltrans0.ltrans.o
 *fill*         0x00000000080011d4        0xc 
 .text._read    0x00000000080011e0        0xc /tmp/BPRL.elf.ORxd4l.ltrans0.ltrans.o
 *fill*         0x00000000080011ec        0x4 
 .text._readt   0x00000000080011f0        0x8 /tmp/BPRL.elf.ORxd4l.ltrans0.ltrans.o
 *fill*         0x00000000080011f8        0x8 
 .text.oqPutTimeout
                0x0000000008001200       0x78 /tmp/BPRL.elf.ORxd4l.ltrans0.ltrans.o
 *fill*         0x0000000008001278        0x8 
 .text._put     0x0000000008001280        0xc /tmp/BPRL.elf.ORxd4l.ltrans0.ltrans.o
 *fill*         0x000000000800128c        0x4 
 .text._putt    0x0000000008001290        0x8 /tmp/BPRL.elf.ORxd4l.ltrans0.ltrans.o
 *fill*         0x0000000008001298        0x8 
 .text._ZL9SPIThreadPv
                0x00000000080012a0       0x48 /tmp/BPRL.elf.ORxd4l.ltrans0.ltrans.o
 *fill*         0x00000000080012e8        0x8 
 .text._ZL9CANThreadPv
                0x00000000080012f0       0x48 /tmp/BPRL.elf.ORxd4l.ltrans0.ltrans.o
 *fill*         0x0000000008001338        0x8 
 .text._ZL9I2CThreadPv
                0x0000000008001340       0x48 /tmp/BPRL.elf.ORxd4l.ltrans0.ltrans.o
 *fill*         0x0000000008001388        0x8 
 .text._ZL11HouseThreadPv
                0x0000000008001390       0x38 /tmp/BPRL.elf.ORxd4l.ltrans0.ltrans.o
 *fill*         0x00000000080013c8        0x8 
 .text.chMtxLockS
                0x00000000080013d0       0xc4 /tmp/BPRL.elf.ORxd4l.ltrans0.ltrans.o
 *fill*         0x0000000008001494        0xc 
 .text.chThdCreateStatic.constprop.0.isra.0
                0x00000000080014a0       0xc0 /tmp/BPRL.elf.ORxd4l.ltrans0.ltrans.o
 .text.__port_irq_epilogue.part.0
                0x0000000008001560       0x48 /tmp/BPRL.elf.ORxd4l.ltrans0.ltrans.o
 *fill*         0x00000000080015a8        0x8 
 .text.__cpu_init
                0x00000000080015b0       0x80 /tmp/BPRL.elf.ORxd4l.ltrans0.ltrans.o
                0x00000000080015b0                __cpu_init
 .text.__early_init
                0x0000000008001630        0x4 /tmp/BPRL.elf.ORxd4l.ltrans0.ltrans.o
                0x0000000008001630                __early_init
 *fill*         0x0000000008001634        0xc 
 .text.__late_init
                0x0000000008001640        0x4 /tmp/BPRL.elf.ORxd4l.ltrans0.ltrans.o
                0x0000000008001640                __late_init
 *fill*         0x0000000008001644        0xc 
 .text.__default_exit
                0x0000000008001650        0x4 /tmp/BPRL.elf.ORxd4l.ltrans0.ltrans.o
                0x0000000008001650                __default_exit
 *fill*         0x0000000008001654        0xc 
 .text.__init_ram_areas
                0x0000000008001660       0xc8 /tmp/BPRL.elf.ORxd4l.ltrans0.ltrans.o
                0x0000000008001660                __init_ram_areas
 *fill*         0x0000000008001728        0x8 
 .text.Vector8C
                0x0000000008001730      0x12c /tmp/BPRL.elf.ORxd4l.ltrans0.ltrans.o
                0x0000000008001730                Vector8C
 *fill*         0x000000000800185c        0x4 
 .text.VectorDC
                0x0000000008001860      0x248 /tmp/BPRL.elf.ORxd4l.ltrans0.ltrans.o
                0x0000000008001860                VectorDC
 *fill*         0x0000000008001aa8        0x8 
 .text.VectorB0
                0x0000000008001ab0      0x194 /tmp/BPRL.elf.ORxd4l.ltrans0.ltrans.o
                0x0000000008001ab0                VectorB0
 *fill*         0x0000000008001c44        0xc 
 .text.Vector6C
                0x0000000008001c50       0x98 /tmp/BPRL.elf.ORxd4l.ltrans0.ltrans.o
                0x0000000008001c50                Vector6C
 *fill*         0x0000000008001ce8        0x8 
 .text.Vector70
                0x0000000008001cf0       0x9c /tmp/BPRL.elf.ORxd4l.ltrans0.ltrans.o
                0x0000000008001cf0                Vector70
 *fill*         0x0000000008001d8c        0x4 
 .text.Vector74
                0x0000000008001d90       0x9c /tmp/BPRL.elf.ORxd4l.ltrans0.ltrans.o
                0x0000000008001d90                Vector74
 *fill*         0x0000000008001e2c        0x4 
 .text.Vector78
                0x0000000008001e30       0x9c /tmp/BPRL.elf.ORxd4l.ltrans0.ltrans.o
                0x0000000008001e30                Vector78
 *fill*         0x0000000008001ecc        0x4 
 .text.Vector7C
                0x0000000008001ed0       0x98 /tmp/BPRL.elf.ORxd4l.ltrans0.ltrans.o
                0x0000000008001ed0                Vector7C
 *fill*         0x0000000008001f68        0x8 
 .text.Vector80
                0x0000000008001f70       0x9c /tmp/BPRL.elf.ORxd4l.ltrans0.ltrans.o
                0x0000000008001f70                Vector80
 *fill*         0x000000000800200c        0x4 
 .text.Vector84
                0x0000000008002010       0x9c /tmp/BPRL.elf.ORxd4l.ltrans0.ltrans.o
                0x0000000008002010                Vector84
 *fill*         0x00000000080020ac        0x4 
 .text.VectorFC
                0x00000000080020b0       0x9c /tmp/BPRL.elf.ORxd4l.ltrans0.ltrans.o
                0x00000000080020b0                VectorFC
 *fill*         0x000000000800214c        0x4 
 .text.Vector120
                0x0000000008002150       0x98 /tmp/BPRL.elf.ORxd4l.ltrans0.ltrans.o
                0x0000000008002150                Vector120
 *fill*         0x00000000080021e8        0x8 
 .text.Vector124
                0x00000000080021f0       0x9c /tmp/BPRL.elf.ORxd4l.ltrans0.ltrans.o
                0x00000000080021f0                Vector124
 *fill*         0x000000000800228c        0x4 
 .text.Vector128
                0x0000000008002290       0x9c /tmp/BPRL.elf.ORxd4l.ltrans0.ltrans.o
                0x0000000008002290                Vector128
 *fill*         0x000000000800232c        0x4 
 .text.Vector12C
                0x0000000008002330       0x9c /tmp/BPRL.elf.ORxd4l.ltrans0.ltrans.o
                0x0000000008002330                Vector12C
 *fill*         0x00000000080023cc        0x4 
 .text.Vector130
                0x00000000080023d0       0x98 /tmp/BPRL.elf.ORxd4l.ltrans0.ltrans.o
                0x00000000080023d0                Vector130
 *fill*         0x0000000008002468        0x8 
 .text.Vector150
                0x0000000008002470       0x9c /tmp/BPRL.elf.ORxd4l.ltrans0.ltrans.o
                0x0000000008002470                Vector150
 *fill*         0x000000000800250c        0x4 
 .text.Vector154
                0x0000000008002510       0x9c /tmp/BPRL.elf.ORxd4l.ltrans0.ltrans.o
                0x0000000008002510                Vector154
 *fill*         0x00000000080025ac        0x4 
 .text.Vector158
                0x00000000080025b0       0x9c /tmp/BPRL.elf.ORxd4l.ltrans0.ltrans.o
                0x00000000080025b0                Vector158
 *fill*         0x000000000800264c        0x4 
 .text.VectorCC
                0x0000000008002650       0x94 /tmp/BPRL.elf.ORxd4l.ltrans0.ltrans.o
                0x0000000008002650                VectorCC
 *fill*         0x00000000080026e4        0xc 
 .text.Vector190
                0x00000000080026f0       0x94 /tmp/BPRL.elf.ORxd4l.ltrans0.ltrans.o
                0x00000000080026f0                Vector190
 *fill*         0x0000000008002784        0xc 
 .text.__sch_reschedule_ahead
                0x0000000008002790       0x5c /tmp/BPRL.elf.ORxd4l.ltrans0.ltrans.o
                0x0000000008002790                chSchDoPreemption
 *fill*         0x00000000080027ec        0x4 
 .text.chMtxUnlock
                0x00000000080027f0       0x70 /tmp/BPRL.elf.ORxd4l.ltrans0.ltrans.o
 .text._ZL14StateEstThreadPv
                0x0000000008002860       0xc8 /tmp/BPRL.elf.ORxd4l.ltrans0.ltrans.o
 *fill*         0x0000000008002928        0x8 
 .text._ZL13ControlThreadPv
                0x0000000008002930      0x108 /tmp/BPRL.elf.ORxd4l.ltrans0.ltrans.o
 *fill*         0x0000000008002a38        0x8 
 .text._ZL11RadioThreadPv
                0x0000000008002a40       0xd4 /tmp/BPRL.elf.ORxd4l.ltrans0.ltrans.o
 *fill*         0x0000000008002b14        0xc 
 .text.chThdExit
                0x0000000008002b20       0x58 /tmp/BPRL.elf.ORxd4l.ltrans0.ltrans.o
                0x0000000008002b20                chThdExit
 *fill*         0x0000000008002b78        0x8 
 .text.SVC_Handler
                0x0000000008002b80       0x20 /tmp/BPRL.elf.ORxd4l.ltrans0.ltrans.o
                0x0000000008002b80                SVC_Handler
 .text.startup.main
                0x0000000008002ba0      0x5fc /tmp/BPRL.elf.ORxd4l.ltrans0.ltrans.o
                0x0000000008002ba0                main
 *fill*         0x000000000800319c        0x4 
 .text.startup._GLOBAL__sub_I__Z17bprl_can_registermPFvRK10CANRxFramePvES2_
                0x00000000080031a0       0xe0 /tmp/BPRL.elf.ORxd4l.ltrans0.ltrans.o
 .text.memset   0x0000000008003280       0xa4 /opt/gcc-arm-none-eabi-10-2020-q4-major/bin/../lib/gcc/arm-none-eabi/10.2.1/../../../../arm-none-eabi/lib/thumb/v7e-m+dp/hard/libg.a(lib_a-memset.o)
                0x0000000008003280                memset
 *(.glue_7t)
 .glue_7t       0x0000000008003324        0x0 linker stubs
 *(.glue_7)
 .glue_7        0x0000000008003324        0x0 linker stubs
 *(.gcc*)
                0x0000000008003324                __text_end__ = .

.vfp11_veneer   0x0000000008003324        0x0
 .vfp11_veneer  0x0000000008003324        0x0 linker stubs

.v4_bx          0x0000000008003324        0x0
 .v4_bx         0x0000000008003324        0x0 linker stubs

.iplt           0x0000000008003324        0x0
 .iplt          0x0000000008003324        0x0 build/obj/crt0_v7m.o

.rodata         0x0000000008003324      0x320
                0x0000000008003324                __rodata_base__ = .
 *(.rodata)
 *(.rodata.*)
 .rodata._ZL9SPIThreadPv.str1.4
                0x0000000008003324        0x4 /tmp/BPRL.elf.ORxd4l.ltrans0.ltrans.o
 .rodata._ZL9CANThreadPv.str1.4
                0x0000000008003328        0x4 /tmp/BPRL.elf.ORxd4l.ltrans0.ltrans.o
 .rodata._ZL9I2CThreadPv.str1.4
                0x000000000800332c        0x4 /tmp/BPRL.elf.ORxd4l.ltrans0.ltrans.o
 .rodata._ZL11HouseThreadPv.str1.4
                0x0000000008003330        0x6 /tmp/BPRL.elf.ORxd4l.ltrans0.ltrans.o
 *fill*         0x0000000008003336        0x2 
 .rodata.chThdCreateStatic.constprop.0.isra.0.str1.4
                0x0000000008003338        0x7 /tmp/BPRL.elf.ORxd4l.ltrans0.ltrans.o
 *fill*         0x000000000800333f        0x1 
 .rodata._ZL14StateEstThreadPv.str1.4
                0x0000000008003340        0x4 /tmp/BPRL.elf.ORxd4l.ltrans0.ltrans.o
 .rodata._ZL13ControlThreadPv.str1.4
                0x0000000008003344        0x5 /tmp/BPRL.elf.ORxd4l.ltrans0.ltrans.o
 *fill*         0x0000000008003349        0x3 
 .rodata._ZL11RadioThreadPv.str1.4
                0x000000000800334c        0x6 /tmp/BPRL.elf.ORxd4l.ltrans0.ltrans.o
 *fill*         0x0000000008003352        0x2 
 .rodata.main.str1.4
                0x0000000008003354        0x5 /tmp/BPRL.elf.ORxd4l.ltrans0.ltrans.o
 *fill*         0x0000000008003359        0x3 
 .rodata.str1.4
                0x000000000800335c        0x3 /tmp/BPRL.elf.ORxd4l.ltrans0.ltrans.o
 *fill*         0x000000000800335f        0x1 
 .rodata.__func__.0.lto_priv.0
                0x0000000008003360        0x9 /tmp/BPRL.elf.ORxd4l.ltrans0.ltrans.o
 *fill*         0x0000000008003369        0x3 
 .rodata.__func__.0.lto_priv.1
                0x000000000800336c        0xa /tmp/BPRL.elf.ORxd4l.ltrans0.ltrans.o
 *fill*         0x0000000008003376        0x2 
 .rodata.__func__.0.lto_priv.2
                0x0000000008003378        0xa /tmp/BPRL.elf.ORxd4l.ltrans0.ltrans.o
 *fill*         0x0000000008003382        0x2 
 .rodata.__func__.1.lto_priv.0
                0x0000000008003384        0x9 /tmp/BPRL.elf.ORxd4l.ltrans0.ltrans.o
 *fill*         0x000000000800338d        0x3 
 .rodata.__func__.1.lto_priv.1
                0x0000000008003390        0xa /tmp/BPRL.elf.ORxd4l.ltrans0.ltrans.o
 *fill*         0x000000000800339a        0x2 
 .rodata.__func__.1.lto_priv.2
                0x000000000800339c        0x9 /tmp/BPRL.elf.ORxd4l.ltrans0.ltrans.o
 *fill*         0x00000000080033a5        0x3 
 .rodata.__func__.10
                0x00000000080033a8        0x9 /tmp/BPRL.elf.ORxd4l.ltrans0.ltrans.o
 *fill*         0x00000000080033b1        0x3 
 .rodata.__func__.11
                0x00000000080033b4        0x9 /tmp/BPRL.elf.ORxd4l.ltrans0.ltrans.o
 *fill*         0x00000000080033bd        0x3 
 .rodata.__func__.12
                0x00000000080033c0        0x9 /tmp/BPRL.elf.ORxd4l.ltrans0.ltrans.o
 *fill*         0x00000000080033c9        0x3 
 .rodata.__func__.13
                0x00000000080033cc        0x9 /tmp/BPRL.elf.ORxd4l.ltrans0.ltrans.o
 *fill*         0x00000000080033d5        0x3 
 .rodata.__func__.14
                0x00000000080033d8        0x9 /tmp/BPRL.elf.ORxd4l.ltrans0.ltrans.o
 *fill*         0x00000000080033e1        0x3 
 .rodata.__func__.15
                0x00000000080033e4        0x9 /tmp/BPRL.elf.ORxd4l.ltrans0.ltrans.o
 *fill*         0x00000000080033ed        0x3 
 .rodata.__func__.2.lto_priv.0
                0x00000000080033f0        0x9 /tmp/BPRL.elf.ORxd4l.ltrans0.ltrans.o
 *fill*         0x00000000080033f9        0x3 
 .rodata.__func__.2.lto_priv.1
                0x00000000080033fc        0xa /tmp/BPRL.elf.ORxd4l.ltrans0.ltrans.o
 *fill*         0x0000000008003406        0x2 
 .rodata.__func__.3
                0x0000000008003408        0xa /tmp/BPRL.elf.ORxd4l.ltrans0.ltrans.o
 *fill*         0x0000000008003412        0x2 
 .rodata.__func__.4
                0x0000000008003414        0xa /tmp/BPRL.elf.ORxd4l.ltrans0.ltrans.o
 *fill*         0x000000000800341e        0x2 
 .rodata.__func__.5
                0x0000000008003420        0xa /tmp/BPRL.elf.ORxd4l.ltrans0.ltrans.o
 *fill*         0x000000000800342a        0x2 
 .rodata.__func__.6
                0x000000000800342c        0xa /tmp/BPRL.elf.ORxd4l.ltrans0.ltrans.o
 *fill*         0x0000000008003436        0x2 
 .rodata.__func__.7
                0x0000000008003438        0xa /tmp/BPRL.elf.ORxd4l.ltrans0.ltrans.o
 *fill*         0x0000000008003442        0x2 
 .rodata.__func__.8
                0x0000000008003444        0x9 /tmp/BPRL.elf.ORxd4l.ltrans0.ltrans.o
 *fill*         0x000000000800344d        0x3 
 .rodata.__func__.9
                0x0000000008003450        0x9 /tmp/BPRL.elf.ORxd4l.ltrans0.ltrans.o
 *fill*         0x0000000008003459        0x3 
 .rodata._stm32_dma_streams
                0x000000000800345c      0x100 /tmp/BPRL.elf.ORxd4l.ltrans0.ltrans.o
 .rodata.ch_core0_cfg
                0x000000000800355c       0x14 /tmp/BPRL.elf.ORxd4l.ltrans0.ltrans.o
 .rodata.ch_debug
                0x0000000008003570       0x2c /tmp/BPRL.elf.ORxd4l.ltrans0.ltrans.o
 .rodata.ram_areas
                0x000000000800359c       0x80 /tmp/BPRL.elf.ORxd4l.ltrans0.ltrans.o
 .rodata.vmt    0x000000000800361c       0x28 /tmp/BPRL.elf.ORxd4l.ltrans0.ltrans.o
                0x0000000008003644                . = ALIGN (0x4)
                0x0000000008003644                __rodata_end__ = .

.ARM.extab
 *(.ARM.extab* .gnu.linkonce.armextab.*)

.ARM.exidx      0x0000000008003644        0x8
                0x0000000008003644                __exidx_base__ = .
                0x0000000008003644                __exidx_start = .
 *(.ARM.exidx* .gnu.linkonce.armexidx.*)
 .ARM.exidx.text._ZN3PID6updateEf
                0x000000000800364c        0x0 /tmp/BPRL.elf.ORxd4l.ltrans0.ltrans.o
                                          0x8 (size before relaxing)
 .ARM.exidx.text._ZL9SPIThreadPv
                0x000000000800364c        0x0 /tmp/BPRL.elf.ORxd4l.ltrans0.ltrans.o
                                          0x8 (size before relaxing)
 .ARM.exidx.text._ZL9CANThreadPv
                0x000000000800364c        0x0 /tmp/BPRL.elf.ORxd4l.ltrans0.ltrans.o
                                          0x8 (size before relaxing)
 .ARM.exidx.text._ZL9I2CThreadPv
                0x000000000800364c        0x0 /tmp/BPRL.elf.ORxd4l.ltrans0.ltrans.o
                                          0x8 (size before relaxing)
 .ARM.exidx.text._ZL11HouseThreadPv
                0x000000000800364c        0x0 /tmp/BPRL.elf.ORxd4l.ltrans0.ltrans.o
                                          0x8 (size before relaxing)
 .ARM.exidx.text._ZL14StateEstThreadPv
                0x000000000800364c        0x0 /tmp/BPRL.elf.ORxd4l.ltrans0.ltrans.o
                                          0x8 (size before relaxing)
 .ARM.exidx.text._ZL13ControlThreadPv
                0x000000000800364c        0x0 /tmp/BPRL.elf.ORxd4l.ltrans0.ltrans.o
                                          0x8 (size before relaxing)
 .ARM.exidx.text._ZL11RadioThreadPv
                0x000000000800364c        0x0 /tmp/BPRL.elf.ORxd4l.ltrans0.ltrans.o
                                          0x8 (size before relaxing)
 .ARM.exidx.text.startup.main
                0x000000000800364c        0x0 /tmp/BPRL.elf.ORxd4l.ltrans0.ltrans.o
                                          0x8 (size before relaxing)
 .ARM.exidx.text.startup._GLOBAL__sub_I__Z17bprl_can_registermPFvRK10CANRxFramePvES2_
                0x000000000800364c        0x0 /tmp/BPRL.elf.ORxd4l.ltrans0.ltrans.o
                                          0x8 (size before relaxing)
 .ARM.exidx     0x0000000008003644        0x8 /opt/gcc-arm-none-eabi-10-2020-q4-major/bin/../lib/gcc/arm-none-eabi/10.2.1/thumb/v7e-m+dp/hard/libgcc.a(_udivmoddi4.o)
                0x000000000800364c                __exidx_end__ = .
                0x000000000800364c                __exidx_end = .

.rel.dyn        0x000000000800364c        0x0
 .rel.iplt      0x000000000800364c        0x0 build/obj/crt0_v7m.o

.eh_frame_hdr
 *(.eh_frame_hdr)

.eh_frame
 *(.eh_frame)

.data           0x0000000024000000       0x30 load address 0x000000000800364c
                [!provide]                        PROVIDE (_textdata = LOADADDR (.data))
                [!provide]                        PROVIDE (_data = .)
                0x000000000800364c                __textdata_base__ = LOADADDR (.data)
                0x0000000024000000                __data_base__ = .
 *(.data)
 *(.data.*)
 .data._ZL11can_imu_mtx
                0x0000000024000000       0x10 /tmp/BPRL.elf.ORxd4l.ltrans0.ltrans.o
 .data._ZL7imu_mtx
                0x0000000024000010       0x10 /tmp/BPRL.elf.ORxd4l.ltrans0.ltrans.o
 .data._ZL9state_mtx
                0x0000000024000020       0x10 /tmp/BPRL.elf.ORxd4l.ltrans0.ltrans.o
 *(.ramtext)
                0x0000000024000030                . = ALIGN (0x4)
                [!provide]                        PROVIDE (_edata = .)
                0x0000000024000030                __data_end__ = .

.igot.plt       0x0000000024000030        0x0 load address 0x000000000800367c
 .igot.plt      0x0000000024000030        0x0 build/obj/crt0_v7m.o

.bss            0x0000000024000030     0x45e4 load address 0x000000000800367c
                0x0000000024000030                __bss_base__ = .
 *(.bss)
 *(.bss.*)
 .bss.CAND1     0x0000000024000030       0x34 /tmp/BPRL.elf.ORxd4l.ltrans0.ltrans.o
 .bss.SD3       0x0000000024000064       0x64 /tmp/BPRL.elf.ORxd4l.ltrans0.ltrans.o
 .bss.SPID1     0x00000000240000c8       0x30 /tmp/BPRL.elf.ORxd4l.ltrans0.ltrans.o
 .bss.SPID4     0x00000000240000f8       0x30 /tmp/BPRL.elf.ORxd4l.ltrans0.ltrans.o
 .bss._ZL10waStateEst
                0x0000000024000128      0x9c0 /tmp/BPRL.elf.ORxd4l.ltrans0.ltrans.o
 .bss._ZL5waCAN
                0x0000000024000ae8      0x9c0 /tmp/BPRL.elf.ORxd4l.ltrans0.ltrans.o
 .bss._ZL5waI2C
                0x00000000240014a8      0x5c0 /tmp/BPRL.elf.ORxd4l.ltrans0.ltrans.o
 .bss._ZL5waSPI
                0x0000000024001a68      0x9c0 /tmp/BPRL.elf.ORxd4l.ltrans0.ltrans.o
 .bss._ZL7g_armed
                0x0000000024002428        0x1 /tmp/BPRL.elf.ORxd4l.ltrans0.ltrans.o
 *fill*         0x0000000024002429        0x3 
 .bss._ZL7g_input
                0x000000002400242c       0x10 /tmp/BPRL.elf.ORxd4l.ltrans0.ltrans.o
 .bss._ZL7g_state
                0x000000002400243c       0x24 /tmp/BPRL.elf.ORxd4l.ltrans0.ltrans.o
 .bss._ZL7waHouse
                0x0000000024002460      0x5c0 /tmp/BPRL.elf.ORxd4l.ltrans0.ltrans.o
 .bss._ZL7waRadio
                0x0000000024002a20      0x5c0 /tmp/BPRL.elf.ORxd4l.ltrans0.ltrans.o
 .bss._ZL8att_ctrl
                0x0000000024002fe0       0xc8 /tmp/BPRL.elf.ORxd4l.ltrans0.ltrans.o
 .bss._ZL9waControl
                0x00000000240030a8      0x9c0 /tmp/BPRL.elf.ORxd4l.ltrans0.ltrans.o
 .bss.ch0       0x0000000024003a68      0x890 /tmp/BPRL.elf.ORxd4l.ltrans0.ltrans.o
 .bss.ch_c0_idle_thread_wa
                0x00000000240042f8      0x200 /tmp/BPRL.elf.ORxd4l.ltrans0.ltrans.o
 .bss.ch_factory
                0x00000000240044f8       0x48 /tmp/BPRL.elf.ORxd4l.ltrans0.ltrans.o
 .bss.ch_memcore
                0x0000000024004540        0x8 /tmp/BPRL.elf.ORxd4l.ltrans0.ltrans.o
 .bss.ch_system
                0x0000000024004548        0xc /tmp/BPRL.elf.ORxd4l.ltrans0.ltrans.o
 .bss.default_heap
                0x0000000024004554       0x1c /tmp/BPRL.elf.ORxd4l.ltrans0.ltrans.o
 .bss.dma       0x0000000024004570       0x84 /tmp/BPRL.elf.ORxd4l.ltrans0.ltrans.o
 .bss.sd_in_buf3
                0x00000000240045f4       0x10 /tmp/BPRL.elf.ORxd4l.ltrans0.ltrans.o
 .bss.sd_out_buf3
                0x0000000024004604       0x10 /tmp/BPRL.elf.ORxd4l.ltrans0.ltrans.o
 *(COMMON)
                0x0000000024004614                . = ALIGN (0x4)
                0x0000000024004614                __bss_end__ = .
                [!provide]                        PROVIDE (end = .)
                0x0000000024000000                __ram0_base__ = ORIGIN (ram0)
                0x0000000000080000                __ram0_size__ = LENGTH (ram0)
                0x0000000024080000                __ram0_end__ = (__ram0_base__ + __ram0_size__)
                0x0000000030000000                __ram1_base__ = ORIGIN (ram1)
                0x0000000000040000                __ram1_size__ = LENGTH (ram1)
                0x0000000030040000                __ram1_end__ = (__ram1_base__ + __ram1_size__)
                0x0000000030000000                __ram2_base__ = ORIGIN (ram2)
                0x0000000000048000                __ram2_size__ = LENGTH (ram2)
                0x0000000030048000                __ram2_end__ = (__ram2_base__ + __ram2_size__)
                0x0000000030040000                __ram3_base__ = ORIGIN (ram3)
                0x0000000000008000                __ram3_size__ = LENGTH (ram3)
                0x0000000030048000                __ram3_end__ = (__ram3_base__ + __ram3_size__)
                0x0000000038000000                __ram4_base__ = ORIGIN (ram4)
                0x0000000000010000                __ram4_size__ = LENGTH (ram4)
                0x0000000038010000                __ram4_end__ = (__ram4_base__ + __ram4_size__)
                0x0000000020000000                __ram5_base__ = ORIGIN (ram5)
                0x0000000000020000                __ram5_size__ = LENGTH (ram5)
                0x0000000020020000                __ram5_end__ = (__ram5_base__ + __ram5_size__)
                0x0000000000000000                __ram6_base__ = ORIGIN (ram6)
                0x0000000000010000                __ram6_size__ = LENGTH (ram6)
                0x0000000000010000                __ram6_end__ = (__ram6_base__ + __ram6_size__)
                0x0000000038800000                __ram7_base__ = ORIGIN (ram7)
                0x0000000000001000                __ram7_size__ = LENGTH (ram7)
                0x0000000038801000                __ram7_end__ = (__ram7_base__ + __ram7_size__)
                0x0000000008000000                __flash0_base__ = ORIGIN (flash0)
                0x0000000000200000                __flash0_size__ = LENGTH (flash0)
                0x0000000008200000                __flash0_end__ = (__flash0_base__ + __flash0_size__)
                0x0000000008000000                __flash1_base__ = ORIGIN (flash1)
                0x0000000000100000                __flash1_size__ = LENGTH (flash1)
                0x0000000008100000                __flash1_end__ = (__flash1_base__ + __flash1_size__)
                0x0000000008100000                __flash2_base__ = ORIGIN (flash2)
                0x0000000000100000                __flash2_size__ = LENGTH (flash2)
                0x0000000008200000                __flash2_end__ = (__flash2_base__ + __flash2_size__)
                0x0000000000000000                __flash3_base__ = ORIGIN (flash3)
                0x0000000000000000                __flash3_size__ = LENGTH (flash3)
                0x0000000000000000                __flash3_end__ = (__flash3_base__ + __flash3_size__)
                0x0000000000000000                __flash4_base__ = ORIGIN (flash4)
                0x0000000000000000                __flash4_size__ = LENGTH (flash4)
                0x0000000000000000                __flash4_end__ = (__flash4_base__ + __flash4_size__)
                0x0000000000000000                __flash5_base__ = ORIGIN (flash5)
                0x0000000000000000                __flash5_size__ = LENGTH (flash5)
                0x0000000000000000                __flash5_end__ = (__flash5_base__ + __flash5_size__)
                0x0000000000000000                __flash6_base__ = ORIGIN (flash6)
                0x0000000000000000                __flash6_size__ = LENGTH (flash6)
                0x0000000000000000                __flash6_end__ = (__flash6_base__ + __flash6_size__)
                0x0000000000000000                __flash7_base__ = ORIGIN (flash7)
                0x0000000000000000                __flash7_size__ = LENGTH (flash7)
                0x0000000000000000                __flash7_end__ = (__flash7_base__ + __flash7_size__)

.ram0_init      0x0000000024004614        0x0 load address 0x000000000800367c
                0x000000000800367c                __ram0_init_text__ = LOADADDR (.ram0_init)
                0x0000000024004614                __ram0_init__ = .
 *(.ram0_init)
 *(.ram0_init.*)
                0x0000000024004614                . = ALIGN (0x4)

.ram0           0x0000000024004614        0x0 load address 0x000000000800367c
                0x0000000024004614                __ram0_clear__ = .
 *(.ram0_clear)
 *(.ram0_clear.*)
                0x0000000024004614                . = ALIGN (0x4)
                0x0000000024004614                __ram0_noinit__ = .
 *(.ram0)
 *(.ram0.*)
                0x0000000024004614                . = ALIGN (0x4)
                0x0000000024004614                __ram0_free__ = .

.ram1_init      0x0000000030000000        0x0 load address 0x000000000800367c
                0x000000000800367c                __ram1_init_text__ = LOADADDR (.ram1_init)
                0x0000000030000000                __ram1_init__ = .
 *(.ram1_init)
 *(.ram1_init.*)
                0x0000000030000000                . = ALIGN (0x4)

.ram1           0x0000000030000000        0x0 load address 0x000000000800367c
                0x0000000030000000                __ram1_clear__ = .
 *(.ram1_clear)
 *(.ram1_clear.*)
                0x0000000030000000                . = ALIGN (0x4)
                0x0000000030000000                __ram1_noinit__ = .
 *(.ram1)
 *(.ram1.*)
                0x0000000030000000                . = ALIGN (0x4)
                0x0000000030000000                __ram1_free__ = .

.ram2_init      0x0000000030000000        0x0 load address 0x000000000800367c
                0x000000000800367c                __ram2_init_text__ = LOADADDR (.ram2_init)
                0x0000000030000000                __ram2_init__ = .
 *(.ram2_init)
 *(.ram2_init.*)
                0x0000000030000000                . = ALIGN (0x4)

.ram2           0x0000000030000000        0x0 load address 0x000000000800367c
                0x0000000030000000                __ram2_clear__ = .
 *(.ram2_clear)
 *(.ram2_clear.*)
                0x0000000030000000                . = ALIGN (0x4)
                0x0000000030000000                __ram2_noinit__ = .
 *(.ram2)
 *(.ram2.*)
                0x0000000030000000                . = ALIGN (0x4)
                0x0000000030000000                __ram2_free__ = .

.ram3_init      0x0000000030040000        0x0 load address 0x000000000800367c
                0x000000000800367c                __ram3_init_text__ = LOADADDR (.ram3_init)
                0x0000000030040000                __ram3_init__ = .
 *(.ram3_init)
 *(.ram3_init.*)
                0x0000000030040000                . = ALIGN (0x4)

.ram3           0x0000000030040000        0x0 load address 0x000000000800367c
                0x0000000030040000                __ram3_clear__ = .
 *(.ram3_clear)
 *(.ram3_clear.*)
                0x0000000030040000                . = ALIGN (0x4)
                0x0000000030040000                __ram3_noinit__ = .
 *(.ram3)
 *(.ram3.*)
                0x0000000030040000                . = ALIGN (0x4)
                0x0000000030040000                __ram3_free__ = .

.ram4_init      0x0000000038000000        0x0 load address 0x000000000800367c
                0x000000000800367c                __ram4_init_text__ = LOADADDR (.ram4_init)
                0x0000000038000000                __ram4_init__ = .
 *(.ram4_init)
 *(.ram4_init.*)
                0x0000000038000000                . = ALIGN (0x4)

.ram4           0x0000000038000000        0x0 load address 0x000000000800367c
                0x0000000038000000                __ram4_clear__ = .
 *(.ram4_clear)
 *(.ram4_clear.*)
                0x0000000038000000                . = ALIGN (0x4)
                0x0000000038000000                __ram4_noinit__ = .
 *(.ram4)
 *(.ram4.*)
                0x0000000038000000                . = ALIGN (0x4)
                0x0000000038000000                __ram4_free__ = .

.ram5_init      0x0000000020001000        0x0 load address 0x000000000800367c
                0x000000000800367c                __ram5_init_text__ = LOADADDR (.ram5_init)
                0x0000000020001000                __ram5_init__ = .
 *(.ram5_init)
 *(.ram5_init.*)
                0x0000000020001000                . = ALIGN (0x4)

.ram5           0x0000000020001000        0x0 load address 0x000000000800367c
                0x0000000020001000                __ram5_clear__ = .
 *(.ram5_clear)
 *(.ram5_clear.*)
                0x0000000020001000                . = ALIGN (0x4)
                0x0000000020001000                __ram5_noinit__ = .
 *(.ram5)
 *(.ram5.*)
                0x0000000020001000                . = ALIGN (0x4)
                0x0000000020001000                __ram5_free__ = .

.ram6_init      0x0000000000000000        0x0 load address 0x000000000800367c
                0x000000000800367c                __ram6_init_text__ = LOADADDR (.ram6_init)
                0x0000000000000000                __ram6_init__ = .
 *(.ram6_init)
 *(.ram6_init.*)
                0x0000000000000000                . = ALIGN (0x4)

.ram6           0x0000000000000000        0x0 load address 0x000000000800367c
                0x0000000000000000                __ram6_clear__ = .
 *(.ram6_clear)
 *(.ram6_clear.*)
                0x0000000000000000                . = ALIGN (0x4)
                0x0000000000000000                __ram6_noinit__ = .
 *(.ram6)
 *(.ram6.*)
                0x0000000000000000                . = ALIGN (0x4)
                0x0000000000000000                __ram6_free__ = .

.ram7_init      0x0000000038800000        0x0 load address 0x000000000800367c
                0x000000000800367c                __ram7_init_text__ = LOADADDR (.ram7_init)
                0x0000000038800000                __ram7_init__ = .
 *(.ram7_init)
 *(.ram7_init.*)
                0x0000000038800000                . = ALIGN (0x4)

.ram7           0x0000000038800000        0x0 load address 0x000000000800367c
                0x0000000038800000                __ram7_clear__ = .
 *(.ram7_clear)
 *(.ram7_clear.*)
                0x0000000038800000                . = ALIGN (0x4)
                0x0000000038800000                __ram7_noinit__ = .
 *(.ram7)
 *(.ram7.*)
                0x0000000038800000                . = ALIGN (0x4)
                0x0000000038800000                __ram7_free__ = .

.flash0         0x000000000800367c        0x0
                0x000000000800367c                __flash0_init__ = .
 *(.flash0_init)
 *(.flash0_init.*)
                0x000000000800367c                __flash0_free__ = .

.flash1         0x0000000008000000        0x0
                0x0000000008000000                __flash1_init__ = .
 *(.flash1_init)
 *(.flash1_init.*)
                0x0000000008000000                __flash1_free__ = .

.flash2         0x0000000008100000        0x0
                0x0000000008100000                __flash2_init__ = .
 *(.flash2_init)
 *(.flash2_init.*)
                0x0000000008100000                __flash2_free__ = .

.flash3         0x0000000000000000        0x0
                0x0000000000000000                __flash3_init__ = .
 *(.flash3_init)
 *(.flash3_init.*)
                0x0000000000000000                __flash3_free__ = .

.flash4         0x0000000000000000        0x0
                0x0000000000000000                __flash4_init__ = .
 *(.flash4_init)
 *(.flash4_init.*)
                0x0000000000000000                __flash4_free__ = .

.flash5         0x0000000000000000        0x0
                0x0000000000000000                __flash5_init__ = .
 *(.flash5_init)
 *(.flash5_init.*)
                0x0000000000000000                __flash5_free__ = .

.flash6         0x0000000000000000        0x0
                0x0000000000000000                __flash6_init__ = .
 *(.flash6_init)
 *(.flash6_init.*)
                0x0000000000000000                __flash6_free__ = .

.flash7         0x0000000000000000        0x0
                0x0000000000000000                __flash7_init__ = .
 *(.flash7_init)
 *(.flash7_init.*)
                0x0000000000000000                __flash7_free__ = .

.heap           0x0000000024004614    0x7b9ec
                0x0000000024004618                . = ALIGN (0x8)
 *fill*         0x0000000024004614        0x4 
                0x0000000024004618                __heap_base__ = .
                0x0000000024080000                . = (ORIGIN (HEAP_RAM) + LENGTH (HEAP_RAM))
 *fill*         0x0000000024004618    0x7b9e8 
                0x0000000024080000                __heap_end__ = .
                0x0000000000000800                __process_stack_size__ = 0x800
                0x0000000000000800                __main_stack_size__ = 0x800
START GROUP
LOAD /opt/gcc-arm-none-eabi-10-2020-q4-major/bin/../lib/gcc/arm-none-eabi/10.2.1/thumb/v7e-m+dp/hard/libgcc.a
LOAD /opt/gcc-arm-none-eabi-10-2020-q4-major/bin/../lib/gcc/arm-none-eabi/10.2.1/../../../../arm-none-eabi/lib/thumb/v7e-m+dp/hard/libg.a
LOAD /opt/gcc-arm-none-eabi-10-2020-q4-major/bin/../lib/gcc/arm-none-eabi/10.2.1/../../../../arm-none-eabi/lib/thumb/v7e-m+dp/hard/libc.a
END GROUP
OUTPUT(build/BPRL.elf elf32-littlearm)
LOAD linker stubs

.ARM.attributes
                0x0000000000000000       0x33
 .ARM.attributes
                0x0000000000000000       0x25 build/obj/crt0_v7m.o
 .ARM.attributes
                0x0000000000000025       0x23 build/obj/vectors.o
 .ARM.attributes
                0x0000000000000048       0x25 build/obj/chcoreasm.o
 .ARM.attributes
                0x000000000000006d       0x30 /tmp/BPRL.elf.ORxd4l.ltrans0.ltrans.o
 .ARM.attributes
                0x000000000000009d       0x1c /opt/gcc-arm-none-eabi-10-2020-q4-major/bin/../lib/gcc/arm-none-eabi/10.2.1/../../../../arm-none-eabi/lib/thumb/v7e-m+dp/hard/libg.a(lib_a-memcpy.o)
 .ARM.attributes
                0x00000000000000b9       0x32 /opt/gcc-arm-none-eabi-10-2020-q4-major/bin/../lib/gcc/arm-none-eabi/10.2.1/../../../../arm-none-eabi/lib/thumb/v7e-m+dp/hard/libg.a(lib_a-memset.o)
 .ARM.attributes
                0x00000000000000eb       0x1e /opt/gcc-arm-none-eabi-10-2020-q4-major/bin/../lib/gcc/arm-none-eabi/10.2.1/thumb/v7e-m+dp/hard/libgcc.a(_aeabi_uldivmod.o)
 .ARM.attributes
                0x0000000000000109       0x32 /opt/gcc-arm-none-eabi-10-2020-q4-major/bin/../lib/gcc/arm-none-eabi/10.2.1/thumb/v7e-m+dp/hard/libgcc.a(_udivmoddi4.o)
 .ARM.attributes
                0x000000000000013b       0x1e /opt/gcc-arm-none-eabi-10-2020-q4-major/bin/../lib/gcc/arm-none-eabi/10.2.1/thumb/v7e-m+dp/hard/libgcc.a(_dvmd_tls.o)

.comment        0x0000000000000000       0x4d
 .comment       0x0000000000000000       0x4d /tmp/BPRL.elf.ORxd4l.ltrans0.ltrans.o
                                         0x4e (size before relaxing)

.debug_line     0x0000000000000000     0xf07a
 .debug_line    0x0000000000000000       0xe3 build/obj/crt0_v7m.o
 .debug_line    0x00000000000000e3       0x7a build/obj/vectors.o
 .debug_line    0x000000000000015d       0x8f build/obj/chcoreasm.o
 .debug_line    0x00000000000001ec     0x8b5e /tmp/BPRL.elf.ORxd4l.ltrans0.ltrans.o
 .debug_line    0x0000000000008d4a      0x162 /tmp/ccFRZSSS.debug.temp.o
 .debug_line    0x0000000000008eac       0x77 /tmp/cclU32vU.debug.temp.o
 .debug_line    0x0000000000008f23      0x1a5 /tmp/ccCnaRbH.debug.temp.o
 .debug_line    0x00000000000090c8      0x2a4 /tmp/ccXtTZTM.debug.temp.o
 .debug_line    0x000000000000936c      0x34f /tmp/ccO2oCZI.debug.temp.o
 .debug_line    0x00000000000096bb      0x3b2 /tmp/ccSqdFWH.debug.temp.o
 .debug_line    0x0000000000009a6d      0x42c /tmp/ccv9olX8.debug.temp.o
 .debug_line    0x0000000000009e99      0x147 /tmp/ccI0tE6t.debug.temp.o
 .debug_line    0x0000000000009fe0      0x756 /tmp/ccC0LoQ9.debug.temp.o
 .debug_line    0x000000000000a736      0x16a /tmp/cc6QAJHl.debug.temp.o
 .debug_line    0x000000000000a8a0      0x274 /tmp/ccjHzhKT.debug.temp.o
 .debug_line    0x000000000000ab14      0x390 /tmp/ccJt0En9.debug.temp.o
 .debug_line    0x000000000000aea4      0x48e /tmp/ccSp8u3y.debug.temp.o
 .debug_line    0x000000000000b332      0x2aa /tmp/ccXBXH37.debug.temp.o
 .debug_line    0x000000000000b5dc      0x3d7 /tmp/ccexWoiO.debug.temp.o
 .debug_line    0x000000000000b9b3      0x2eb /tmp/ccsjBCVv.debug.temp.o
 .debug_line    0x000000000000bc9e      0x203 /tmp/ccDnHpOV.debug.temp.o
 .debug_line    0x000000000000bea1      0x29d /tmp/ccINHNnd.debug.temp.o
 .debug_line    0x000000000000c13e      0x28c /tmp/ccvAkgLo.debug.temp.o
 .debug_line    0x000000000000c3ca      0x255 /tmp/ccT72ePW.debug.temp.o
 .debug_line    0x000000000000c61f      0x274 /tmp/ccFq5398.debug.temp.o
 .debug_line    0x000000000000c893      0x2f9 /tmp/ccUTo9uj.debug.temp.o
 .debug_line    0x000000000000cb8c      0x252 /tmp/cc1IFr0f.debug.temp.o
 .debug_line    0x000000000000cdde      0x2d1 /tmp/ccivgSFF.debug.temp.o
 .debug_line    0x000000000000d0af      0x265 /tmp/ccDa52BD.debug.temp.o
 .debug_line    0x000000000000d314      0x26a /tmp/ccLx0FBi.debug.temp.o
 .debug_line    0x000000000000d57e      0x231 /tmp/ccF4Radh.debug.temp.o
 .debug_line    0x000000000000d7af      0x29c /tmp/cczGWYYF.debug.temp.o
 .debug_line    0x000000000000da4b      0x273 /tmp/cclvosOv.debug.temp.o
 .debug_line    0x000000000000dcbe      0x2d5 /tmp/ccmmPoqm.debug.temp.o
 .debug_line    0x000000000000df93      0x270 /tmp/ccUuJNye.debug.temp.o
 .debug_line    0x000000000000e203      0x13b /tmp/cczRt6yS.debug.temp.o
 .debug_line    0x000000000000e33e      0x576 /tmp/ccbMcSBO.debug.temp.o
 .debug_line    0x000000000000e8b4      0x3fe /tmp/cc53hEKu.debug.temp.o
 .debug_line    0x000000000000ecb2      0x3c8 /tmp/ccJWVRAu.debug.temp.o

.debug_info     0x0000000000000000    0x2ba28
 .debug_info    0x0000000000000000       0x26 build/obj/crt0_v7m.o
 .debug_info    0x0000000000000026       0x26 build/obj/vectors.o
 .debug_info    0x000000000000004c       0x26 build/obj/chcoreasm.o
 .debug_info    0x0000000000000072     0xc03f /tmp/BPRL.elf.ORxd4l.ltrans0.ltrans.o
 .debug_info    0x000000000000c0b1      0x70d /tmp/ccFRZSSS.debug.temp.o
                0x000000000000c0b1                crt1.c.b6de2587
 .debug_info    0x000000000000c7be       0x8a /tmp/cclU32vU.debug.temp.o
                0x000000000000c7be                hal.c.cb4d8c38
 .debug_info    0x000000000000c848      0x315 /tmp/ccCnaRbH.debug.temp.o
                0x000000000000c848                hal_st.c.0e4b3f24
 .debug_info    0x000000000000cb5d      0x807 /tmp/ccXtTZTM.debug.temp.o
                0x000000000000cb5d                hal_queues.c.4ebce93a
 .debug_info    0x000000000000d364     0x1757 /tmp/ccO2oCZI.debug.temp.o
                0x000000000000d364                hal_can.c.85456fbe
 .debug_info    0x000000000000eabb     0x13c5 /tmp/ccSqdFWH.debug.temp.o
                0x000000000000eabb                hal_serial.c.68b4b6f6
 .debug_info    0x000000000000fe80     0x13d1 /tmp/ccv9olX8.debug.temp.o
                0x000000000000fe80                hal_spi.c.7911137f
 .debug_info    0x0000000000011251      0x68b /tmp/ccI0tE6t.debug.temp.o
                0x0000000000011251                nvic.c.ea6e8417
 .debug_info    0x00000000000118dc     0x16ab /tmp/ccC0LoQ9.debug.temp.o
                0x00000000000118dc                stm32_isr.c.60cc45fd
 .debug_info    0x0000000000012f87      0xb5b /tmp/cc6QAJHl.debug.temp.o
                0x0000000000012f87                hal_lld.c.b3ed5394
 .debug_info    0x0000000000013ae2      0xb5a /tmp/ccjHzhKT.debug.temp.o
                0x0000000000013ae2                stm32_dma.c.12fae0f0
 .debug_info    0x000000000001463c     0x1c82 /tmp/ccJt0En9.debug.temp.o
                0x000000000001463c                hal_can_lld.c.926c7d99
 .debug_info    0x00000000000162be     0x1761 /tmp/ccSp8u3y.debug.temp.o
                0x00000000000162be                hal_spi_lld.c.0b0bb23c
 .debug_info    0x0000000000017a1f      0x776 /tmp/ccXBXH37.debug.temp.o
                0x0000000000017a1f                hal_st_lld.c.98c02be0
 .debug_info    0x0000000000018195     0x1595 /tmp/ccexWoiO.debug.temp.o
                0x0000000000018195                hal_serial_lld.c.c1b68bf4
 .debug_info    0x000000000001972a     0x1060 /tmp/ccsjBCVv.debug.temp.o
                0x000000000001972a                chsys.c.a8457516
 .debug_info    0x000000000001a78a      0xa34 /tmp/ccDnHpOV.debug.temp.o
                0x000000000001a78a                chrfcu.c.5453f9e4
 .debug_info    0x000000000001b1be      0xe1b /tmp/ccINHNnd.debug.temp.o
                0x000000000001b1be                chtrace.c.43b8c317
 .debug_info    0x000000000001bfd9     0x1083 /tmp/ccvAkgLo.debug.temp.o
                0x000000000001bfd9                chvt.c.35b1c722
 .debug_info    0x000000000001d05c      0xf20 /tmp/ccT72ePW.debug.temp.o
                0x000000000001d05c                chschd.c.d4205703
 .debug_info    0x000000000001df7c      0xe91 /tmp/ccFq5398.debug.temp.o
                0x000000000001df7c                chinstances.c.dc118fa3
 .debug_info    0x000000000001ee0d     0x12da /tmp/ccUTo9uj.debug.temp.o
                0x000000000001ee0d                chthreads.c.4f84bb7c
 .debug_info    0x00000000000200e7      0xd8f /tmp/cc1IFr0f.debug.temp.o
                0x00000000000200e7                chtm.c.b664315d
 .debug_info    0x0000000000020e76      0xe59 /tmp/ccivgSFF.debug.temp.o
                0x0000000000020e76                chregistry.c.b0c0b795
 .debug_info    0x0000000000021ccf      0xdb8 /tmp/ccDa52BD.debug.temp.o
                0x0000000000021ccf                chmtx.c.3b35cec8
 .debug_info    0x0000000000022a87      0xfe7 /tmp/ccLx0FBi.debug.temp.o
                0x0000000000022a87                chevents.c.179c7ce6
 .debug_info    0x0000000000023a6e      0x2f0 /tmp/ccF4Radh.debug.temp.o
                0x0000000000023a6e                chmemcore.c.2ab28c69
 .debug_info    0x0000000000023d5e      0xcd3 /tmp/cczGWYYF.debug.temp.o
                0x0000000000023d5e                chmemheaps.c.93d579bb
 .debug_info    0x0000000000024a31      0x588 /tmp/cclvosOv.debug.temp.o
                0x0000000000024a31                chmempools.c.267e033c
 .debug_info    0x0000000000024fb9     0x155c /tmp/ccmmPoqm.debug.temp.o
                0x0000000000024fb9                chfactory.c.1e74b627
 .debug_info    0x0000000000026515     0x1765 /tmp/ccUuJNye.debug.temp.o
                0x0000000000026515                chcore.c.d4954b73
 .debug_info    0x0000000000027c7a      0x1ad /tmp/cczRt6yS.debug.temp.o
                0x0000000000027c7a                board.c.ce9e8e4f
 .debug_info    0x0000000000027e27     0x1caa /tmp/ccbMcSBO.debug.temp.o
                0x0000000000027e27                main.cpp.a01b8df4
 .debug_info    0x0000000000029ad1      0xf39 /tmp/cc53hEKu.debug.temp.o
                0x0000000000029ad1                PID.cpp.4de170e3
 .debug_info    0x000000000002aa0a     0x101e /tmp/ccJWVRAu.debug.temp.o
                0x000000000002aa0a                AttitudeController.cpp.13f87d5d

.debug_abbrev   0x0000000000000000     0x54c3
 .debug_abbrev  0x0000000000000000       0x14 build/obj/crt0_v7m.o
 .debug_abbrev  0x0000000000000014       0x14 build/obj/vectors.o
 .debug_abbrev  0x0000000000000028       0x14 build/obj/chcoreasm.o
 .debug_abbrev  0x000000000000003c      0x33f /tmp/BPRL.elf.ORxd4l.ltrans0.ltrans.o
 .debug_abbrev  0x000000000000037b      0x16c /tmp/ccFRZSSS.debug.temp.o
 .debug_abbrev  0x00000000000004e7       0x46 /tmp/cclU32vU.debug.temp.o
 .debug_abbrev  0x000000000000052d      0x13b /tmp/ccCnaRbH.debug.temp.o
 .debug_abbrev  0x0000000000000668      0x1b5 /tmp/ccXtTZTM.debug.temp.o
 .debug_abbrev  0x000000000000081d      0x2db /tmp/ccO2oCZI.debug.temp.o
 .debug_abbrev  0x0000000000000af8      0x2a8 /tmp/ccSqdFWH.debug.temp.o
 .debug_abbrev  0x0000000000000da0      0x280 /tmp/ccv9olX8.debug.temp.o
 .debug_abbrev  0x0000000000001020      0x130 /tmp/ccI0tE6t.debug.temp.o
 .debug_abbrev  0x0000000000001150      0x215 /tmp/ccC0LoQ9.debug.temp.o
 .debug_abbrev  0x0000000000001365      0x193 /tmp/cc6QAJHl.debug.temp.o
 .debug_abbrev  0x00000000000014f8      0x1e9 /tmp/ccjHzhKT.debug.temp.o
 .debug_abbrev  0x00000000000016e1      0x355 /tmp/ccJt0En9.debug.temp.o
 .debug_abbrev  0x0000000000001a36      0x2d9 /tmp/ccSp8u3y.debug.temp.o
 .debug_abbrev  0x0000000000001d0f      0x156 /tmp/ccXBXH37.debug.temp.o
 .debug_abbrev  0x0000000000001e65      0x2bf /tmp/ccexWoiO.debug.temp.o
 .debug_abbrev  0x0000000000002124      0x33b /tmp/ccsjBCVv.debug.temp.o
 .debug_abbrev  0x000000000000245f      0x1b3 /tmp/ccDnHpOV.debug.temp.o
 .debug_abbrev  0x0000000000002612      0x267 /tmp/ccINHNnd.debug.temp.o
 .debug_abbrev  0x0000000000002879      0x2b5 /tmp/ccvAkgLo.debug.temp.o
 .debug_abbrev  0x0000000000002b2e      0x26a /tmp/ccT72ePW.debug.temp.o
 .debug_abbrev  0x0000000000002d98      0x25e /tmp/ccFq5398.debug.temp.o
 .debug_abbrev  0x0000000000002ff6      0x2d0 /tmp/ccUTo9uj.debug.temp.o
 .debug_abbrev  0x00000000000032c6      0x207 /tmp/cc1IFr0f.debug.temp.o
 .debug_abbrev  0x00000000000034cd      0x294 /tmp/ccivgSFF.debug.temp.o
 .debug_abbrev  0x0000000000003761      0x2b2 /tmp/ccDa52BD.debug.temp.o
 .debug_abbrev  0x0000000000003a13      0x2a5 /tmp/ccLx0FBi.debug.temp.o
 .debug_abbrev  0x0000000000003cb8      0x154 /tmp/ccF4Radh.debug.temp.o
 .debug_abbrev  0x0000000000003e0c      0x26f /tmp/cczGWYYF.debug.temp.o
 .debug_abbrev  0x000000000000407b      0x1b6 /tmp/cclvosOv.debug.temp.o
 .debug_abbrev  0x0000000000004231      0x284 /tmp/ccmmPoqm.debug.temp.o
 .debug_abbrev  0x00000000000044b5      0x293 /tmp/ccUuJNye.debug.temp.o
 .debug_abbrev  0x0000000000004748       0x9c /tmp/cczRt6yS.debug.temp.o
 .debug_abbrev  0x00000000000047e4      0x4be /tmp/ccbMcSBO.debug.temp.o
 .debug_abbrev  0x0000000000004ca2      0x416 /tmp/cc53hEKu.debug.temp.o
 .debug_abbrev  0x00000000000050b8      0x40b /tmp/ccJWVRAu.debug.temp.o

.debug_aranges  0x0000000000000000      0x2a8
 .debug_aranges
                0x0000000000000000       0x20 build/obj/crt0_v7m.o
 .debug_aranges
                0x0000000000000020       0x20 build/obj/vectors.o
 .debug_aranges
                0x0000000000000040       0x20 build/obj/chcoreasm.o
 .debug_aranges
                0x0000000000000060      0x248 /tmp/BPRL.elf.ORxd4l.ltrans0.ltrans.o

.debug_str      0x0000000000000000     0x5b93
 .debug_str     0x0000000000000000       0x70 build/obj/crt0_v7m.o
 .debug_str     0x0000000000000070       0x45 build/obj/vectors.o
                                         0x6f (size before relaxing)
 .debug_str     0x00000000000000b5       0x46 build/obj/chcoreasm.o
                                         0x70 (size before relaxing)
 .debug_str     0x00000000000000fb      0x18c /tmp/BPRL.elf.ORxd4l.ltrans0.ltrans.o
                                        0x1d0 (size before relaxing)
 .debug_str     0x0000000000000287      0x5a6 /tmp/ccFRZSSS.debug.temp.o
                                        0x624 (size before relaxing)
 .debug_str     0x000000000000082d       0x48 /tmp/cclU32vU.debug.temp.o
                                        0x1c7 (size before relaxing)
 .debug_str     0x0000000000000875      0x143 /tmp/ccCnaRbH.debug.temp.o
                                        0x2e8 (size before relaxing)
 .debug_str     0x00000000000009b8      0x2a1 /tmp/ccXtTZTM.debug.temp.o
                                        0x47e (size before relaxing)
 .debug_str     0x0000000000000c59      0x694 /tmp/ccO2oCZI.debug.temp.o
                                        0xaa7 (size before relaxing)
 .debug_str     0x00000000000012ed      0x1a0 /tmp/ccSqdFWH.debug.temp.o
                                        0x96c (size before relaxing)
 .debug_str     0x000000000000148d      0x33b /tmp/ccv9olX8.debug.temp.o
                                        0x9c6 (size before relaxing)
 .debug_str     0x00000000000017c8       0xea /tmp/ccI0tE6t.debug.temp.o
                                        0x408 (size before relaxing)
 .debug_str     0x00000000000018b2      0x546 /tmp/ccC0LoQ9.debug.temp.o
                                        0xf36 (size before relaxing)
 .debug_str     0x0000000000001df8      0x4c6 /tmp/cc6QAJHl.debug.temp.o
                                        0x6d4 (size before relaxing)
 .debug_str     0x00000000000022be      0x1b8 /tmp/ccjHzhKT.debug.temp.o
                                        0x687 (size before relaxing)
 .debug_str     0x0000000000002476      0x2c6 /tmp/ccJt0En9.debug.temp.o
                                        0xe05 (size before relaxing)
 .debug_str     0x000000000000273c      0x1a4 /tmp/ccSp8u3y.debug.temp.o
                                        0xc95 (size before relaxing)
 .debug_str     0x00000000000028e0       0xcd /tmp/ccXBXH37.debug.temp.o
                                        0x589 (size before relaxing)
 .debug_str     0x00000000000029ad       0xe0 /tmp/ccexWoiO.debug.temp.o
                                        0xbab (size before relaxing)
 .debug_str     0x0000000000002a8d      0x333 /tmp/ccsjBCVv.debug.temp.o
                                        0x9fa (size before relaxing)
 .debug_str     0x0000000000002dc0       0x55 /tmp/ccDnHpOV.debug.temp.o
                                        0x625 (size before relaxing)
 .debug_str     0x0000000000002e15       0xec /tmp/ccINHNnd.debug.temp.o
                                        0x845 (size before relaxing)
 .debug_str     0x0000000000002f01      0x20a /tmp/ccvAkgLo.debug.temp.o
                                        0x8ba (size before relaxing)
 .debug_str     0x000000000000310b      0x1b0 /tmp/ccT72ePW.debug.temp.o
                                        0x84b (size before relaxing)
 .debug_str     0x00000000000032bb      0x2a6 /tmp/ccFq5398.debug.temp.o
                                        0x970 (size before relaxing)
 .debug_str     0x0000000000003561      0x273 /tmp/ccUTo9uj.debug.temp.o
                                        0x96f (size before relaxing)
 .debug_str     0x00000000000037d4       0x89 /tmp/cc1IFr0f.debug.temp.o
                                        0x81a (size before relaxing)
 .debug_str     0x000000000000385d       0xac /tmp/ccivgSFF.debug.temp.o
                                        0x918 (size before relaxing)
 .debug_str     0x0000000000003909       0xd8 /tmp/ccDa52BD.debug.temp.o
                                        0x756 (size before relaxing)
 .debug_str     0x00000000000039e1      0x1c4 /tmp/ccLx0FBi.debug.temp.o
                                        0x85c (size before relaxing)
 .debug_str     0x0000000000003ba5       0xd9 /tmp/ccF4Radh.debug.temp.o
                                        0x2fe (size before relaxing)
 .debug_str     0x0000000000003c7e      0x103 /tmp/cczGWYYF.debug.temp.o
                                        0x6fb (size before relaxing)
 .debug_str     0x0000000000003d81      0x16c /tmp/cclvosOv.debug.temp.o
                                        0x412 (size before relaxing)
 .debug_str     0x0000000000003eed      0x4a6 /tmp/ccmmPoqm.debug.temp.o
                                        0xb5f (size before relaxing)
 .debug_str     0x0000000000004393      0x96b /tmp/ccUuJNye.debug.temp.o
                                       0x11fc (size before relaxing)
 .debug_str     0x0000000000004cfe       0x31 /tmp/cczRt6yS.debug.temp.o
                                        0x23a (size before relaxing)
 .debug_str     0x0000000000004d2f      0x8a3 /tmp/ccbMcSBO.debug.temp.o
                                       0x103d (size before relaxing)
 .debug_str     0x00000000000055d2      0x529 /tmp/cc53hEKu.debug.temp.o
                                        0xad0 (size before relaxing)
 .debug_str     0x0000000000005afb       0x98 /tmp/ccJWVRAu.debug.temp.o
                                        0xbf7 (size before relaxing)

.debug_loc      0x0000000000000000     0x7c86
 .debug_loc     0x0000000000000000     0x7c86 /tmp/BPRL.elf.ORxd4l.ltrans0.ltrans.o

.debug_ranges   0x0000000000000000     0x6f40
 .debug_ranges  0x0000000000000000     0x6f40 /tmp/BPRL.elf.ORxd4l.ltrans0.ltrans.o

.debug_frame    0x0000000000000000      0x910
 .debug_frame   0x0000000000000000      0x884 /tmp/BPRL.elf.ORxd4l.ltrans0.ltrans.o
 .debug_frame   0x0000000000000884       0x2c /opt/gcc-arm-none-eabi-10-2020-q4-major/bin/../lib/gcc/arm-none-eabi/10.2.1/../../../../arm-none-eabi/lib/thumb/v7e-m+dp/hard/libg.a(lib_a-memset.o)
 .debug_frame   0x00000000000008b0       0x2c /opt/gcc-arm-none-eabi-10-2020-q4-major/bin/../lib/gcc/arm-none-eabi/10.2.1/thumb/v7e-m+dp/hard/libgcc.a(_aeabi_uldivmod.o)
 .debug_frame   0x00000000000008dc       0x34 /opt/gcc-arm-none-eabi-10-2020-q4-major/bin/../lib/gcc/arm-none-eabi/10.2.1/thumb/v7e-m+dp/hard/libgcc.a(_udivmoddi4.o)

Cross Reference Table

Symbol                                            File
AttitudeController.cpp.13f87d5d                   /tmp/ccJWVRAu.debug.temp.o
                                                  /tmp/BPRL.elf.ORxd4l.ltrans0.ltrans.o
AttitudeController::AttitudeController()          build/obj/AttitudeController.o (symbol from plugin)
AttitudeController::AttitudeController()          build/obj/AttitudeController.o (symbol from plugin)
                                                  build/obj/main.o (symbol from plugin)
AttitudeController::compute_throttle(float const*, float const*) const build/obj/AttitudeController.o (symbol from plugin)
                                                  build/obj/main.o (symbol from plugin)
AttitudeController::reset_all()                   build/obj/AttitudeController.o (symbol from plugin)
                                                  build/obj/main.o (symbol from plugin)
AttitudeController::update(float const*, float const*, float*) build/obj/AttitudeController.o (symbol from plugin)
                                                  build/obj/main.o (symbol from plugin)
BusFault_Handler                                  build/obj/vectors.o
CAND1                                             build/obj/hal_can_lld.o (symbol from plugin)
                                                  build/obj/stm32_isr.o (symbol from plugin)
DebugMon_Handler                                  build/obj/vectors.o
HardFault_Handler                                 build/obj/vectors.o
MemManage_Handler                                 build/obj/vectors.o
MotorMixer.cpp.35e71757                           /tmp/ccnlD7iA.debug.temp.o
MotorMixer::should_disarm(float const*)           build/obj/MotorMixer.o (symbol from plugin)
MotorMixer::update(float const*, float, bool, float const*, long*) const build/obj/MotorMixer.o (symbol from plugin)
                                                  build/obj/main.o (symbol from plugin)
NMI_Handler                                       build/obj/vectors.o
PID.cpp.4de170e3                                  /tmp/cc53hEKu.debug.temp.o
                                                  /tmp/BPRL.elf.ORxd4l.ltrans0.ltrans.o
PID::PID(float, float, float, float, float)       build/obj/PID.o (symbol from plugin)
PID::PID(float, float, float, float, float)       build/obj/PID.o (symbol from plugin)
                                                  build/obj/AttitudeController.o (symbol from plugin)
PID::now_us()                                     build/obj/PID.o (symbol from plugin)
PID::reset()                                      build/obj/PID.o (symbol from plugin)
                                                  build/obj/AttitudeController.o (symbol from plugin)
PID::set_gains(float, float, float)               build/obj/PID.o (symbol from plugin)
PID::update(float)                                build/obj/PID.o (symbol from plugin)
                                                  build/obj/AttitudeController.o (symbol from plugin)
PendSV_Handler                                    build/obj/vectors.o
Reset_Handler                                     build/obj/vectors.o
SD3                                               build/obj/hal_serial_lld.o (symbol from plugin)
                                                  build/obj/stm32_isr.o (symbol from plugin)
SPID1                                             build/obj/hal_spi_lld.o (symbol from plugin)
SPID4                                             build/obj/hal_spi_lld.o (symbol from plugin)
SVC_Handler                                       /tmp/BPRL.elf.ORxd4l.ltrans0.ltrans.o
                                                  build/obj/chcore.o (symbol from plugin)
                                                  build/obj/vectors.o
SecureFault_Handler                               build/obj/vectors.o
SysTick_Handler                                   build/obj/vectors.o
SystemCoreClock                                   build/obj/hal_lld.o (symbol from plugin)
UsageFault_Handler                                build/obj/vectors.o
Vector100                                         build/obj/vectors.o
Vector104                                         build/obj/vectors.o
Vector108                                         build/obj/vectors.o
Vector10C                                         build/obj/vectors.o
Vector110                                         build/obj/vectors.o
Vector114                                         build/obj/vectors.o
Vector118                                         build/obj/vectors.o
Vector11C                                         build/obj/vectors.o
Vector120                                         /tmp/BPRL.elf.ORxd4l.ltrans0.ltrans.o
                                                  build/obj/stm32_dma.o (symbol from plugin)
                                                  build/obj/vectors.o
Vector124                                         /tmp/BPRL.elf.ORxd4l.ltrans0.ltrans.o
                                                  build/obj/stm32_dma.o (symbol from plugin)
                                                  build/obj/vectors.o
Vector128                                         /tmp/BPRL.elf.ORxd4l.ltrans0.ltrans.o
                                                  build/obj/stm32_dma.o (symbol from plugin)
                                                  build/obj/vectors.o
Vector12C                                         /tmp/BPRL.elf.ORxd4l.ltrans0.ltrans.o
                                                  build/obj/stm32_dma.o (symbol from plugin)
                                                  build/obj/vectors.o
Vector130                                         /tmp/BPRL.elf.ORxd4l.ltrans0.ltrans.o
                                                  build/obj/stm32_dma.o (symbol from plugin)
                                                  build/obj/vectors.o
Vector134                                         build/obj/vectors.o
Vector138                                         build/obj/vectors.o
Vector13C                                         build/obj/vectors.o
Vector140                                         build/obj/vectors.o
Vector144                                         build/obj/vectors.o
Vector148                                         build/obj/vectors.o
Vector14C                                         build/obj/vectors.o
Vector150                                         /tmp/BPRL.elf.ORxd4l.ltrans0.ltrans.o
                                                  build/obj/stm32_dma.o (symbol from plugin)
                                                  build/obj/vectors.o
Vector154                                         /tmp/BPRL.elf.ORxd4l.ltrans0.ltrans.o
                                                  build/obj/stm32_dma.o (symbol from plugin)
                                                  build/obj/vectors.o
Vector158                                         /tmp/BPRL.elf.ORxd4l.ltrans0.ltrans.o
                                                  build/obj/stm32_dma.o (symbol from plugin)
                                                  build/obj/vectors.o
Vector15C                                         build/obj/vectors.o
Vector160                                         build/obj/vectors.o
Vector164                                         build/obj/vectors.o
Vector168                                         build/obj/vectors.o
Vector16C                                         build/obj/vectors.o
Vector170                                         build/obj/vectors.o
Vector174                                         build/obj/vectors.o
Vector178                                         build/obj/vectors.o
Vector17C                                         build/obj/vectors.o
Vector180                                         build/obj/vectors.o
Vector184                                         build/obj/vectors.o
Vector188                                         build/obj/vectors.o
Vector18C                                         build/obj/vectors.o
Vector190                                         /tmp/BPRL.elf.ORxd4l.ltrans0.ltrans.o
                                                  build/obj/hal_spi_lld.o (symbol from plugin)
                                                  build/obj/vectors.o
Vector194                                         build/obj/vectors.o
Vector198                                         build/obj/vectors.o
Vector19C                                         build/obj/vectors.o
Vector1A0                                         build/obj/vectors.o
Vector1A4                                         build/obj/vectors.o
Vector1A8                                         build/obj/vectors.o
Vector1AC                                         build/obj/vectors.o
Vector1B0                                         build/obj/vectors.o
Vector1B4                                         build/obj/vectors.o
Vector1B8                                         build/obj/vectors.o
Vector1BC                                         build/obj/vectors.o
Vector1C0                                         build/obj/vectors.o
Vector1C4                                         build/obj/vectors.o
Vector1C8                                         build/obj/vectors.o
Vector1CC                                         build/obj/vectors.o
Vector1D0                                         build/obj/vectors.o
Vector1D4                                         build/obj/vectors.o
Vector1D8                                         build/obj/vectors.o
Vector1DC                                         build/obj/vectors.o
Vector1E0                                         build/obj/vectors.o
Vector1E4                                         build/obj/vectors.o
Vector1E8                                         build/obj/vectors.o
Vector1EC                                         build/obj/vectors.o
Vector1F0                                         build/obj/vectors.o
Vector1F4                                         build/obj/vectors.o
Vector1F8                                         build/obj/vectors.o
Vector1FC                                         build/obj/vectors.o
Vector20                                          build/obj/vectors.o
Vector200                                         build/obj/vectors.o
Vector204                                         build/obj/vectors.o
Vector208                                         build/obj/vectors.o
Vector20C                                         build/obj/vectors.o
Vector210                                         build/obj/vectors.o
Vector214                                         build/obj/vectors.o
Vector218                                         build/obj/vectors.o
Vector21C                                         build/obj/vectors.o
Vector220                                         build/obj/vectors.o
Vector224                                         build/obj/vectors.o
Vector228                                         build/obj/vectors.o
Vector22C                                         build/obj/vectors.o
Vector230                                         build/obj/vectors.o
Vector234                                         build/obj/vectors.o
Vector238                                         build/obj/vectors.o
Vector23C                                         build/obj/vectors.o
Vector24                                          build/obj/vectors.o
Vector240                                         build/obj/vectors.o
Vector244                                         build/obj/vectors.o
Vector248                                         build/obj/vectors.o
Vector24C                                         build/obj/vectors.o
Vector250                                         build/obj/vectors.o
Vector254                                         build/obj/vectors.o
Vector258                                         build/obj/vectors.o
Vector25C                                         build/obj/vectors.o
Vector260                                         build/obj/vectors.o
Vector264                                         build/obj/vectors.o
Vector268                                         build/obj/vectors.o
Vector26C                                         build/obj/vectors.o
Vector270                                         build/obj/vectors.o
Vector274                                         build/obj/vectors.o
Vector278                                         build/obj/vectors.o
Vector27C                                         build/obj/vectors.o
Vector28                                          build/obj/vectors.o
Vector280                                         build/obj/vectors.o
Vector284                                         build/obj/vectors.o
Vector288                                         build/obj/vectors.o
Vector28C                                         build/obj/vectors.o
Vector290                                         build/obj/vectors.o
Vector294                                         build/obj/vectors.o
Vector298                                         build/obj/vectors.o
Vector29C                                         build/obj/vectors.o
Vector2A0                                         build/obj/vectors.o
Vector2A4                                         build/obj/vectors.o
Vector2A8                                         build/obj/vectors.o
Vector2AC                                         build/obj/vectors.o
Vector2B0                                         build/obj/vectors.o
Vector2B4                                         build/obj/vectors.o
Vector2B8                                         build/obj/vectors.o
Vector2BC                                         build/obj/vectors.o
Vector2C0                                         build/obj/vectors.o
Vector2C4                                         build/obj/vectors.o
Vector2C8                                         build/obj/vectors.o
Vector2CC                                         build/obj/vectors.o
Vector2D0                                         build/obj/vectors.o
Vector2D4                                         build/obj/vectors.o
Vector2D8                                         build/obj/vectors.o
Vector2DC                                         build/obj/vectors.o
Vector34                                          build/obj/vectors.o
Vector40                                          build/obj/vectors.o
Vector44                                          build/obj/vectors.o
Vector48                                          build/obj/vectors.o
Vector4C                                          build/obj/vectors.o
Vector50                                          build/obj/vectors.o
Vector54                                          build/obj/vectors.o
Vector58                                          build/obj/vectors.o
Vector5C                                          build/obj/vectors.o
Vector60                                          build/obj/vectors.o
Vector64                                          build/obj/vectors.o
Vector68                                          build/obj/vectors.o
Vector6C                                          /tmp/BPRL.elf.ORxd4l.ltrans0.ltrans.o
                                                  build/obj/stm32_dma.o (symbol from plugin)
                                                  build/obj/vectors.o
Vector70                                          /tmp/BPRL.elf.ORxd4l.ltrans0.ltrans.o
                                                  build/obj/stm32_dma.o (symbol from plugin)
                                                  build/obj/vectors.o
Vector74                                          /tmp/BPRL.elf.ORxd4l.ltrans0.ltrans.o
                                                  build/obj/stm32_dma.o (symbol from plugin)
                                                  build/obj/vectors.o
Vector78                                          /tmp/BPRL.elf.ORxd4l.ltrans0.ltrans.o
                                                  build/obj/stm32_dma.o (symbol from plugin)
                                                  build/obj/vectors.o
Vector7C                                          /tmp/BPRL.elf.ORxd4l.ltrans0.ltrans.o
                                                  build/obj/stm32_dma.o (symbol from plugin)
                                                  build/obj/vectors.o
Vector80                                          /tmp/BPRL.elf.ORxd4l.ltrans0.ltrans.o
                                                  build/obj/stm32_dma.o (symbol from plugin)
                                                  build/obj/vectors.o
Vector84                                          /tmp/BPRL.elf.ORxd4l.ltrans0.ltrans.o
                                                  build/obj/stm32_dma.o (symbol from plugin)
                                                  build/obj/vectors.o
Vector88                                          build/obj/vectors.o
Vector8C                                          /tmp/BPRL.elf.ORxd4l.ltrans0.ltrans.o
                                                  build/obj/stm32_isr.o (symbol from plugin)
                                                  build/obj/vectors.o
Vector90                                          build/obj/vectors.o
Vector94                                          build/obj/vectors.o
Vector98                                          build/obj/vectors.o
Vector9C                                          build/obj/vectors.o
VectorA0                                          build/obj/vectors.o
VectorA4                                          build/obj/vectors.o
VectorA8                                          build/obj/vectors.o
VectorAC                                          build/obj/vectors.o
VectorB0                                          /tmp/BPRL.elf.ORxd4l.ltrans0.ltrans.o
                                                  build/obj/stm32_isr.o (symbol from plugin)
                                                  build/obj/vectors.o
VectorB4                                          build/obj/vectors.o