Archive member included to satisfy reference by file (symbol)

/opt/gcc-arm-none-eabi-10-2020-q4-major/bin/../lib/gcc/arm-none-eabi/10.2.1/../../../../arm-none-eabi/lib/thumb/v7e-m+dp/hard/libm.a(lib_a-cosf.o)
                              build/obj/AttitudeController.o (symbol from plugin) (cosf)
/opt/gcc-arm-none-eabi-10-2020-q4-major/bin/../lib/gcc/arm-none-eabi/10.2.1/../../../../arm-none-eabi/lib/thumb/v7e-m+dp/hard/libm.a(lib_a-math_errf.o)
                              /opt/gcc-arm-none-eabi-10-2020-q4-major/bin/../lib/gcc/arm-none-eabi/10.2.1/../../../../arm-none-eabi/lib/thumb/v7e-m+dp/hard/libm.a(lib_a-cosf.o) (__math_invalidf)
/opt/gcc-arm-none-eabi-10-2020-q4-major/bin/../lib/gcc/arm-none-eabi/10.2.1/../../../../arm-none-eabi/lib/thumb/v7e-m+dp/hard/libm.a(lib_a-sincosf_data.o)
                              /opt/gcc-arm-none-eabi-10-2020-q4-major/bin/../lib/gcc/arm-none-eabi/10.2.1/../../../../arm-none-eabi/lib/thumb/v7e-m+dp/hard/libm.a(lib_a-cosf.o) (__inv_pio4)
/opt/gcc-arm-none-eabi-10-2020-q4-major/bin/../lib/gcc/arm-none-eabi/10.2.1/../../../../arm-none-eabi/lib/thumb/v7e-m+dp/hard/libm.a(lib_a-wf_asin.o)
                              build/obj/math.o (symbol from plugin) (asinf)
/opt/gcc-arm-none-eabi-10-2020-q4-major/bin/../lib/gcc/arm-none-eabi/10.2.1/../../../../arm-none-eabi/lib/thumb/v7e-m+dp/hard/libm.a(lib_a-wf_atan2.o)
                              build/obj/math.o (symbol from plugin) (atan2f)
/opt/gcc-arm-none-eabi-10-2020-q4-major/bin/../lib/gcc/arm-none-eabi/10.2.1/../../../../arm-none-eabi/lib/thumb/v7e-m+dp/hard/libm.a(lib_a-wf_sqrt.o)
                              build/obj/math.o (symbol from plugin) (sqrtf)
/opt/gcc-arm-none-eabi-10-2020-q4-major/bin/../lib/gcc/arm-none-eabi/10.2.1/../../../../arm-none-eabi/lib/thumb/v7e-m+dp/hard/libm.a(lib_a-ef_asin.o)
                              /opt/gcc-arm-none-eabi-10-2020-q4-major/bin/../lib/gcc/arm-none-eabi/10.2.1/../../../../arm-none-eabi/lib/thumb/v7e-m+dp/hard/libm.a(lib_a-wf_asin.o) (__ieee754_asinf)
/opt/gcc-arm-none-eabi-10-2020-q4-major/bin/../lib/gcc/arm-none-eabi/10.2.1/../../../../arm-none-eabi/lib/thumb/v7e-m+dp/hard/libm.a(lib_a-ef_atan2.o)
                              /opt/gcc-arm-none-eabi-10-2020-q4-major/bin/../lib/gcc/arm-none-eabi/10.2.1/../../../../arm-none-eabi/lib/thumb/v7e-m+dp/hard/libm.a(lib_a-wf_atan2.o) (__ieee754_atan2f)
/opt/gcc-arm-none-eabi-10-2020-q4-major/bin/../lib/gcc/arm-none-eabi/10.2.1/../../../../arm-none-eabi/lib/thumb/v7e-m+dp/hard/libm.a(lib_a-ef_sqrt.o)
                              /opt/gcc-arm-none-eabi-10-2020-q4-major/bin/../lib/gcc/arm-none-eabi/10.2.1/../../../../arm-none-eabi/lib/thumb/v7e-m+dp/hard/libm.a(lib_a-wf_sqrt.o) (__ieee754_sqrtf)
/opt/gcc-arm-none-eabi-10-2020-q4-major/bin/../lib/gcc/arm-none-eabi/10.2.1/../../../../arm-none-eabi/lib/thumb/v7e-m+dp/hard/libm.a(lib_a-s_lib_ver.o)
                              /opt/gcc-arm-none-eabi-10-2020-q4-major/bin/../lib/gcc/arm-none-eabi/10.2.1/../../../../arm-none-eabi/lib/thumb/v7e-m+dp/hard/libm.a(lib_a-wf_asin.o) (__fdlib_version)
/opt/gcc-arm-none-eabi-10-2020-q4-major/bin/../lib/gcc/arm-none-eabi/10.2.1/../../../../arm-none-eabi/lib/thumb/v7e-m+dp/hard/libm.a(lib_a-sf_atan.o)
                              /opt/gcc-arm-none-eabi-10-2020-q4-major/bin/../lib/gcc/arm-none-eabi/10.2.1/../../../../arm-none-eabi/lib/thumb/v7e-m+dp/hard/libm.a(lib_a-ef_atan2.o) (atanf)
/opt/gcc-arm-none-eabi-10-2020-q4-major/bin/../lib/gcc/arm-none-eabi/10.2.1/../../../../arm-none-eabi/lib/thumb/v7e-m+dp/hard/libm.a(lib_a-sf_fabs.o)
                              /opt/gcc-arm-none-eabi-10-2020-q4-major/bin/../lib/gcc/arm-none-eabi/10.2.1/../../../../arm-none-eabi/lib/thumb/v7e-m+dp/hard/libm.a(lib_a-wf_asin.o) (fabsf)
/opt/gcc-arm-none-eabi-10-2020-q4-major/bin/../lib/gcc/arm-none-eabi/10.2.1/../../../../arm-none-eabi/lib/thumb/v7e-m+dp/hard/libm.a(lib_a-sf_nan.o)
                              /opt/gcc-arm-none-eabi-10-2020-q4-major/bin/../lib/gcc/arm-none-eabi/10.2.1/../../../../arm-none-eabi/lib/thumb/v7e-m+dp/hard/libm.a(lib_a-wf_asin.o) (nanf)
/opt/gcc-arm-none-eabi-10-2020-q4-major/bin/../lib/gcc/arm-none-eabi/10.2.1/thumb/v7e-m+dp/hard/libgcc.a(_arm_addsubdf3.o)
                              /opt/gcc-arm-none-eabi-10-2020-q4-major/bin/../lib/gcc/arm-none-eabi/10.2.1/../../../../arm-none-eabi/lib/thumb/v7e-m+dp/hard/libm.a(lib_a-cosf.o) (__aeabi_l2d)
/opt/gcc-arm-none-eabi-10-2020-q4-major/bin/../lib/gcc/arm-none-eabi/10.2.1/../../../../arm-none-eabi/lib/thumb/v7e-m+dp/hard/libg.a(lib_a-ctype_.o)
                              build/obj/chscanf.o (symbol from plugin) (_ctype_)
/opt/gcc-arm-none-eabi-10-2020-q4-major/bin/../lib/gcc/arm-none-eabi/10.2.1/../../../../arm-none-eabi/lib/thumb/v7e-m+dp/hard/libg.a(lib_a-errno.o)
                              /opt/gcc-arm-none-eabi-10-2020-q4-major/bin/../lib/gcc/arm-none-eabi/10.2.1/../../../../arm-none-eabi/lib/thumb/v7e-m+dp/hard/libm.a(lib_a-math_errf.o) (__errno)
[...]
Memory Configuration

Name             Origin             Length             Attributes
flash0           0x0000000008000000 0x0000000000200000 xr
flash1           0x0000000008000000 0x0000000000100000 xr
flash2           0x0000000008100000 0x0000000000100000 xr
flash3           0x0000000000000000 0x0000000000000000 xr
flash4           0x0000000000000000 0x0000000000000000 xr
flash5           0x0000000000000000 0x0000000000000000 xr
flash6           0x0000000000000000 0x0000000000000000 xr
flash7           0x0000000000000000 0x0000000000000000 xr
ram0             0x0000000024000000 0x0000000000080000 xw
ram1             0x0000000030000000 0x0000000000040000 xw
ram2             0x0000000030000000 0x0000000000048000 xw
ram3             0x0000000030040000 0x0000000000008000 xw
ram4             0x0000000038000000 0x0000000000010000 xw
ram5             0x0000000020000000 0x0000000000020000 xw
ram6             0x0000000000000000 0x0000000000010000 xw
ram7             0x0000000038800000 0x0000000000001000 xw
*default*        0x0000000000000000 0xffffffffffffffff

Linker script and memory map

LOAD build/obj/crt0_v7m.o
LOAD build/obj/vectors.o
LOAD build/obj/chcoreasm.o
LOAD build/obj/crt1.o
LOAD /tmp/BPRL.elf.FE4VjG.ltrans0.ltrans.o
LOAD /tmp/BPRL.elf.FE4VjG.ltrans1.ltrans.o
LOAD /tmp/cc1AI8gk.debug.temp.o
LOAD /tmp/cckiIMyo.debug.temp.o
LOAD /tmp/ccbdkTrP.debug.temp.o
LOAD /tmp/ccxyCMmE.debug.temp.o
LOAD /tmp/ccUXHfmm.debug.temp.o
LOAD /tmp/cc0Cj8E8.debug.temp.o
LOAD /tmp/ccBUedUC.debug.temp.o
LOAD /tmp/cc1hHXIF.debug.temp.o
LOAD /tmp/ccjdzKfz.debug.temp.o
LOAD /tmp/ccaD9WSE.debug.temp.o
LOAD /tmp/ccn6xZbq.debug.temp.o
LOAD /tmp/ccfUCnJW.debug.temp.o
LOAD /tmp/ccW3QVqr.debug.temp.o
LOAD /tmp/ccShXzVe.debug.temp.o
LOAD /tmp/ccHtzOWh.debug.temp.o
LOAD /tmp/cc3twoij.debug.temp.o
LOAD /tmp/ccFIp4O1.debug.temp.o
LOAD /tmp/ccGfNtvL.debug.temp.o
LOAD /tmp/ccEIaXQH.debug.temp.o
LOAD /tmp/ccGhAOcz.debug.temp.o
LOAD /tmp/ccaq3SJe.debug.temp.o
LOAD /tmp/ccoABdJL.debug.temp.o
LOAD /tmp/ccVLgFnA.debug.temp.o
LOAD /tmp/ccP1kPTL.debug.temp.o
LOAD /tmp/cc8KHu6o.debug.temp.o
LOAD /tmp/ccxcVT2h.debug.temp.o
LOAD /tmp/ccWqfuMc.debug.temp.o
LOAD /tmp/ccXDelKO.debug.temp.o
LOAD /tmp/ccyDIc7b.debug.temp.o
LOAD /tmp/cczHceHh.debug.temp.o
LOAD /tmp/cc2aLvbc.debug.temp.o
LOAD /tmp/cctFC6ic.debug.temp.o
LOAD /tmp/cc5dCdeT.debug.temp.o
LOAD /tmp/ccSZMTci.debug.temp.o
LOAD /tmp/ccNe19st.debug.temp.o
LOAD /tmp/ccqlIZIv.debug.temp.o
LOAD /tmp/cc4sZw6e.debug.temp.o
LOAD /tmp/ccyZJoui.debug.temp.o
LOAD /tmp/ccBmOTdn.debug.temp.o
LOAD /tmp/cczV1lYM.debug.temp.o
LOAD /tmp/cc3RlWiY.debug.temp.o
LOAD /tmp/cc2JkTMX.debug.temp.o
LOAD /tmp/ccyzL3Rd.debug.temp.o
LOAD /tmp/cccR94mW.debug.temp.o
LOAD /tmp/ccIsE6P1.debug.temp.o
LOAD /tmp/ccqfmb2q.debug.temp.o
LOAD /tmp/cch8GVy3.debug.temp.o
LOAD /tmp/ccmBwYlf.debug.temp.o
LOAD /tmp/cc9pEMiJ.debug.temp.o
LOAD /tmp/cceUumu1.debug.temp.o
LOAD /tmp/cchSfEwN.debug.temp.o
LOAD /tmp/ccCOWBM9.debug.temp.o
LOAD /tmp/ccWjAgnr.debug.temp.o
LOAD /tmp/ccUjBBsu.debug.temp.o
LOAD /tmp/ccMZuXoC.debug.temp.o
LOAD /tmp/ccj64EJG.debug.temp.o
LOAD /tmp/ccsx88cj.debug.temp.o
LOAD /tmp/cc2Hy6rQ.debug.temp.o
LOAD /tmp/ccrx9rvd.debug.temp.o
LOAD /tmp/ccAzJlke.debug.temp.o
LOAD /tmp/ccKhrB7B.debug.temp.o
LOAD /tmp/cci7Opl1.debug.temp.o
LOAD /tmp/ccyMIKzN.debug.temp.o
LOAD /tmp/ccQy5fcL.debug.temp.o
LOAD /tmp/ccn9r2Hy.debug.temp.o
LOAD /tmp/cczvTYYv.debug.temp.o
LOAD /tmp/ccsvxdtZ.debug.temp.o
LOAD /tmp/cc1R7395.debug.temp.o
LOAD /tmp/cca2FiSo.debug.temp.o
LOAD /tmp/ccTEgzi9.debug.temp.o
LOAD /tmp/ccVtlQW8.debug.temp.o
LOAD /tmp/cckVIbWA.debug.temp.o
LOAD /tmp/ccwo63eS.debug.temp.o
LOAD /tmp/ccQl3QoJ.debug.temp.o
LOAD /tmp/ccW4cvUs.debug.temp.o
LOAD /tmp/ccrLOXrd.debug.temp.o
LOAD /tmp/ccUA5s9m.debug.temp.o
LOAD /tmp/ccTUmnEl.debug.temp.o
LOAD /tmp/ccuSxD7o.debug.temp.o
LOAD /tmp/cc4q1Zko.debug.temp.o
LOAD /tmp/cc9t8zi9.debug.temp.o
LOAD /tmp/ccBpW6ak.debug.temp.o
LOAD /tmp/cci8urcI.debug.temp.o
LOAD /tmp/ccOKxzCx.debug.temp.o
LOAD /tmp/cclfOzEx.debug.temp.o
LOAD /tmp/ccV4PTbm.debug.temp.o
LOAD build/obj/hal.o
LOAD build/obj/hal_st.o
LOAD build/obj/hal_buffered_serial.o
LOAD build/obj/hal_buffers.o
LOAD build/obj/hal_queues.o
LOAD build/obj/hal_flash.o
LOAD build/obj/hal_mmcsd.o
LOAD build/obj/hal_can.o
LOAD build/obj/hal_pal.o
LOAD build/obj/hal_sdc.o
LOAD build/obj/hal_serial.o
LOAD build/obj/hal_serial_usb.o
LOAD build/obj/hal_spi.o
LOAD build/obj/hal_usb.o
LOAD build/obj/nvic.o
LOAD build/obj/stm32_isr.o
LOAD build/obj/hal_lld.o
LOAD build/obj/stm32_bdma.o
LOAD build/obj/stm32_dma.o
LOAD build/obj/stm32_exti.o
LOAD build/obj/hal_can_lld.o
LOAD build/obj/hal_pal_lld.o
LOAD build/obj/stm32_mdma.o
LOAD build/obj/hal_usb_lld.o
LOAD build/obj/hal_sdc_lld.o
LOAD build/obj/hal_spi_lld.o
LOAD build/obj/hal_st_lld.o
LOAD build/obj/hal_serial_lld.o
LOAD build/obj/osal.o
LOAD build/obj/chsys.o
LOAD build/obj/chrfcu.o
LOAD build/obj/chdebug.o
LOAD build/obj/chtrace.o
LOAD build/obj/chvt.o
LOAD build/obj/chschd.o
LOAD build/obj/chinstances.o
LOAD build/obj/chthreads.o
LOAD build/obj/chtm.o
LOAD build/obj/chregistry.o
LOAD build/obj/chsem.o
LOAD build/obj/chmtx.o
LOAD build/obj/chcond.o
LOAD build/obj/chevents.o
LOAD build/obj/chmsg.o
LOAD build/obj/chdynamic.o
LOAD build/obj/chmboxes.o
LOAD build/obj/chmemcore.o
LOAD build/obj/chmemheaps.o
LOAD build/obj/chmempools.o
LOAD build/obj/chpipes.o
LOAD build/obj/chobjcaches.o
LOAD build/obj/chdelegates.o
LOAD build/obj/chfactory.o
LOAD build/obj/chcore.o
LOAD build/obj/chprintf.o
LOAD build/obj/chscanf.o
LOAD build/obj/memstreams.o
LOAD build/obj/nullstreams.o
LOAD build/obj/bufstreams.o
LOAD build/obj/fatfs_diskio.o
LOAD build/obj/fatfs_syscall.o
LOAD build/obj/ff.o
LOAD build/obj/ffunicode.o
LOAD build/obj/board.o
LOAD build/obj/syscalls.o
LOAD build/obj/main.o
LOAD build/obj/threads.o
LOAD build/obj/math.o
LOAD build/obj/EKF.o
LOAD build/obj/StateManager.o
LOAD build/obj/PID.o
LOAD build/obj/AttitudeController.o
LOAD build/obj/MotorMixer.o
LOAD build/obj/ICM20948.o
LOAD build/obj/ICM20602.o
LOAD build/obj/SPI.o
LOAD build/obj/CAN.o
LOAD build/obj/I2C.o
LOAD build/obj/PWM.o
LOAD build/obj/DShot.o
LOAD build/obj/Radio.o
LOAD build/obj/SBUS.o
LOAD build/obj/CRSF.o
LOAD build/obj/usb_serial.o
LOAD build/obj/Logger.o

.mstack         0x0000000020000000      0x800
                0x0000000020000000                . = ALIGN (0x8)
                0x0000000020000000                __main_stack_base__ = .
                0x0000000020000800                . = (. + __main_stack_size__)
 *fill*         0x0000000020000000      0x800 
                0x0000000020000800                . = ALIGN (0x8)
                0x0000000020000800                __main_stack_end__ = .

.pstack         0x0000000020000800      0x800
                0x0000000020000800                . = ALIGN (0x8)
                0x0000000020000800                __process_stack_base__ = .
                0x0000000020000800                __main_thread_stack_base__ = .
                0x0000000020001000                . = (. + __process_stack_size__)
 *fill*         0x0000000020000800      0x800 
                0x0000000020001000                . = ALIGN (0x8)
                0x0000000020001000                __process_stack_end__ = .
                0x0000000020001000                __main_thread_stack_end__ = .

.nocache        0x0000000030040000     0x165c
                0x0000000030040000                __nocache_base__ = .
 *(.nocache)
 .nocache       0x0000000030040000     0x1458 /tmp/BPRL.elf.FE4VjG.ltrans0.ltrans.o
 *(.nocache.*)
 *(.bss.__nocache_*)
 .bss.__nocache_sd1_buf
                0x0000000030041458      0x200 /tmp/BPRL.elf.FE4VjG.ltrans0.ltrans.o
 .bss.__nocache_sd1_wbuf
                0x0000000030041658        0x4 /tmp/BPRL.elf.FE4VjG.ltrans0.ltrans.o
                0x000000003004165c                . = ALIGN (0x4)
                0x000000003004165c                __nocache_end__ = .

.eth            0x000000003004165c        0x0
                0x000000003004165c                __eth_base__ = .
 *(.eth)
 *(.eth.*)
 *(.bss.__eth_*)
                0x000000003004165c                . = ALIGN (0x4)
                0x000000003004165c                __eth_end__ = .

.vectors        0x0000000008000000      0x2e0
                0x0000000008000000                __textvectors_base__ = LOADADDR (.vectors)
                0x0000000008000000                __vectors_base__ = .
 *(.vectors)
 .vectors       0x0000000008000000      0x2e0 build/obj/vectors.o
                0x0000000008000000                _vectors
                0x00000000080002e0                __vectors_end__ = .

.xtors          0x00000000080002e0        0x4
                0x00000000080002e0                __init_array_base__ = .
 *(SORT_BY_NAME(.init_array.*))
 *(.init_array)
 .init_array    0x00000000080002e0        0x4 /tmp/BPRL.elf.FE4VjG.ltrans1.ltrans.o
                0x00000000080002e4                __init_array_end__ = .
                0x00000000080002e4                __fini_array_base__ = .
 *(.fini_array)
 *(SORT_BY_NAME(.fini_array.*))
                0x00000000080002e4                __fini_array_end__ = .

.text           0x0000000008000300    0x11424
                0x0000000008000300                __text_base__ = .
 *(.text)
 .text          0x0000000008000300      0x11c build/obj/crt0_v7m.o
                0x0000000008000300                _crt0_entry
 .text          0x000000000800041c        0x8 build/obj/vectors.o
                0x000000000800041c                Reset_Handler
                0x000000000800041e                Vector58
                0x000000000800041e                VectorE8
                0x000000000800041e                Vector9C
                0x000000000800041e                Vector2C4
                0x000000000800041e                DebugMon_Handler
                0x000000000800041e                Vector2B0
                0x000000000800041e                Vector26C
                0x000000000800041e                Vector22C
                0x000000000800041e                Vector1A0
                0x000000000800041e                Vector2C0
                0x000000000800041e                Vector5C
                0x000000000800041e                Vector224
                0x000000000800041e                Vector11C
                0x000000000800041e                HardFault_Handler
                0x000000000800041e                Vector1B8
                0x000000000800041e                Vector1F0
                0x000000000800041e                Vector19C
                0x000000000800041e                Vector1EC
                0x000000000800041e                SysTick_Handler
                0x000000000800041e                Vector2D8
                0x000000000800041e                PendSV_Handler
                0x000000000800041e                Vector168
                0x000000000800041e                NMI_Handler
                0x000000000800041e                Vector270
                0x000000000800041e                Vector24C
                0x000000000800041e                Vector110
                0x000000000800041e                Vector274
                0x000000000800041e                Vector1D8
                0x000000000800041e                Vector1F4
                0x000000000800041e                VectorC8
                0x000000000800041e                Vector2CC
                0x000000000800041e                Vector94
                0x000000000800041e                Vector254
                0x000000000800041e                VectorA8
                0x000000000800041e                Vector244
                0x000000000800041e                Vector204
                0x000000000800041e                Vector2AC
                0x000000000800041e                VectorB4
                0x000000000800041e                Vector1FC
                0x000000000800041e                Vector160
                0x000000000800041e                Vector1B0
                0x000000000800041e                UsageFault_Handler
                0x000000000800041e                VectorEC
                0x000000000800041e                Vector234
                0x000000000800041e                Vector264
                0x000000000800041e                Vector40
                0x000000000800041e                VectorF8
                0x000000000800041e                Vector108
                0x000000000800041e                VectorBC
                0x000000000800041e                Vector1E0
                0x000000000800041e                Vector1F8
                0x000000000800041e                Vector260
                0x000000000800041e                Vector27C
                0x000000000800041e                Vector1C4
                0x000000000800041e                Vector1CC
                0x000000000800041e                Vector2A8
                0x000000000800041e                Vector1E4
                0x000000000800041e                Vector20C
                0x000000000800041e                Vector148
                0x000000000800041e                Vector188
                0x000000000800041e                Vector23C
                0x000000000800041e                Vector198
                0x000000000800041e                Vector118
                0x000000000800041e                Vector64
                0x000000000800041e                Vector54
                0x000000000800041e                Vector98
                0x000000000800041e                Vector2B8
                0x000000000800041e                Vector258
                0x000000000800041e                Vector284
                0x000000000800041e                Vector218
                0x000000000800041e                VectorD8
                0x000000000800041e                Vector138
                0x000000000800041e                Vector24
                0x000000000800041e                Vector200
                0x000000000800041e                Vector1AC
                0x000000000800041e                Vector178
                0x000000000800041e                SecureFault_Handler
                0x000000000800041e                Vector1A4
                0x000000000800041e                VectorD0
                0x000000000800041e                Vector2A0
                0x000000000800041e                Vector1B4
                0x000000000800041e                Vector28C
                0x000000000800041e                Vector140
                0x000000000800041e                VectorE4
                0x000000000800041e                VectorC0
                0x000000000800041e                Vector1C0
                0x000000000800041e                Vector214
                0x000000000800041e                Vector250
                0x000000000800041e                Vector2D0
                0x000000000800041e                Vector134
                0x000000000800041e                Vector1D0
                0x000000000800041e                Vector2DC
                0x000000000800041e                VectorF0
                0x000000000800041e                Vector210
                0x000000000800041e                Vector2BC
                0x000000000800041e                Vector13C
                0x000000000800041e                Vector280
                0x000000000800041e                Vector100
                0x000000000800041e                VectorE0
                0x000000000800041e                VectorF4
                0x000000000800041e                Vector2B4
                0x000000000800041e                Vector2C8
                0x000000000800041e                MemManage_Handler
                0x000000000800041e                Vector238
                0x000000000800041e                VectorA0
                0x000000000800041e                VectorC4
                0x000000000800041e                Vector180
                0x000000000800041e                Vector288
                0x000000000800041e                Vector208
                0x000000000800041e                Vector90
                0x000000000800041e                Vector294
                0x000000000800041e                Vector114
                0x000000000800041e                Vector164
                0x000000000800041e                Vector60
                0x000000000800041e                Vector1BC
                0x000000000800041e                Vector17C
                0x000000000800041e                Vector48
                0x000000000800041e                Vector240
                0x000000000800041e                Vector1A8
                0x000000000800041e                Vector16C
                0x000000000800041e                Vector228
                0x000000000800041e                VectorD4
                0x000000000800041e                Vector2D4
                0x000000000800041e                Vector278
                0x000000000800041e                Vector4C
                0x000000000800041e                Vector144
                0x000000000800041e                Vector68
                0x000000000800041e                Vector230
                0x000000000800041e                Vector290
                0x000000000800041e                Vector1E8
                0x000000000800041e                Vector170
                0x000000000800041e                Vector220
                0x000000000800041e                Vector298
                0x000000000800041e                Vector88
                0x000000000800041e                Vector29C
                0x000000000800041e                Vector184
                0x000000000800041e                Vector10C
                0x000000000800041e                Vector21C
                0x000000000800041e                Vector268
                0x000000000800041e                Vector14C
                0x000000000800041e                BusFault_Handler
                0x000000000800041e                Vector50
                0x000000000800041e                Vector1C8
                0x000000000800041e                Vector194
                0x000000000800041e                Vector1DC
                0x000000000800041e                Vector44
                0x000000000800041e                Vector28
                0x000000000800041e                VectorB8
                0x000000000800041e                Vector2A4
                0x000000000800041e                Vector34
                0x000000000800041e                Vector248
                0x000000000800041e                VectorA4
                0x000000000800041e                Vector25C
                0x000000000800041e                Vector20
                0x000000000800041e                Vector18C
                0x000000000800041e                Vector174
                0x0000000008000422                _unhandled_exception
 .text          0x0000000008000424       0x32 build/obj/chcoreasm.o
                0x0000000008000424                __port_switch
                0x000000000800043c                __port_thread_start
                0x000000000800044e                __port_switch_from_isr
                0x0000000008000452                __port_exit_from_isr
 *fill*         0x0000000008000456        0x2 
 .text          0x0000000008000458      0x378 /opt/gcc-arm-none-eabi-10-2020-q4-major/bin/../lib/gcc/arm-none-eabi/10.2.1/thumb/v7e-m+dp/hard/libgcc.a(_arm_addsubdf3.o)
                0x0000000008000458                __aeabi_drsub
                0x0000000008000460                __aeabi_dsub
                0x0000000008000460                __subdf3
                0x0000000008000464                __adddf3
                0x0000000008000464                __aeabi_dadd
                0x00000000080006dc                __aeabi_ui2d
                0x00000000080006dc                __floatunsidf
                0x00000000080006fc                __floatsidf
                0x00000000080006fc                __aeabi_i2d
                0x0000000008000720                __extendsfdf2
                0x0000000008000720                __aeabi_f2d
                0x0000000008000764                __aeabi_ul2d
                0x0000000008000764                __floatundidf
                0x0000000008000774                __floatdidf
                0x0000000008000774                __aeabi_l2d
 .text          0x00000000080007d0       0x30 /opt/gcc-arm-none-eabi-10-2020-q4-major/bin/../lib/gcc/arm-none-eabi/10.2.1/thumb/v7e-m+dp/hard/libgcc.a(_aeabi_uldivmod.o)
                0x00000000080007d0                __aeabi_uldivmod
 .text          0x0000000008000800      0x2d0 /opt/gcc-arm-none-eabi-10-2020-q4-major/bin/../lib/gcc/arm-none-eabi/10.2.1/thumb/v7e-m+dp/hard/libgcc.a(_udivmoddi4.o)
                0x0000000008000800                __udivmoddi4
 .text          0x0000000008000ad0      0x9d8 /opt/gcc-arm-none-eabi-10-2020-q4-major/bin/../lib/gcc/arm-none-eabi/10.2.1/thumb/v7e-m+dp/hard/libgcc.a(unwind-arm.o)
                0x0000000008000d78                _Unwind_GetCFA
                0x0000000008000d7c                __gnu_Unwind_RaiseException
                0x0000000008000de4                __gnu_Unwind_ForcedUnwind
                0x0000000008000df4                __gnu_Unwind_Resume
                0x0000000008000e38                __gnu_Unwind_Resume_or_Rethrow
                0x0000000008000e48                _Unwind_Complete
                0x0000000008000e4c                _Unwind_DeleteException
                0x0000000008000e58                _Unwind_VRS_Get
                0x0000000008000ea4                _Unwind_VRS_Set
                0x0000000008000eec                __gnu_Unwind_Backtrace
                0x0000000008001218                __aeabi_unwind_cpp_pr0
                0x000000000800121c                __aeabi_unwind_cpp_pr1
                0x0000000008001220                __aeabi_unwind_cpp_pr2
                0x0000000008001224                _Unwind_VRS_Pop
 .text          0x00000000080014a8      0x1ac /opt/gcc-arm-none-eabi-10-2020-q4-major/bin/../lib/gcc/arm-none-eabi/10.2.1/thumb/v7e-m+dp/hard/libgcc.a(libunwind.o)
                0x00000000080014a8                __restore_core_regs
                0x00000000080014a8                restore_core_regs
                0x00000000080014c0                __gnu_Unwind_Restore_VFP
                0x00000000080014c8                __gnu_Unwind_Save_VFP
                0x00000000080014d0                __gnu_Unwind_Restore_VFP_D
                0x00000000080014d8                __gnu_Unwind_Save_VFP_D
                0x00000000080014e0                __gnu_Unwind_Restore_VFP_D_16_to_31
                0x00000000080014e8                __gnu_Unwind_Save_VFP_D_16_to_31
                0x00000000080014f0                __gnu_Unwind_Restore_WMMXD
                0x0000000008001534                __gnu_Unwind_Save_WMMXD
                0x0000000008001578                __gnu_Unwind_Restore_WMMXC
                0x000000000800158c                __gnu_Unwind_Save_WMMXC
                0x00000000080015a0                ___Unwind_RaiseException
                0x00000000080015a0                _Unwind_RaiseException
                0x00000000080015c4                ___Unwind_Resume
                0x00000000080015c4                _Unwind_Resume
                0x00000000080015e8                _Unwind_Resume_or_Rethrow
                0x00000000080015e8                ___Unwind_Resume_or_Rethrow
                0x000000000800160c                ___Unwind_ForcedUnwind
                0x000000000800160c                _Unwind_ForcedUnwind
                0x0000000008001630                _Unwind_Backtrace
                0x0000000008001630                ___Unwind_Backtrace
 .text          0x0000000008001654      0x350 /opt/gcc-arm-none-eabi-10-2020-q4-major/bin/../lib/gcc/arm-none-eabi/10.2.1/thumb/v7e-m+dp/hard/libgcc.a(pr-support.o)
                0x00000000080016ac                __gnu_unwind_execute
                0x0000000008001958                __gnu_unwind_frame
                0x0000000008001984                _Unwind_GetRegionStart
                0x0000000008001990                _Unwind_GetLanguageSpecificData
 .text          0x00000000080019a4        0x4 /opt/gcc-arm-none-eabi-10-2020-q4-major/bin/../lib/gcc/arm-none-eabi/10.2.1/thumb/v7e-m+dp/hard/libgcc.a(_dvmd_tls.o)
                0x00000000080019a4                __aeabi_ldiv0
                0x00000000080019a4                __aeabi_idiv0
 .text          0x00000000080019a8      0x134 /opt/gcc-arm-none-eabi-10-2020-q4-major/bin/../lib/gcc/arm-none-eabi/10.2.1/../../../../arm-none-eabi/lib/thumb/v7e-m+dp/hard/libg.a(lib_a-memcpy.o)
                0x00000000080019a8                memcpy
 *fill*         0x0000000008001adc        0x4 
 .text          0x0000000008001ae0       0xa0 /opt/gcc-arm-none-eabi-10-2020-q4-major/bin/../lib/gcc/arm-none-eabi/10.2.1/../../../../arm-none-eabi/lib/thumb/v7e-m+dp/hard/libg.a(lib_a-memchr.o)
                0x0000000008001ae0                memchr
 .text          0x0000000008001b80       0xdc /opt/gcc-arm-none-eabi-10-2020-q4-major/bin/../lib/gcc/arm-none-eabi/10.2.1/../../../../arm-none-eabi/lib/thumb/v7e-m+dp/hard/libg.a(lib_a-strlen.o)
                0x0000000008001b80                strlen
 *(.text.*)
 *fill*         0x0000000008001c5c        0x4 
 .text._mmcsd_get_capacity
                0x0000000008001c60       0x44 /tmp/BPRL.elf.FE4VjG.ltrans0.ltrans.o
 *fill*         0x0000000008001ca4        0xc 
 .text.sdcSync  0x0000000008001cb0        0xc /tmp/BPRL.elf.FE4VjG.ltrans0.ltrans.o
 *fill*         0x0000000008001cbc        0x4 
 .text.sdcGetInfo
                0x0000000008001cc0       0x18 /tmp/BPRL.elf.FE4VjG.ltrans0.ltrans.o
 *fill*         0x0000000008001cd8        0x8 
 .text._ctl     0x0000000008001ce0        0xc /tmp/BPRL.elf.FE4VjG.ltrans0.ltrans.o
 *fill*         0x0000000008001cec        0x4 
 .text.dmaStreamAllocI
                0x0000000008001cf0      0x124 /tmp/BPRL.elf.FE4VjG.ltrans0.ltrans.o
 *fill*         0x0000000008001e14        0xc 
 .text._pal_lld_setgroupmode
                0x0000000008001e20       0xe0 /tmp/BPRL.elf.FE4VjG.ltrans0.ltrans.o
 .text.usb_lld_start_in
                0x0000000008001f00       0xac /tmp/BPRL.elf.FE4VjG.ltrans0.ltrans.o
 *fill*         0x0000000008001fac        0x4 
 .text._usb_ep0out
                0x0000000008001fb0       0x98 /tmp/BPRL.elf.FE4VjG.ltrans0.ltrans.o
 *fill*         0x0000000008002048        0x8 
 .text.sdc_lld_collect_errors
                0x0000000008002050       0x34 /tmp/BPRL.elf.FE4VjG.ltrans0.ltrans.o
 *fill*         0x0000000008002084        0xc 
 .text.notify3  0x0000000008002090       0x10 /tmp/BPRL.elf.FE4VjG.ltrans0.ltrans.o
 .text.notify6  0x00000000080020a0       0x10 /tmp/BPRL.elf.FE4VjG.ltrans0.ltrans.o
 .text.__idle_thread
                0x00000000080020b0        0x4 /tmp/BPRL.elf.FE4VjG.ltrans0.ltrans.o
 *fill*         0x00000000080020b4        0xc 
 .text.chTMStartMeasurementX
                0x00000000080020c0        0xc /tmp/BPRL.elf.FE4VjG.ltrans0.ltrans.o
 *fill*         0x00000000080020cc        0x4 
 .text.chTMStopMeasurementX
                0x00000000080020d0       0x44 /tmp/BPRL.elf.FE4VjG.ltrans0.ltrans.o
 *fill*         0x0000000008002114        0xc 
 .text.chEvtBroadcastFlagsI
                0x0000000008002120       0x58 /tmp/BPRL.elf.FE4VjG.ltrans0.ltrans.o
 *fill*         0x0000000008002178        0x8 
 .text.sd_lld_serve_interrupt
                0x0000000008002180      0x1d0 /tmp/BPRL.elf.FE4VjG.ltrans0.ltrans.o
 .text.chCoreAllocFromTop
                0x0000000008002350       0x40 /tmp/BPRL.elf.FE4VjG.ltrans0.ltrans.o
 .text.chCoreAllocAlignedI
                0x0000000008002390       0x20 /tmp/BPRL.elf.FE4VjG.ltrans0.ltrans.o
 .text.get_ldnumber
                0x00000000080023b0       0x34 /tmp/BPRL.elf.FE4VjG.ltrans0.ltrans.o
 *fill*         0x00000000080023e4        0xc 
 .text._Z20quat_to_rot_body2nedRK4QuatPA3_f
                0x00000000080023f0       0xb8 /tmp/BPRL.elf.FE4VjG.ltrans0.ltrans.o
 *fill*         0x00000000080024a8        0x8 
 .text._ZN3PID6updateEf
                0x00000000080024b0      0x138 /tmp/BPRL.elf.FE4VjG.ltrans0.ltrans.o
 *fill*         0x00000000080025e8        0x8 
 .text._ZL16switch_to_outputv
                0x00000000080025f0       0x54 /tmp/BPRL.elf.FE4VjG.ltrans0.ltrans.o
 *fill*         0x0000000008002644        0xc 
 .text.sdc_lld_is_card_inserted
                0x0000000008002650        0x4 /tmp/BPRL.elf.FE4VjG.ltrans0.ltrans.o
 *fill*         0x0000000008002654        0xc 
 .text.sdc_lld_is_write_protected
                0x0000000008002660        0x4 /tmp/BPRL.elf.FE4VjG.ltrans0.ltrans.o
 *fill*         0x0000000008002664        0xc 
 .text._Z17bprl_can_registermPFvRK10CANRxFramePvES2_.constprop.0
                0x0000000008002670       0x38 /tmp/BPRL.elf.FE4VjG.ltrans0.ltrans.o
 *fill*         0x00000000080026a8        0x8 
 .text.otg_epin_handler.constprop.0
                0x00000000080026b0      0x110 /tmp/BPRL.elf.FE4VjG.ltrans0.ltrans.o
 .text.usb_lld_start_out.constprop.0
                0x00000000080027c0       0x70 /tmp/BPRL.elf.FE4VjG.ltrans0.ltrans.o
 .text._usb_ep0in
                0x0000000008002830       0xd4 /tmp/BPRL.elf.FE4VjG.ltrans0.ltrans.o
 *fill*         0x0000000008002904        0xc 
 .text.otg_epout_handler.constprop.0
                0x0000000008002910       0x9c /tmp/BPRL.elf.FE4VjG.ltrans0.ltrans.o
 *fill*         0x00000000080029ac        0x4 
 .text.sdcStop.constprop.0
                0x00000000080029b0       0x5c /tmp/BPRL.elf.FE4VjG.ltrans0.ltrans.o
 *fill*         0x0000000008002a0c        0x4 
 .text.vt_insert_first.constprop.0
                0x0000000008002a10       0x60 /tmp/BPRL.elf.FE4VjG.ltrans0.ltrans.o
 .text._ZN6Logger10ring_writeEPKvj.constprop.0
                0x0000000008002a70       0x88 /tmp/BPRL.elf.FE4VjG.ltrans0.ltrans.o
 *fill*         0x0000000008002af8        0x8 
 .text._usb_ep0setup
                0x0000000008002b00      0x3c8 /tmp/BPRL.elf.FE4VjG.ltrans0.ltrans.o
 *fill*         0x0000000008002ec8        0x8 
 .text.__port_irq_epilogue.part.0
                0x0000000008002ed0       0x48 /tmp/BPRL.elf.FE4VjG.ltrans0.ltrans.o
 *fill*         0x0000000008002f18        0x8 
 .text._ZN3EKF7_updateEiPA16_KfPS0_S3_
                0x0000000008002f20      0x450 /tmp/BPRL.elf.FE4VjG.ltrans0.ltrans.o
 .text._ZL12dshot_dma_tcPvm
                0x0000000008003370       0x5c /tmp/BPRL.elf.FE4VjG.ltrans0.ltrans.o
 *fill*         0x00000000080033cc        0x4 
 .text.dir_sdi.constprop.0
                0x00000000080033d0       0x70 /tmp/BPRL.elf.FE4VjG.ltrans0.ltrans.o
 .text._ZN3EKF15_normalize_quatEv
                0x0000000008003440       0xa0 /tmp/BPRL.elf.FE4VjG.ltrans0.ltrans.o
 .text._Z13quat_to_eulerRK4QuatRfS2_S2_
                0x00000000080034e0       0xac /tmp/BPRL.elf.FE4VjG.ltrans0.ltrans.o
 *fill*         0x000000000800358c        0x4 
 .text.__cpu_init
                0x0000000008003590       0x80 /tmp/BPRL.elf.FE4VjG.ltrans0.ltrans.o
                0x0000000008003590                __cpu_init
 .text.__early_init
                0x0000000008003610        0x4 /tmp/BPRL.elf.FE4VjG.ltrans0.ltrans.o
                0x0000000008003610                __early_init
 *fill*         0x0000000008003614        0xc 
 .text.__late_init
                0x0000000008003620        0x4 /tmp/BPRL.elf.FE4VjG.ltrans0.ltrans.o
                0x0000000008003620                __late_init
 *fill*         0x0000000008003624        0xc 
 .text.__default_exit
                0x0000000008003630        0x4 /tmp/BPRL.elf.FE4VjG.ltrans0.ltrans.o
                0x0000000008003630                __default_exit
 *fill*         0x0000000008003634        0xc 
 .text.__init_ram_areas
                0x0000000008003640       0xc8 /tmp/BPRL.elf.FE4VjG.ltrans0.ltrans.o
                0x0000000008003640                __init_ram_areas
 *fill*         0x0000000008003708        0x8 
 .text.spiSelect
                0x0000000008003710       0x1c /tmp/BPRL.elf.FE4VjG.ltrans0.ltrans.o
                0x0000000008003710                spiSelect
 *fill*         0x000000000800372c        0x4 
 .text.spiUnselect
                0x0000000008003730       0x1c /tmp/BPRL.elf.FE4VjG.ltrans0.ltrans.o
                0x0000000008003730                spiUnselect
 *fill*         0x000000000800374c        0x4 
 .text.spi_lld_start
                0x0000000008003750      0x1bc /tmp/BPRL.elf.FE4VjG.ltrans0.ltrans.o
                0x0000000008003750                spi_lld_start
 *fill*         0x000000000800390c        0x4 
 .text.SVC_Handler
                0x0000000008003910       0x20 /tmp/BPRL.elf.FE4VjG.ltrans0.ltrans.o
                0x0000000008003910                SVC_Handler
 .text.disk_write
                0x0000000008003930       0x44 /tmp/BPRL.elf.FE4VjG.ltrans0.ltrans.o
                0x0000000008003930                disk_write
 *fill*         0x0000000008003974        0xc 
 .text.sync_window.part.0.lto_priv.0
                0x0000000008003980       0x64 /tmp/BPRL.elf.FE4VjG.ltrans0.ltrans.o
                0x0000000008003980                sync_window.part.0.lto_priv.0
 *fill*         0x00000000080039e4        0xc 
 .text.dir_clear
                0x00000000080039f0       0xa4 /tmp/BPRL.elf.FE4VjG.ltrans0.ltrans.o
 *fill*         0x0000000008003a94        0xc 
 .text.dir_next
                0x0000000008003aa0       0xc4 /tmp/BPRL.elf.FE4VjG.ltrans0.ltrans.o
 *fill*         0x0000000008003b64        0xc 
 .text.move_window.part.0.lto_priv.0
                0x0000000008003b70       0x60 /tmp/BPRL.elf.FE4VjG.ltrans0.ltrans.o
                0x0000000008003b70                move_window.part.0.lto_priv.0
 .text.dir_register
                0x0000000008003bd0       0x80 /tmp/BPRL.elf.FE4VjG.ltrans0.ltrans.o
 .text.follow_path
                0x0000000008003c50      0x1dc /tmp/BPRL.elf.FE4VjG.ltrans0.ltrans.o
 *fill*         0x0000000008003e2c        0x4 
 .text.check_fs
                0x0000000008003e30       0xd8 /tmp/BPRL.elf.FE4VjG.ltrans0.ltrans.o
 *fill*         0x0000000008003f08        0x8 
 .text.mount_volume
                0x0000000008003f10      0x284 /tmp/BPRL.elf.FE4VjG.ltrans0.ltrans.o
 *fill*         0x0000000008004194        0xc 
 .text.put_fat.part.0.lto_priv.0
                0x00000000080041a0      0x134 /tmp/BPRL.elf.FE4VjG.ltrans0.ltrans.o
                0x00000000080041a0                put_fat.part.0.lto_priv.0
 *fill*         0x00000000080042d4        0xc 
 .text._read_r  0x00000000080042e0        0xc /tmp/BPRL.elf.FE4VjG.ltrans0.ltrans.o
                0x00000000080042e0                _read_r
 *fill*         0x00000000080042ec        0x4 
 .text._lseek_r
                0x00000000080042f0        0x4 /tmp/BPRL.elf.FE4VjG.ltrans0.ltrans.o
                0x00000000080042f0                _lseek_r
 *fill*         0x00000000080042f4        0xc 
 .text._write_r
                0x0000000008004300        0x4 /tmp/BPRL.elf.FE4VjG.ltrans0.ltrans.o
                0x0000000008004300                _write_r
 *fill*         0x0000000008004304        0xc 
 .text._close_r
                0x0000000008004310        0x4 /tmp/BPRL.elf.FE4VjG.ltrans0.ltrans.o
                0x0000000008004310                _close_r
 *fill*         0x0000000008004314        0xc 
 .text._sbrk_r  0x0000000008004320       0x44 /tmp/BPRL.elf.FE4VjG.ltrans0.ltrans.o
                0x0000000008004320                _sbrk_r
 *fill*         0x0000000008004364        0xc 
 .text._fstat_r
                0x0000000008004370       0x1c /tmp/BPRL.elf.FE4VjG.ltrans0.ltrans.o
                0x0000000008004370                _fstat_r
 *fill*         0x000000000800438c        0x4 
 .text._isatty_r
                0x0000000008004390        0x4 /tmp/BPRL.elf.FE4VjG.ltrans0.ltrans.o
                0x0000000008004390                _isatty_r
 *fill*         0x0000000008004394        0xc 
 .text._getpid  0x00000000080043a0        0x4 /tmp/BPRL.elf.FE4VjG.ltrans0.ltrans.o
                0x00000000080043a0                _getpid
 *fill*         0x00000000080043a4        0xc 
 .text.trace_next.constprop.0
                0x00000000080043b0       0x3c /tmp/BPRL.elf.FE4VjG.ltrans0.ltrans.o
                0x00000000080043b0                trace_next.constprop.0
 *fill*         0x00000000080043ec        0x4 
 .text.Vector104
                0x00000000080043f0       0xa0 /tmp/BPRL.elf.FE4VjG.ltrans0.ltrans.o
                0x00000000080043f0                Vector104
 .text.VectorDC
                0x0000000008004490       0x84 /tmp/BPRL.elf.FE4VjG.ltrans0.ltrans.o
                0x0000000008004490                VectorDC
 *fill*         0x0000000008004514        0xc 
 .text.Vector15C
                0x0000000008004520       0x84 /tmp/BPRL.elf.FE4VjG.ltrans0.ltrans.o
                0x0000000008004520                Vector15C
 *fill*         0x00000000080045a4        0xc 
 .text.VectorB0
                0x00000000080045b0      0x194 /tmp/BPRL.elf.FE4VjG.ltrans0.ltrans.o
                0x00000000080045b0                VectorB0
 *fill*         0x0000000008004744        0xc 
 .text.Vector6C
                0x0000000008004750       0x98 /tmp/BPRL.elf.FE4VjG.ltrans0.ltrans.o
                0x0000000008004750                Vector6C
 *fill*         0x00000000080047e8        0x8 
 .text.Vector70
                0x00000000080047f0       0x9c /tmp/BPRL.elf.FE4VjG.ltrans0.ltrans.o
                0x00000000080047f0                Vector70
 *fill*         0x000000000800488c        0x4 
 .text.Vector74
                0x0000000008004890       0x9c /tmp/BPRL.elf.FE4VjG.ltrans0.ltrans.o
                0x0000000008004890                Vector74
 *fill*         0x000000000800492c        0x4 
 .text.Vector78
                0x0000000008004930       0x9c /tmp/BPRL.elf.FE4VjG.ltrans0.ltrans.o
                0x0000000008004930                Vector78
 *fill*         0x00000000080049cc        0x4 
 .text.Vector7C
                0x00000000080049d0       0x98 /tmp/BPRL.elf.FE4VjG.ltrans0.ltrans.o
                0x00000000080049d0                Vector7C
 *fill*         0x0000000008004a68        0x8 
 .text.Vector80
                0x0000000008004a70       0x9c /tmp/BPRL.elf.FE4VjG.ltrans0.ltrans.o
                0x0000000008004a70                Vector80
 *fill*         0x0000000008004b0c        0x4 
 .text.Vector84
                0x0000000008004b10       0x9c /tmp/BPRL.elf.FE4VjG.ltrans0.ltrans.o
                0x0000000008004b10                Vector84
 *fill*         0x0000000008004bac        0x4 
 .text.VectorFC
                0x0000000008004bb0       0x9c /tmp/BPRL.elf.FE4VjG.ltrans0.ltrans.o
                0x0000000008004bb0                VectorFC
 *fill*         0x0000000008004c4c        0x4 
 .text.Vector120
                0x0000000008004c50       0x98 /tmp/BPRL.elf.FE4VjG.ltrans0.ltrans.o
                0x0000000008004c50                Vector120
 *fill*         0x0000000008004ce8        0x8 
 .text.Vector124
                0x0000000008004cf0       0x9c /tmp/BPRL.elf.FE4VjG.ltrans0.ltrans.o
                0x0000000008004cf0                Vector124
 *fill*         0x0000000008004d8c        0x4 
 .text.Vector128
                0x0000000008004d90       0x9c /tmp/BPRL.elf.FE4VjG.ltrans0.ltrans.o
                0x0000000008004d90                Vector128
 *fill*         0x0000000008004e2c        0x4 
 .text.Vector12C
                0x0000000008004e30       0x9c /tmp/BPRL.elf.FE4VjG.ltrans0.ltrans.o
                0x0000000008004e30                Vector12C
 *fill*         0x0000000008004ecc        0x4 
 .text.Vector130
                0x0000000008004ed0       0x98 /tmp/BPRL.elf.FE4VjG.ltrans0.ltrans.o
                0x0000000008004ed0                Vector130
 *fill*         0x0000000008004f68        0x8 
 .text.Vector150
                0x0000000008004f70       0x9c /tmp/BPRL.elf.FE4VjG.ltrans0.ltrans.o
                0x0000000008004f70                Vector150
 *fill*         0x000000000800500c        0x4 
 .text.Vector154
                0x0000000008005010       0x9c /tmp/BPRL.elf.FE4VjG.ltrans0.ltrans.o
                0x0000000008005010                Vector154
 *fill*         0x00000000080050ac        0x4 
 .text.Vector158
                0x00000000080050b0       0x9c /tmp/BPRL.elf.FE4VjG.ltrans0.ltrans.o
                0x00000000080050b0                Vector158
 *fill*         0x000000000800514c        0x4 
 .text.Vector1D4
                0x0000000008005150      0x560 /tmp/BPRL.elf.FE4VjG.ltrans0.ltrans.o
                0x0000000008005150                Vector1D4
 .text.VectorCC
                0x00000000080056b0       0x94 /tmp/BPRL.elf.FE4VjG.ltrans0.ltrans.o
                0x00000000080056b0                VectorCC
 *fill*         0x0000000008005744        0xc 
 .text.Vector190
                0x0000000008005750       0x94 /tmp/BPRL.elf.FE4VjG.ltrans0.ltrans.o
                0x0000000008005750                Vector190
 *fill*         0x00000000080057e4        0xc 
 .text.chSysHalt
                0x00000000080057f0       0x34 /tmp/BPRL.elf.FE4VjG.ltrans0.ltrans.o
 *fill*         0x0000000008005824        0xc 
 .text.spi_lld_serve_dma_rx_interrupt
                0x0000000008005830       0xd0 /tmp/BPRL.elf.FE4VjG.ltrans0.ltrans.o
 .text.spi_lld_serve_dma_tx_interrupt
                0x0000000008005900       0x14 /tmp/BPRL.elf.FE4VjG.ltrans0.ltrans.o
 *fill*         0x0000000008005914        0xc 
 .text._exit    0x0000000008005920        0xc /tmp/BPRL.elf.FE4VjG.ltrans0.ltrans.o
                0x0000000008005920                _exit
 *fill*         0x000000000800592c        0x4 
 .text._kill    0x0000000008005930        0xc /tmp/BPRL.elf.FE4VjG.ltrans0.ltrans.o
                0x0000000008005930                _kill
 *fill*         0x000000000800593c        0x4 
 .text.__sch_ready_ahead.lto_priv.0
                0x0000000008005940       0x50 /tmp/BPRL.elf.FE4VjG.ltrans0.ltrans.o
                0x0000000008005940                __sch_ready_ahead.lto_priv.0
 .text.__sch_reschedule_ahead
                0x0000000008005990       0x5c /tmp/BPRL.elf.FE4VjG.ltrans0.ltrans.o
                0x0000000008005990                chSchDoPreemption
 *fill*         0x00000000080059ec        0x4 
 .text.chMtxUnlock
                0x00000000080059f0       0x70 /tmp/BPRL.elf.FE4VjG.ltrans0.ltrans.o
                0x00000000080059f0                chMtxUnlock
 .text.__sch_wakeup
                0x0000000008005a60       0x94 /tmp/BPRL.elf.FE4VjG.ltrans0.ltrans.o
 *fill*         0x0000000008005af4        0xc 
 .text.chSchGoSleepS
                0x0000000008005b00       0x58 /tmp/BPRL.elf.FE4VjG.ltrans0.ltrans.o
 *fill*         0x0000000008005b58        0x8 
 .text.chSchGoSleepTimeoutS
                0x0000000008005b60      0x164 /tmp/BPRL.elf.FE4VjG.ltrans0.ltrans.o
 *fill*         0x0000000008005cc4        0xc 
 .text.iqReadTimeout
                0x0000000008005cd0       0xf4 /tmp/BPRL.elf.FE4VjG.ltrans0.ltrans.o
 *fill*         0x0000000008005dc4        0xc 
 .text._read    0x0000000008005dd0        0xc /tmp/BPRL.elf.FE4VjG.ltrans0.ltrans.o
 *fill*         0x0000000008005ddc        0x4 
 .text._readt   0x0000000008005de0        0x8 /tmp/BPRL.elf.FE4VjG.ltrans0.ltrans.o
 *fill*         0x0000000008005de8        0x8 
 .text.iqGetTimeout
                0x0000000008005df0       0x6c /tmp/BPRL.elf.FE4VjG.ltrans0.ltrans.o
 *fill*         0x0000000008005e5c        0x4 
 .text._get     0x0000000008005e60        0xc /tmp/BPRL.elf.FE4VjG.ltrans0.ltrans.o
 *fill*         0x0000000008005e6c        0x4 
 .text._gett    0x0000000008005e70        0x8 /tmp/BPRL.elf.FE4VjG.ltrans0.ltrans.o
 *fill*         0x0000000008005e78        0x8 
 .text.oqPutTimeout
                0x0000000008005e80       0x78 /tmp/BPRL.elf.FE4VjG.ltrans0.ltrans.o
 *fill*         0x0000000008005ef8        0x8 
 .text._put     0x0000000008005f00        0xc /tmp/BPRL.elf.FE4VjG.ltrans0.ltrans.o
 *fill*         0x0000000008005f0c        0x4 
 .text._putt    0x0000000008005f10        0x8 /tmp/BPRL.elf.FE4VjG.ltrans0.ltrans.o
 *fill*         0x0000000008005f18        0x8 
 .text.oqWriteTimeout
                0x0000000008005f20       0xf4 /tmp/BPRL.elf.FE4VjG.ltrans0.ltrans.o
 *fill*         0x0000000008006014        0xc 
 .text._write   0x0000000008006020        0xc /tmp/BPRL.elf.FE4VjG.ltrans0.ltrans.o
 *fill*         0x000000000800602c        0x4 
 .text._writet  0x0000000008006030        0x8 /tmp/BPRL.elf.FE4VjG.ltrans0.ltrans.o
 *fill*         0x0000000008006038        0x8 
 .text.chThdSleep
                0x0000000008006040       0x18 /tmp/BPRL.elf.FE4VjG.ltrans0.ltrans.o
                0x0000000008006040                chThdSleep
 *fill*         0x0000000008006058        0x8 
 .text._sdc_wait_for_transfer_state
                0x0000000008006060       0x6c /tmp/BPRL.elf.FE4VjG.ltrans0.ltrans.o
 *fill*         0x00000000080060cc        0x4 
 .text.sdcDisconnect
                0x00000000080060d0       0x3c /tmp/BPRL.elf.FE4VjG.ltrans0.ltrans.o
 *fill*         0x000000000800610c        0x4 
 .text.startup.main
                0x0000000008006110      0xbd0 /tmp/BPRL.elf.FE4VjG.ltrans0.ltrans.o
                0x0000000008006110                main
 .text._ZL9CANThreadPv
                0x0000000008006ce0      0x184 /tmp/BPRL.elf.FE4VjG.ltrans0.ltrans.o
 *fill*         0x0000000008006e64        0xc 
 .text._ZL9I2CThreadPv
                0x0000000008006e70       0x48 /tmp/BPRL.elf.FE4VjG.ltrans0.ltrans.o
 *fill*         0x0000000008006eb8        0x8 
 .text._ZL15HeartbeatThreadPv
                0x0000000008006ec0       0x58 /tmp/BPRL.elf.FE4VjG.ltrans0.ltrans.o
 *fill*         0x0000000008006f18        0x8 
 .text.sdc_lld_wait_transaction_end
                0x0000000008006f20       0x84 /tmp/BPRL.elf.FE4VjG.ltrans0.ltrans.o
 *fill*         0x0000000008006fa4        0xc 
 .text.sdc_lld_read_special
                0x0000000008006fb0       0xb4 /tmp/BPRL.elf.FE4VjG.ltrans0.ltrans.o
 *fill*         0x0000000008007064        0xc 
 .text.sdcConnect
                0x0000000008007070      0x4e8 /tmp/BPRL.elf.FE4VjG.ltrans0.ltrans.o
 *fill*         0x0000000008007558        0x8 
 .text.sdc_lld_read_aligned
                0x0000000008007560      0x17c /tmp/BPRL.elf.FE4VjG.ltrans0.ltrans.o
 *fill*         0x00000000080076dc        0x4 
 .text.sdcRead  0x00000000080076e0       0x78 /tmp/BPRL.elf.FE4VjG.ltrans0.ltrans.o
 *fill*         0x0000000008007758        0x8 
 .text.sdc_lld_write_aligned
                0x0000000008007760      0x17c /tmp/BPRL.elf.FE4VjG.ltrans0.ltrans.o
 *fill*         0x00000000080078dc        0x4 
 .text.sdcWrite
                0x00000000080078e0       0x70 /tmp/BPRL.elf.FE4VjG.ltrans0.ltrans.o
 .text.spiExchange
                0x0000000008007950       0x84 /tmp/BPRL.elf.FE4VjG.ltrans0.ltrans.o
                0x0000000008007950                spiExchange
 *fill*         0x00000000080079d4        0xc 
 .text.chThdExit
                0x00000000080079e0       0x58 /tmp/BPRL.elf.FE4VjG.ltrans0.ltrans.o
                0x00000000080079e0                chThdExit
 *fill*         0x0000000008007a38        0x8 
 .text.chMtxLock
                0x0000000008007a40       0xd4 /tmp/BPRL.elf.FE4VjG.ltrans0.ltrans.o
                0x0000000008007a40                chMtxLock
 *fill*         0x0000000008007b14        0xc 
 .text._ZL14StateEstThreadPv
                0x0000000008007b20     0x1278 /tmp/BPRL.elf.FE4VjG.ltrans0.ltrans.o
 *fill*         0x0000000008008d98        0x8 
 .text._ZL13ControlThreadPv
                0x0000000008008da0      0x414 /tmp/BPRL.elf.FE4VjG.ltrans0.ltrans.o
 *fill*         0x00000000080091b4        0xc 
 .text._ZL11RadioThreadPv
                0x00000000080091c0      0x280 /tmp/BPRL.elf.FE4VjG.ltrans0.ltrans.o
 .text._ZL9LogThreadPv
                0x0000000008009440      0xb40 /tmp/BPRL.elf.FE4VjG.ltrans0.ltrans.o
 .text._ZL11imx5_can_cbRK10CANRxFramePv
                0x0000000008009f80      0x154 /tmp/BPRL.elf.FE4VjG.ltrans0.ltrans.o
 *fill*         0x000000000800a0d4        0xc 
 .text.VectorAC
                0x000000000800a0e0      0x2c0 /tmp/BPRL.elf.FE4VjG.ltrans0.ltrans.o
                0x000000000800a0e0                VectorAC
 .text.spiSend.constprop.0
                0x000000000800a3a0       0x88 /tmp/BPRL.elf.FE4VjG.ltrans0.ltrans.o
 *fill*         0x000000000800a428        0x8 
 .text._ZN8ICM209488set_bankEh
                0x000000000800a430       0xa0 /tmp/BPRL.elf.FE4VjG.ltrans0.ltrans.o
                0x000000000800a430                ICM20948::set_bank(unsigned char)
 .text._ZN8ICM209484readEPfS0_.part.0
                0x000000000800a4d0      0x164 /tmp/BPRL.elf.FE4VjG.ltrans0.ltrans.o
 *fill*         0x000000000800a634        0xc 
 .text._ZN8ICM209489reg_writeEhh
                0x000000000800a640       0x6c /tmp/BPRL.elf.FE4VjG.ltrans0.ltrans.o
                0x000000000800a640                ICM20948::reg_write(unsigned char, unsigned char)
 *fill*         0x000000000800a6ac        0x4 
 .text._ZN8ICM206029reg_writeEhh.constprop.0
                0x000000000800a6b0       0x70 /tmp/BPRL.elf.FE4VjG.ltrans0.ltrans.o
 .text._ZL9SPIThreadPv
                0x000000000800a720      0x388 /tmp/BPRL.elf.FE4VjG.ltrans0.ltrans.o
 *fill*         0x000000000800aaa8        0x8 
 .text.chThdDequeueAllI.constprop.0
                0x000000000800aab0       0x64 /tmp/BPRL.elf.FE4VjG.ltrans0.ltrans.o
 *fill*         0x000000000800ab14        0xc 
 .text.Vector8C
                0x000000000800ab20      0x12c /tmp/BPRL.elf.FE4VjG.ltrans0.ltrans.o
                0x000000000800ab20                Vector8C
 *fill*         0x000000000800ac4c        0x4 
 .text._ZN8ICM209484initEP14hal_spi_driverPK14hal_spi_configS4_.isra.0
                0x000000000800ac50      0x114 /tmp/BPRL.elf.FE4VjG.ltrans1.ltrans.o
                0x000000000800ac50                ICM20948::init(hal_spi_driver*, hal_spi_config const*, hal_spi_config const*) [clone .isra.0]
 *fill*         0x000000000800ad64        0xc 
 .text.get_fat.isra.0
                0x000000000800ad70       0xc0 /tmp/BPRL.elf.FE4VjG.ltrans1.ltrans.o
                0x000000000800ad70                get_fat.isra.0
 .text.remove_chain.constprop.0.isra.0
                0x000000000800ae30       0x6c /tmp/BPRL.elf.FE4VjG.ltrans1.ltrans.o
                0x000000000800ae30                remove_chain.constprop.0.isra.0
 *fill*         0x000000000800ae9c        0x4 
 .text.create_chain.isra.0
                0x000000000800aea0      0x100 /tmp/BPRL.elf.FE4VjG.ltrans1.ltrans.o
                0x000000000800aea0                create_chain.isra.0
 .text.sync_fs.isra.0
                0x000000000800afa0       0xb0 /tmp/BPRL.elf.FE4VjG.ltrans1.ltrans.o
                0x000000000800afa0                sync_fs.isra.0
 .text.__sch_ready_behind.isra.0
                0x000000000800b050       0x4c /tmp/BPRL.elf.FE4VjG.ltrans1.ltrans.o
                0x000000000800b050                __sch_ready_behind.isra.0
 *fill*         0x000000000800b09c        0x4 
 .text.chThdCreateStatic.isra.0
                0x000000000800b0a0       0xc0 /tmp/BPRL.elf.FE4VjG.ltrans1.ltrans.o
                0x000000000800b0a0                chThdCreateStatic.isra.0
 .text.otg_disable_ep.isra.0
                0x000000000800b160       0x58 /tmp/BPRL.elf.FE4VjG.ltrans1.ltrans.o
                0x000000000800b160                otg_disable_ep.isra.0
 *fill*         0x000000000800b1b8        0x8 
 .text.startup._sub_I_65535_0.0
                0x000000000800b1c0      0x1e0 /tmp/BPRL.elf.FE4VjG.ltrans1.ltrans.o
 .text.cosf     0x000000000800b3a0      0x1bc /opt/gcc-arm-none-eabi-10-2020-q4-major/bin/../lib/gcc/arm-none-eabi/10.2.1/../../../../arm-none-eabi/lib/thumb/v7e-m+dp/hard/libm.a(lib_a-cosf.o)
                0x000000000800b3a0                cosf
 .text.with_errnof
                0x000000000800b55c       0x18 /opt/gcc-arm-none-eabi-10-2020-q4-major/bin/../lib/gcc/arm-none-eabi/10.2.1/../../../../arm-none-eabi/lib/thumb/v7e-m+dp/hard/libm.a(lib_a-math_errf.o)
 .text.__math_invalidf
                0x000000000800b574       0x20 /opt/gcc-arm-none-eabi-10-2020-q4-major/bin/../lib/gcc/arm-none-eabi/10.2.1/../../../../arm-none-eabi/lib/thumb/v7e-m+dp/hard/libm.a(lib_a-math_errf.o)
                0x000000000800b574                __math_invalidf
 .text.asinf    0x000000000800b594       0x68 /opt/gcc-arm-none-eabi-10-2020-q4-major/bin/../lib/gcc/arm-none-eabi/10.2.1/../../../../arm-none-eabi/lib/thumb/v7e-m+dp/hard/libm.a(lib_a-wf_asin.o)
                0x000000000800b594                asinf
 .text.atan2f   0x000000000800b5fc        0x4 /opt/gcc-arm-none-eabi-10-2020-q4-major/bin/../lib/gcc/arm-none-eabi/10.2.1/../../../../arm-none-eabi/lib/thumb/v7e-m+dp/hard/libm.a(lib_a-wf_atan2.o)
                0x000000000800b5fc                atan2f
 .text.sqrtf    0x000000000800b600       0x50 /opt/gcc-arm-none-eabi-10-2020-q4-major/bin/../lib/gcc/arm-none-eabi/10.2.1/../../../../arm-none-eabi/lib/thumb/v7e-m+dp/hard/libm.a(lib_a-wf_sqrt.o)
                0x000000000800b600                sqrtf
 .text.__ieee754_asinf
                0x000000000800b650      0x20c /opt/gcc-arm-none-eabi-10-2020-q4-major/bin/../lib/gcc/arm-none-eabi/10.2.1/../../../../arm-none-eabi/lib/thumb/v7e-m+dp/hard/libm.a(lib_a-ef_asin.o)
                0x000000000800b650                __ieee754_asinf
 .text.__ieee754_atan2f
                0x000000000800b85c      0x14c /opt/gcc-arm-none-eabi-10-2020-q4-major/bin/../lib/gcc/arm-none-eabi/10.2.1/../../../../arm-none-eabi/lib/thumb/v7e-m+dp/hard/libm.a(lib_a-ef_atan2.o)
                0x000000000800b85c                __ieee754_atan2f
 .text.__ieee754_sqrtf
                0x000000000800b9a8        0x8 /opt/gcc-arm-none-eabi-10-2020-q4-major/bin/../lib/gcc/arm-none-eabi/10.2.1/../../../../arm-none-eabi/lib/thumb/v7e-m+dp/hard/libm.a(lib_a-ef_sqrt.o)
                0x000000000800b9a8                __ieee754_sqrtf
 .text.atanf    0x000000000800b9b0      0x1b0 /opt/gcc-arm-none-eabi-10-2020-q4-major/bin/../lib/gcc/arm-none-eabi/10.2.1/../../../../arm-none-eabi/lib/thumb/v7e-m+dp/hard/libm.a(lib_a-sf_atan.o)
                0x000000000800b9b0                atanf
 .text.fabsf    0x000000000800bb60       0x10 /opt/gcc-arm-none-eabi-10-2020-q4-major/bin/../lib/gcc/arm-none-eabi/10.2.1/../../../../arm-none-eabi/lib/thumb/v7e-m+dp/hard/libm.a(lib_a-sf_fabs.o)
                0x000000000800bb60                fabsf
 .text.nanf     0x000000000800bb70        0xc /opt/gcc-arm-none-eabi-10-2020-q4-major/bin/../lib/gcc/arm-none-eabi/10.2.1/../../../../arm-none-eabi/lib/thumb/v7e-m+dp/hard/libm.a(lib_a-sf_nan.o)
                0x000000000800bb70                nanf
 .text.__errno  0x000000000800bb7c        0xc /opt/gcc-arm-none-eabi-10-2020-q4-major/bin/../lib/gcc/arm-none-eabi/10.2.1/../../../../arm-none-eabi/lib/thumb/v7e-m+dp/hard/libg.a(lib_a-errno.o)
                0x000000000800bb7c                __errno
 .text.abort    0x000000000800bb88       0x10 /opt/gcc-arm-none-eabi-10-2020-q4-major/bin/../lib/gcc/arm-none-eabi/10.2.1/../../../../arm-none-eabi/lib/thumb/v7e-m+dp/hard/libg.a(lib_a-abort.o)
                0x000000000800bb88                abort
 .text.memcmp   0x000000000800bb98       0x64 /opt/gcc-arm-none-eabi-10-2020-q4-major/bin/../lib/gcc/arm-none-eabi/10.2.1/../../../../arm-none-eabi/lib/thumb/v7e-m+dp/hard/libg.a(lib_a-memcmp.o)
                0x000000000800bb98                memcmp
 .text.memset   0x000000000800bbfc       0xa4 /opt/gcc-arm-none-eabi-10-2020-q4-major/bin/../lib/gcc/arm-none-eabi/10.2.1/../../../../arm-none-eabi/lib/thumb/v7e-m+dp/hard/libg.a(lib_a-memset.o)
                0x000000000800bbfc                memset
 .text.raise    0x000000000800bca0       0x5c /opt/gcc-arm-none-eabi-10-2020-q4-major/bin/../lib/gcc/arm-none-eabi/10.2.1/../../../../arm-none-eabi/lib/thumb/v7e-m+dp/hard/libg.a(lib_a-signal.o)
                0x000000000800bca0                raise
 .text._kill_r  0x000000000800bcfc       0x2c /opt/gcc-arm-none-eabi-10-2020-q4-major/bin/../lib/gcc/arm-none-eabi/10.2.1/../../../../arm-none-eabi/lib/thumb/v7e-m+dp/hard/libg.a(lib_a-signalr.o)
                0x000000000800bcfc                _kill_r
 .text._getpid_r
                0x000000000800bd28        0x4 /opt/gcc-arm-none-eabi-10-2020-q4-major/bin/../lib/gcc/arm-none-eabi/10.2.1/../../../../arm-none-eabi/lib/thumb/v7e-m+dp/hard/libg.a(lib_a-signalr.o)
                0x000000000800bd28                _getpid_r
 .text.snprintf
                0x000000000800bd2c       0x88 /opt/gcc-arm-none-eabi-10-2020-q4-major/bin/../lib/gcc/arm-none-eabi/10.2.1/../../../../arm-none-eabi/lib/thumb/v7e-m+dp/hard/libg.a(lib_a-snprintf.o)
                0x000000000800bd2c                snprintf
 .text.strchr   0x000000000800bdb4       0xcc /opt/gcc-arm-none-eabi-10-2020-q4-major/bin/../lib/gcc/arm-none-eabi/10.2.1/../../../../arm-none-eabi/lib/thumb/v7e-m+dp/hard/libg.a(lib_a-strchr.o)
                0x000000000800bdb4                strchr
 .text.strncpy  0x000000000800be80       0x64 /opt/gcc-arm-none-eabi-10-2020-q4-major/bin/../lib/gcc/arm-none-eabi/10.2.1/../../../../arm-none-eabi/lib/thumb/v7e-m+dp/hard/libg.a(lib_a-strncpy.o)
                0x000000000800be80                strncpy
 *fill*         0x000000000800bee4        0x4 
 .text._svfprintf_r
                0x000000000800bee8     0x1950 /opt/gcc-arm-none-eabi-10-2020-q4-major/bin/../lib/gcc/arm-none-eabi/10.2.1/../../../../arm-none-eabi/lib/thumb/v7e-m+dp/hard/libg.a(lib_a-svfprintf.o)
                0x000000000800bee8                _svfprintf_r
 .text.quorem   0x000000000800d838      0x128 /opt/gcc-arm-none-eabi-10-2020-q4-major/bin/../lib/gcc/arm-none-eabi/10.2.1/../../../../arm-none-eabi/lib/thumb/v7e-m+dp/hard/libg.a(lib_a-dtoa.o)
 .text._dtoa_r  0x000000000800d960      0xcd8 /opt/gcc-arm-none-eabi-10-2020-q4-major/bin/../lib/gcc/arm-none-eabi/10.2.1/../../../../arm-none-eabi/lib/thumb/v7e-m+dp/hard/libg.a(lib_a-dtoa.o)
                0x000000000800d960                _dtoa_r
 .text._malloc_trim_r
                0x000000000800e638       0xa0 /opt/gcc-arm-none-eabi-10-2020-q4-major/bin/../lib/gcc/arm-none-eabi/10.2.1/../../../../arm-none-eabi/lib/thumb/v7e-m+dp/hard/libg.a(lib_a-freer.o)
                0x000000000800e638                _malloc_trim_r
 .text._free_r  0x000000000800e6d8      0x20c /opt/gcc-arm-none-eabi-10-2020-q4-major/bin/../lib/gcc/arm-none-eabi/10.2.1/../../../../arm-none-eabi/lib/thumb/v7e-m+dp/hard/libg.a(lib_a-freer.o)
                0x000000000800e6d8                _free_r
 .text._localeconv_r
                0x000000000800e8e4        0x8 /opt/gcc-arm-none-eabi-10-2020-q4-major/bin/../lib/gcc/arm-none-eabi/10.2.1/../../../../arm-none-eabi/lib/thumb/v7e-m+dp/hard/libg.a(lib_a-localeconv.o)
                0x000000000800e8e4                _localeconv_r
 .text._malloc_r
                0x000000000800e8ec      0x560 /opt/gcc-arm-none-eabi-10-2020-q4-major/bin/../lib/gcc/arm-none-eabi/10.2.1/../../../../arm-none-eabi/lib/thumb/v7e-m+dp/hard/libg.a(lib_a-mallocr.o)
                0x000000000800e8ec                _malloc_r
 .text.__malloc_lock
                0x000000000800ee4c        0xc /opt/gcc-arm-none-eabi-10-2020-q4-major/bin/../lib/gcc/arm-none-eabi/10.2.1/../../../../arm-none-eabi/lib/thumb/v7e-m+dp/hard/libg.a(lib_a-mlock.o)
                0x000000000800ee4c                __malloc_lock
 .text.__malloc_unlock
                0x000000000800ee58        0xc /opt/gcc-arm-none-eabi-10-2020-q4-major/bin/../lib/gcc/arm-none-eabi/10.2.1/../../../../arm-none-eabi/lib/thumb/v7e-m+dp/hard/libg.a(lib_a-mlock.o)
                0x000000000800ee58                __malloc_unlock
 .text._Balloc  0x000000000800ee64       0x4c /opt/gcc-arm-none-eabi-10-2020-q4-major/bin/../lib/gcc/arm-none-eabi/10.2.1/../../../../arm-none-eabi/lib/thumb/v7e-m+dp/hard/libg.a(lib_a-mprec.o)
                0x000000000800ee64                _Balloc
 .text._Bfree   0x000000000800eeb0       0x14 /opt/gcc-arm-none-eabi-10-2020-q4-major/bin/../lib/gcc/arm-none-eabi/10.2.1/../../../../arm-none-eabi/lib/thumb/v7e-m+dp/hard/libg.a(lib_a-mprec.o)
                0x000000000800eeb0                _Bfree
 .text.__multadd
                0x000000000800eec4       0xa8 /opt/gcc-arm-none-eabi-10-2020-q4-major/bin/../lib/gcc/arm-none-eabi/10.2.1/../../../../arm-none-eabi/lib/thumb/v7e-m+dp/hard/libg.a(lib_a-mprec.o)
                0x000000000800eec4                __multadd
 .text.__hi0bits
                0x000000000800ef6c       0x40 /opt/gcc-arm-none-eabi-10-2020-q4-major/bin/../lib/gcc/arm-none-eabi/10.2.1/../../../../arm-none-eabi/lib/thumb/v7e-m+dp/hard/libg.a(lib_a-mprec.o)
                0x000000000800ef6c                __hi0bits
 .text.__lo0bits
                0x000000000800efac       0x60 /opt/gcc-arm-none-eabi-10-2020-q4-major/bin/../lib/gcc/arm-none-eabi/10.2.1/../../../../arm-none-eabi/lib/thumb/v7e-m+dp/hard/libg.a(lib_a-mprec.o)
                0x000000000800efac                __lo0bits
 .text.__i2b    0x000000000800f00c       0x5c /opt/gcc-arm-none-eabi-10-2020-q4-major/bin/../lib/gcc/arm-none-eabi/10.2.1/../../../../arm-none-eabi/lib/thumb/v7e-m+dp/hard/libg.a(lib_a-mprec.o)
                0x000000000800f00c                __i2b
 .text.__multiply
                0x000000000800f068      0x158 /opt/gcc-arm-none-eabi-10-2020-q4-major/bin/../lib/gcc/arm-none-eabi/10.2.1/../../../../arm-none-eabi/lib/thumb/v7e-m+dp/hard/libg.a(lib_a-mprec.o)
                0x000000000800f068                __multiply
 .text.__pow5mult
                0x000000000800f1c0       0xc0 /opt/gcc-arm-none-eabi-10-2020-q4-major/bin/../lib/gcc/arm-none-eabi/10.2.1/../../../../arm-none-eabi/lib/thumb/v7e-m+dp/hard/libg.a(lib_a-mprec.o)
                0x000000000800f1c0                __pow5mult
 .text.__lshift
                0x000000000800f280       0xf0 /opt/gcc-arm-none-eabi-10-2020-q4-major/bin/../lib/gcc/arm-none-eabi/10.2.1/../../../../arm-none-eabi/lib/thumb/v7e-m+dp/hard/libg.a(lib_a-mprec.o)
                0x000000000800f280                __lshift
 .text.__mcmp   0x000000000800f370       0x44 /opt/gcc-arm-none-eabi-10-2020-q4-major/bin/../lib/gcc/arm-none-eabi/10.2.1/../../../../arm-none-eabi/lib/thumb/v7e-m+dp/hard/libg.a(lib_a-mprec.o)
                0x000000000800f370                __mcmp
 .text.__mdiff  0x000000000800f3b4      0x14c /opt/gcc-arm-none-eabi-10-2020-q4-major/bin/../lib/gcc/arm-none-eabi/10.2.1/../../../../arm-none-eabi/lib/thumb/v7e-m+dp/hard/libg.a(lib_a-mprec.o)
                0x000000000800f3b4                __mdiff
 .text.__d2b    0x000000000800f500       0xd0 /opt/gcc-arm-none-eabi-10-2020-q4-major/bin/../lib/gcc/arm-none-eabi/10.2.1/../../../../arm-none-eabi/lib/thumb/v7e-m+dp/hard/libg.a(lib_a-mprec.o)
                0x000000000800f500                __d2b
 .text.frexp    0x000000000800f5d0       0x78 /opt/gcc-arm-none-eabi-10-2020-q4-major/bin/../lib/gcc/arm-none-eabi/10.2.1/../../../../arm-none-eabi/lib/thumb/v7e-m+dp/hard/libg.a(lib_a-s_frexp.o)
                0x000000000800f5d0                frexp
 .text.__ssprint_r
                0x000000000800f648       0xf8 /opt/gcc-arm-none-eabi-10-2020-q4-major/bin/../lib/gcc/arm-none-eabi/10.2.1/../../../../arm-none-eabi/lib/thumb/v7e-m+dp/hard/libg.a(lib_a-svfiprintf.o)
                0x000000000800f648                __ssprint_r
 .text.__assert_func
                0x000000000800f740       0x40 /opt/gcc-arm-none-eabi-10-2020-q4-major/bin/../lib/gcc/arm-none-eabi/10.2.1/../../../../arm-none-eabi/lib/thumb/v7e-m+dp/hard/libg.a(lib_a-assert.o)
                0x000000000800f740                __assert_func
 .text._calloc_r
                0x000000000800f780       0x60 /opt/gcc-arm-none-eabi-10-2020-q4-major/bin/../lib/gcc/arm-none-eabi/10.2.1/../../../../arm-none-eabi/lib/thumb/v7e-m+dp/hard/libg.a(lib_a-callocr.o)
                0x000000000800f780                _calloc_r
 .text.fiprintf
                0x000000000800f7e0       0x28 /opt/gcc-arm-none-eabi-10-2020-q4-major/bin/../lib/gcc/arm-none-eabi/10.2.1/../../../../arm-none-eabi/lib/thumb/v7e-m+dp/hard/libg.a(lib_a-fiprintf.o)
                0x000000000800f7e0                fiprintf
 .text.__locale_mb_cur_max
                0x000000000800f808        0xc /opt/gcc-arm-none-eabi-10-2020-q4-major/bin/../lib/gcc/arm-none-eabi/10.2.1/../../../../arm-none-eabi/lib/thumb/v7e-m+dp/hard/libg.a(lib_a-locale.o)
                0x000000000800f808                __locale_mb_cur_max
 .text.__retarget_lock_init_recursive
                0x000000000800f814        0x4 /opt/gcc-arm-none-eabi-10-2020-q4-major/bin/../lib/gcc/arm-none-eabi/10.2.1/../../../../arm-none-eabi/lib/thumb/v7e-m+dp/hard/libg.a(lib_a-lock.o)
                0x000000000800f814                __retarget_lock_init_recursive
 .text.__retarget_lock_close_recursive
                0x000000000800f818        0x4 /opt/gcc-arm-none-eabi-10-2020-q4-major/bin/../lib/gcc/arm-none-eabi/10.2.1/../../../../arm-none-eabi/lib/thumb/v7e-m+dp/hard/libg.a(lib_a-lock.o)
                0x000000000800f818                __retarget_lock_close_recursive
 .text.__retarget_lock_acquire_recursive
                0x000000000800f81c        0x4 /opt/gcc-arm-none-eabi-10-2020-q4-major/bin/../lib/gcc/arm-none-eabi/10.2.1/../../../../arm-none-eabi/lib/thumb/v7e-m+dp/hard/libg.a(lib_a-lock.o)
                0x000000000800f81c                __retarget_lock_acquire_recursive
 .text.__retarget_lock_release_recursive
                0x000000000800f820        0x4 /opt/gcc-arm-none-eabi-10-2020-q4-major/bin/../lib/gcc/arm-none-eabi/10.2.1/../../../../arm-none-eabi/lib/thumb/v7e-m+dp/hard/libg.a(lib_a-lock.o)
                0x000000000800f820                __retarget_lock_release_recursive
 .text.__ascii_mbtowc
                0x000000000800f824       0x2c /opt/gcc-arm-none-eabi-10-2020-q4-major/bin/../lib/gcc/arm-none-eabi/10.2.1/../../../../arm-none-eabi/lib/thumb/v7e-m+dp/hard/libg.a(lib_a-mbtowc_r.o)
                0x000000000800f824                __ascii_mbtowc
 .text.memmove  0x000000000800f850       0xf8 /opt/gcc-arm-none-eabi-10-2020-q4-major/bin/../lib/gcc/arm-none-eabi/10.2.1/../../../../arm-none-eabi/lib/thumb/v7e-m+dp/hard/libg.a(lib_a-memmove.o)
                0x000000000800f850                memmove
 .text._realloc_r
                0x000000000800f948      0x3d8 /opt/gcc-arm-none-eabi-10-2020-q4-major/bin/../lib/gcc/arm-none-eabi/10.2.1/../../../../arm-none-eabi/lib/thumb/v7e-m+dp/hard/libg.a(lib_a-reallocr.o)
                0x000000000800f948                _realloc_r
 .text.__sprint_r.part.0
                0x000000000800fd20       0x78 /opt/gcc-arm-none-eabi-10-2020-q4-major/bin/../lib/gcc/arm-none-eabi/10.2.1/../../../../arm-none-eabi/lib/thumb/v7e-m+dp/hard/libg.a(lib_a-vfiprintf.o)
 .text._vfiprintf_r
                0x000000000800fd98      0xdf4 /opt/gcc-arm-none-eabi-10-2020-q4-major/bin/../lib/gcc/arm-none-eabi/10.2.1/../../../../arm-none-eabi/lib/thumb/v7e-m+dp/hard/libg.a(lib_a-vfiprintf.o)
                0x000000000800fd98                _vfiprintf_r
 .text.__sbprintf
                0x0000000008010b8c       0x80 /opt/gcc-arm-none-eabi-10-2020-q4-major/bin/../lib/gcc/arm-none-eabi/10.2.1/../../../../arm-none-eabi/lib/thumb/v7e-m+dp/hard/libg.a(lib_a-vfiprintf.o)
 .text.__ascii_wctomb
                0x0000000008010c0c       0x1c /opt/gcc-arm-none-eabi-10-2020-q4-major/bin/../lib/gcc/arm-none-eabi/10.2.1/../../../../arm-none-eabi/lib/thumb/v7e-m+dp/hard/libg.a(lib_a-wctomb_r.o)
                0x0000000008010c0c                __ascii_wctomb
 .text.__swsetup_r
                0x0000000008010c28       0xd4 /opt/gcc-arm-none-eabi-10-2020-q4-major/bin/../lib/gcc/arm-none-eabi/10.2.1/../../../../arm-none-eabi/lib/thumb/v7e-m+dp/hard/libg.a(lib_a-wsetup.o)
                0x0000000008010c28                __swsetup_r
 .text.__sflush_r
                0x0000000008010cfc      0x130 /opt/gcc-arm-none-eabi-10-2020-q4-major/bin/../lib/gcc/arm-none-eabi/10.2.1/../../../../arm-none-eabi/lib/thumb/v7e-m+dp/hard/libg.a(lib_a-fflush.o)
                0x0000000008010cfc                __sflush_r
 .text._fflush_r
                0x0000000008010e2c       0x5c /opt/gcc-arm-none-eabi-10-2020-q4-major/bin/../lib/gcc/arm-none-eabi/10.2.1/../../../../arm-none-eabi/lib/thumb/v7e-m+dp/hard/libg.a(lib_a-fflush.o)
                0x0000000008010e2c                _fflush_r
 .text._cleanup_r
                0x0000000008010e88        0xc /opt/gcc-arm-none-eabi-10-2020-q4-major/bin/../lib/gcc/arm-none-eabi/10.2.1/../../../../arm-none-eabi/lib/thumb/v7e-m+dp/hard/libg.a(lib_a-findfp.o)
                0x0000000008010e88                _cleanup_r
 .text.__sinit  0x0000000008010e94      0x10c /opt/gcc-arm-none-eabi-10-2020-q4-major/bin/../lib/gcc/arm-none-eabi/10.2.1/../../../../arm-none-eabi/lib/thumb/v7e-m+dp/hard/libg.a(lib_a-findfp.o)
                0x0000000008010e94                __sinit
 .text.__sfp_lock_acquire
                0x0000000008010fa0        0xc /opt/gcc-arm-none-eabi-10-2020-q4-major/bin/../lib/gcc/arm-none-eabi/10.2.1/../../../../arm-none-eabi/lib/thumb/v7e-m+dp/hard/libg.a(lib_a-findfp.o)
                0x0000000008010fa0                __sfp_lock_acquire
 .text.__sfp_lock_release
                0x0000000008010fac        0xc /opt/gcc-arm-none-eabi-10-2020-q4-major/bin/../lib/gcc/arm-none-eabi/10.2.1/../../../../arm-none-eabi/lib/thumb/v7e-m+dp/hard/libg.a(lib_a-findfp.o)
                0x0000000008010fac                __sfp_lock_release
 .text.__fputwc
                0x0000000008010fb8       0xa8 /opt/gcc-arm-none-eabi-10-2020-q4-major/bin/../lib/gcc/arm-none-eabi/10.2.1/../../../../arm-none-eabi/lib/thumb/v7e-m+dp/hard/libg.a(lib_a-fputwc.o)
                0x0000000008010fb8                __fputwc
 .text._fputwc_r
                0x0000000008011060       0x68 /opt/gcc-arm-none-eabi-10-2020-q4-major/bin/../lib/gcc/arm-none-eabi/10.2.1/../../../../arm-none-eabi/lib/thumb/v7e-m+dp/hard/libg.a(lib_a-fputwc.o)
                0x0000000008011060                _fputwc_r
 .text.__sfvwrite_r
                0x00000000080110c8      0x2f0 /opt/gcc-arm-none-eabi-10-2020-q4-major/bin/../lib/gcc/arm-none-eabi/10.2.1/../../../../arm-none-eabi/lib/thumb/v7e-m+dp/hard/libg.a(lib_a-fvwrite.o)
                0x00000000080110c8                __sfvwrite_r
 .text._fwalk_reent
                0x00000000080113b8       0x48 /opt/gcc-arm-none-eabi-10-2020-q4-major/bin/../lib/gcc/arm-none-eabi/10.2.1/../../../../arm-none-eabi/lib/thumb/v7e-m+dp/hard/libg.a(lib_a-fwalk.o)
                0x00000000080113b8                _fwalk_reent
 .text.__smakebuf_r
                0x0000000008011400       0xe0 /opt/gcc-arm-none-eabi-10-2020-q4-major/bin/../lib/gcc/arm-none-eabi/10.2.1/../../../../arm-none-eabi/lib/thumb/v7e-m+dp/hard/libg.a(lib_a-makebuf.o)
                0x0000000008011400                __smakebuf_r
 .text.__sread  0x00000000080114e0       0x24 /opt/gcc-arm-none-eabi-10-2020-q4-major/bin/../lib/gcc/arm-none-eabi/10.2.1/../../../../arm-none-eabi/lib/thumb/v7e-m+dp/hard/libg.a(lib_a-stdio.o)
                0x00000000080114e0                __sread
 .text.__swrite
                0x0000000008011504       0x40 /opt/gcc-arm-none-eabi-10-2020-q4-major/bin/../lib/gcc/arm-none-eabi/10.2.1/../../../../arm-none-eabi/lib/thumb/v7e-m+dp/hard/libg.a(lib_a-stdio.o)
                0x0000000008011504                __swrite
 .text.__sseek  0x0000000008011544       0x20 /opt/gcc-arm-none-eabi-10-2020-q4-major/bin/../lib/gcc/arm-none-eabi/10.2.1/../../../../arm-none-eabi/lib/thumb/v7e-m+dp/hard/libg.a(lib_a-stdio.o)
                0x0000000008011544                __sseek
 .text.__sclose
                0x0000000008011564        0x8 /opt/gcc-arm-none-eabi-10-2020-q4-major/bin/../lib/gcc/arm-none-eabi/10.2.1/../../../../arm-none-eabi/lib/thumb/v7e-m+dp/hard/libg.a(lib_a-stdio.o)
                0x0000000008011564                __sclose
 .text.__swbuf_r
                0x000000000801156c       0xb0 /opt/gcc-arm-none-eabi-10-2020-q4-major/bin/../lib/gcc/arm-none-eabi/10.2.1/../../../../arm-none-eabi/lib/thumb/v7e-m+dp/hard/libg.a(lib_a-wbuf.o)
                0x000000000801156c                __swbuf_r
 .text._wcrtomb_r
                0x000000000801161c       0x3c /opt/gcc-arm-none-eabi-10-2020-q4-major/bin/../lib/gcc/arm-none-eabi/10.2.1/../../../../arm-none-eabi/lib/thumb/v7e-m+dp/hard/libg.a(lib_a-wcrtomb.o)
                0x000000000801161c                _wcrtomb_r
 .text._fclose_r
                0x0000000008011658       0xcc /opt/gcc-arm-none-eabi-10-2020-q4-major/bin/../lib/gcc/arm-none-eabi/10.2.1/../../../../arm-none-eabi/lib/thumb/v7e-m+dp/hard/libg.a(lib_a-fclose.o)
                0x0000000008011658                _fclose_r
 *(.glue_7t)
 .glue_7t       0x0000000008011724        0x0 linker stubs
 *(.glue_7)
 .glue_7        0x0000000008011724        0x0 linker stubs
 *(.gcc*)
                0x0000000008011724                __text_end__ = .

.vfp11_veneer   0x0000000008011724        0x0
 .vfp11_veneer  0x0000000008011724        0x0 linker stubs

.v4_bx          0x0000000008011724        0x0
 .v4_bx         0x0000000008011724        0x0 linker stubs

.iplt           0x0000000008011724        0x0
 .iplt          0x0000000008011724        0x0 build/obj/crt0_v7m.o

.rodata         0x0000000008011728      0xc24
                0x0000000008011728                __rodata_base__ = .
 *(.rodata)
 *(.rodata.*)
 .rodata.follow_path.str1.4
                0x0000000008011728        0xf /tmp/BPRL.elf.FE4VjG.ltrans0.ltrans.o
 *fill*         0x0000000008011737        0x1 
 .rodata.check_fs.str1.4
                0x0000000008011738        0x9 /tmp/BPRL.elf.FE4VjG.ltrans0.ltrans.o
 *fill*         0x0000000008011741        0x3 
 .rodata.spi_lld_serve_dma_rx_interrupt.str1.4
                0x0000000008011744        0xc /tmp/BPRL.elf.FE4VjG.ltrans0.ltrans.o
 .rodata._exit.str1.4
                0x0000000008011750        0x5 /tmp/BPRL.elf.FE4VjG.ltrans0.ltrans.o
 *fill*         0x0000000008011755        0x3 
 .rodata._kill.str1.4
                0x0000000008011758        0x5 /tmp/BPRL.elf.FE4VjG.ltrans0.ltrans.o
 *fill*         0x000000000801175d        0x3 
 .rodata.main.str1.4
                0x0000000008011760        0x5 /tmp/BPRL.elf.FE4VjG.ltrans0.ltrans.o
 *fill*         0x0000000008011765        0x3 
 .rodata._ZL9CANThreadPv.str1.4
                0x0000000008011768        0x4 /tmp/BPRL.elf.FE4VjG.ltrans0.ltrans.o
 .rodata._ZL9I2CThreadPv.str1.4
                0x000000000801176c        0x4 /tmp/BPRL.elf.FE4VjG.ltrans0.ltrans.o
 .rodata._ZL15HeartbeatThreadPv.str1.4
                0x0000000008011770        0xa /tmp/BPRL.elf.FE4VjG.ltrans0.ltrans.o
 *fill*         0x000000000801177a        0x2 
 .rodata._ZL14StateEstThreadPv.str1.4
                0x000000000801177c        0x4 /tmp/BPRL.elf.FE4VjG.ltrans0.ltrans.o
 .rodata._ZL13ControlThreadPv.str1.4
                0x0000000008011780        0x5 /tmp/BPRL.elf.FE4VjG.ltrans0.ltrans.o
 *fill*         0x0000000008011785        0x3 
 .rodata._ZL11RadioThreadPv.str1.4
                0x0000000008011788        0x6 /tmp/BPRL.elf.FE4VjG.ltrans0.ltrans.o
 *fill*         0x000000000801178e        0x2 
 .rodata._ZL9LogThreadPv.str1.4
                0x0000000008011790       0xf5 /tmp/BPRL.elf.FE4VjG.ltrans0.ltrans.o
 *fill*         0x0000000008011885        0x3 
 .rodata.VectorAC.str1.4
                0x0000000008011888        0x9 /tmp/BPRL.elf.FE4VjG.ltrans0.ltrans.o
 *fill*         0x0000000008011891        0x3 
 .rodata._ZL9SPIThreadPv.str1.4
                0x0000000008011894        0x4 /tmp/BPRL.elf.FE4VjG.ltrans0.ltrans.o
 .rodata.str1.4
                0x0000000008011898        0x3 /tmp/BPRL.elf.FE4VjG.ltrans0.ltrans.o
 *fill*         0x000000000801189b        0x1 
 .rodata.ExCvt  0x000000000801189c       0x80 /tmp/BPRL.elf.FE4VjG.ltrans0.ltrans.o
 .rodata._ZL10kGcrDecode
                0x000000000801191c       0x20 /tmp/BPRL.elf.FE4VjG.ltrans0.ltrans.o
 .rodata._ZL7can_cfg
                0x000000000801193c       0x14 /tmp/BPRL.elf.FE4VjG.ltrans0.ltrans.o
 .rodata._ZL7sdc_cfg
                0x0000000008011950        0x8 /tmp/BPRL.elf.FE4VjG.ltrans0.ltrans.o
 .rodata._ZL8crsf_cfg
                0x0000000008011958       0x18 /tmp/BPRL.elf.FE4VjG.ltrans0.ltrans.o
 .rodata._ZL9imu1_fast
                0x0000000008011970       0x20 /tmp/BPRL.elf.FE4VjG.ltrans0.ltrans.o
 .rodata._ZL9imu1_init
                0x0000000008011990       0x20 /tmp/BPRL.elf.FE4VjG.ltrans0.ltrans.o
 .rodata._ZL9imu2_fast
                0x00000000080119b0       0x20 /tmp/BPRL.elf.FE4VjG.ltrans0.ltrans.o
 .rodata._ZL9imu2_init
                0x00000000080119d0       0x20 /tmp/BPRL.elf.FE4VjG.ltrans0.ltrans.o
 .rodata._ZL9imu3_fast
                0x00000000080119f0       0x20 /tmp/BPRL.elf.FE4VjG.ltrans0.ltrans.o
 .rodata._ZL9imu3_init
                0x0000000008011a10       0x20 /tmp/BPRL.elf.FE4VjG.ltrans0.ltrans.o
 .rodata._ZZ4mainE6kRates
                0x0000000008011a30       0x24 /tmp/BPRL.elf.FE4VjG.ltrans0.ltrans.o
 .rodata.__func__.0.lto_priv.0
                0x0000000008011a54        0x9 /tmp/BPRL.elf.FE4VjG.ltrans0.ltrans.o
 *fill*         0x0000000008011a5d        0x3 
 .rodata.__func__.0.lto_priv.1
                0x0000000008011a60        0xa /tmp/BPRL.elf.FE4VjG.ltrans0.ltrans.o
 *fill*         0x0000000008011a6a        0x2 
 .rodata.__func__.0.lto_priv.2
                0x0000000008011a6c        0xa /tmp/BPRL.elf.FE4VjG.ltrans0.ltrans.o
 *fill*         0x0000000008011a76        0x2 
 .rodata.__func__.0.lto_priv.3
                0x0000000008011a78        0xa /tmp/BPRL.elf.FE4VjG.ltrans0.ltrans.o
 *fill*         0x0000000008011a82        0x2 
 .rodata.__func__.1.lto_priv.0
                0x0000000008011a84        0xa /tmp/BPRL.elf.FE4VjG.ltrans0.ltrans.o
 *fill*         0x0000000008011a8e        0x2 
 .rodata.__func__.1.lto_priv.1
                0x0000000008011a90        0xa /tmp/BPRL.elf.FE4VjG.ltrans0.ltrans.o
 *fill*         0x0000000008011a9a        0x2 
 .rodata.__func__.1.lto_priv.2
                0x0000000008011a9c        0x9 /tmp/BPRL.elf.FE4VjG.ltrans0.ltrans.o
 *fill*         0x0000000008011aa5        0x3 
 .rodata.__func__.10
                0x0000000008011aa8        0x9 /tmp/BPRL.elf.FE4VjG.ltrans0.ltrans.o
 *fill*         0x0000000008011ab1        0x3 
 .rodata.__func__.11
                0x0000000008011ab4        0x9 /tmp/BPRL.elf.FE4VjG.ltrans0.ltrans.o
 *fill*         0x0000000008011abd        0x3 
 .rodata.__func__.12
                0x0000000008011ac0        0x9 /tmp/BPRL.elf.FE4VjG.ltrans0.ltrans.o
 *fill*         0x0000000008011ac9        0x3 
 .rodata.__func__.13
                0x0000000008011acc        0x9 /tmp/BPRL.elf.FE4VjG.ltrans0.ltrans.o
 *fill*         0x0000000008011ad5        0x3 
 .rodata.__func__.14
                0x0000000008011ad8        0x9 /tmp/BPRL.elf.FE4VjG.ltrans0.ltrans.o
 *fill*         0x0000000008011ae1        0x3 
 .rodata.__func__.15
                0x0000000008011ae4        0x9 /tmp/BPRL.elf.FE4VjG.ltrans0.ltrans.o
 *fill*         0x0000000008011aed        0x3 
 .rodata.__func__.2.lto_priv.0
                0x0000000008011af0        0x9 /tmp/BPRL.elf.FE4VjG.ltrans0.ltrans.o
 *fill*         0x0000000008011af9        0x3 
 .rodata.__func__.2.lto_priv.1
                0x0000000008011afc        0xa /tmp/BPRL.elf.FE4VjG.ltrans0.ltrans.o
 *fill*         0x0000000008011b06        0x2 
 .rodata.__func__.3.lto_priv.0
                0x0000000008011b08        0xa /tmp/BPRL.elf.FE4VjG.ltrans0.ltrans.o
 *fill*         0x0000000008011b12        0x2 
 .rodata.__func__.3.lto_priv.1
                0x0000000008011b14        0xa /tmp/BPRL.elf.FE4VjG.ltrans0.ltrans.o
 *fill*         0x0000000008011b1e        0x2 
 .rodata.__func__.4.lto_priv.0
                0x0000000008011b20        0x9 /tmp/BPRL.elf.FE4VjG.ltrans0.ltrans.o
 *fill*         0x0000000008011b29        0x3 
 .rodata.__func__.4.lto_priv.1
                0x0000000008011b2c        0xa /tmp/BPRL.elf.FE4VjG.ltrans0.ltrans.o
 *fill*         0x0000000008011b36        0x2 
 .rodata.__func__.5
                0x0000000008011b38        0xa /tmp/BPRL.elf.FE4VjG.ltrans0.ltrans.o
 *fill*         0x0000000008011b42        0x2 
 .rodata.__func__.6
                0x0000000008011b44        0xa /tmp/BPRL.elf.FE4VjG.ltrans0.ltrans.o
 *fill*         0x0000000008011b4e        0x2 
 .rodata.__func__.7
                0x0000000008011b50        0xa /tmp/BPRL.elf.FE4VjG.ltrans0.ltrans.o
 *fill*         0x0000000008011b5a        0x2 
 .rodata.__func__.8
                0x0000000008011b5c        0x9 /tmp/BPRL.elf.FE4VjG.ltrans0.ltrans.o
 *fill*         0x0000000008011b65        0x3 
 .rodata.__func__.9
                0x0000000008011b68        0x9 /tmp/BPRL.elf.FE4VjG.ltrans0.ltrans.o
 *fill*         0x0000000008011b71        0x3 
 .rodata._stm32_dma_streams
                0x0000000008011b74      0x100 /tmp/BPRL.elf.FE4VjG.ltrans0.ltrans.o
 .rodata.active_status
                0x0000000008011c74        0x2 /tmp/BPRL.elf.FE4VjG.ltrans0.ltrans.o
 *fill*         0x0000000008011c76        0x2 
 .rodata.ch_core0_cfg
                0x0000000008011c78       0x14 /tmp/BPRL.elf.FE4VjG.ltrans0.ltrans.o
 .rodata.ch_debug
                0x0000000008011c8c       0x2c /tmp/BPRL.elf.FE4VjG.ltrans0.ltrans.o
 .rodata.dlc_to_bytes
                0x0000000008011cb8       0x10 /tmp/BPRL.elf.FE4VjG.ltrans0.ltrans.o
 .rodata.ep0config
                0x0000000008011cc8       0x24 /tmp/BPRL.elf.FE4VjG.ltrans0.ltrans.o
 .rodata.fsparams
                0x0000000008011cec        0xc /tmp/BPRL.elf.FE4VjG.ltrans0.ltrans.o
 .rodata.halted_status
                0x0000000008011cf8        0x2 /tmp/BPRL.elf.FE4VjG.ltrans0.ltrans.o
 *fill*         0x0000000008011cfa        0x2 
 .rodata.ram_areas
                0x0000000008011cfc       0x80 /tmp/BPRL.elf.FE4VjG.ltrans0.ltrans.o
 .rodata.sdc_vmt
                0x0000000008011d7c       0x24 /tmp/BPRL.elf.FE4VjG.ltrans0.ltrans.o
 .rodata.vmt    0x0000000008011da0       0x28 /tmp/BPRL.elf.FE4VjG.ltrans0.ltrans.o
 .rodata.zero_status
                0x0000000008011dc8        0x2 /tmp/BPRL.elf.FE4VjG.ltrans0.ltrans.o
 *fill*         0x0000000008011dca        0x2 
 .rodata.chThdCreateStatic.isra.0.str1.4
                0x0000000008011dcc        0x7 /tmp/BPRL.elf.FE4VjG.ltrans1.ltrans.o
 *fill*         0x0000000008011dd3        0x1 
 .rodata.__inv_pio4
                0x0000000008011dd4       0x60 /opt/gcc-arm-none-eabi-10-2020-q4-major/bin/../lib/gcc/arm-none-eabi/10.2.1/../../../../arm-none-eabi/lib/thumb/v7e-m+dp/hard/libm.a(lib_a-sincosf_data.o)
                0x0000000008011dd4                __inv_pio4
 *fill*         0x0000000008011e34        0x4 
 .rodata.__sincosf_table
                0x0000000008011e38       0xe0 /opt/gcc-arm-none-eabi-10-2020-q4-major/bin/../lib/gcc/arm-none-eabi/10.2.1/../../../../arm-none-eabi/lib/thumb/v7e-m+dp/hard/libm.a(lib_a-sincosf_data.o)
                0x0000000008011e38                __sincosf_table
 .rodata.asinf.str1.4
                0x0000000008011f18        0x0 /opt/gcc-arm-none-eabi-10-2020-q4-major/bin/../lib/gcc/arm-none-eabi/10.2.1/../../../../arm-none-eabi/lib/thumb/v7e-m+dp/hard/libm.a(lib_a-wf_asin.o)
                                          0x1 (size before relaxing)
 .rodata.CSWTCH.8
                0x0000000008011f18        0xc /opt/gcc-arm-none-eabi-10-2020-q4-major/bin/../lib/gcc/arm-none-eabi/10.2.1/../../../../arm-none-eabi/lib/thumb/v7e-m+dp/hard/libm.a(lib_a-ef_atan2.o)
 .rodata.CSWTCH.9
                0x0000000008011f24        0xc /opt/gcc-arm-none-eabi-10-2020-q4-major/bin/../lib/gcc/arm-none-eabi/10.2.1/../../../../arm-none-eabi/lib/thumb/v7e-m+dp/hard/libm.a(lib_a-ef_atan2.o)
 .rodata.atanhi
                0x0000000008011f30       0x10 /opt/gcc-arm-none-eabi-10-2020-q4-major/bin/../lib/gcc/arm-none-eabi/10.2.1/../../../../arm-none-eabi/lib/thumb/v7e-m+dp/hard/libm.a(lib_a-sf_atan.o)
 .rodata.atanlo
                0x0000000008011f40       0x10 /opt/gcc-arm-none-eabi-10-2020-q4-major/bin/../lib/gcc/arm-none-eabi/10.2.1/../../../../arm-none-eabi/lib/thumb/v7e-m+dp/hard/libm.a(lib_a-sf_atan.o)
 .rodata._ctype_
                0x0000000008011f50      0x101 /opt/gcc-arm-none-eabi-10-2020-q4-major/bin/../lib/gcc/arm-none-eabi/10.2.1/../../../../arm-none-eabi/lib/thumb/v7e-m+dp/hard/libg.a(lib_a-ctype_.o)
                0x0000000008011f50                _ctype_
 *fill*         0x0000000008012051        0x3 
 .rodata._svfprintf_r.str1.4
                0x0000000008012054       0x42 /opt/gcc-arm-none-eabi-10-2020-q4-major/bin/../lib/gcc/arm-none-eabi/10.2.1/../../../../arm-none-eabi/lib/thumb/v7e-m+dp/hard/libg.a(lib_a-svfprintf.o)
 *fill*         0x0000000008012096        0x2 
 .rodata.blanks.1
                0x0000000008012098       0x10 /opt/gcc-arm-none-eabi-10-2020-q4-major/bin/../lib/gcc/arm-none-eabi/10.2.1/../../../../arm-none-eabi/lib/thumb/v7e-m+dp/hard/libg.a(lib_a-svfprintf.o)
 .rodata.zeroes.0
                0x00000000080120a8       0x10 /opt/gcc-arm-none-eabi-10-2020-q4-major/bin/../lib/gcc/arm-none-eabi/10.2.1/../../../../arm-none-eabi/lib/thumb/v7e-m+dp/hard/libg.a(lib_a-svfprintf.o)
 .rodata._dtoa_r.str1.4
                0x00000000080120b8       0xa1 /opt/gcc-arm-none-eabi-10-2020-q4-major/bin/../lib/gcc/arm-none-eabi/10.2.1/../../../../arm-none-eabi/lib/thumb/v7e-m+dp/hard/libg.a(lib_a-dtoa.o)
                                         0xa5 (size before relaxing)
 *fill*         0x0000000008012159        0x3 
 .rodata.__multadd.str1.4
                0x000000000801215c       0x7e /opt/gcc-arm-none-eabi-10-2020-q4-major/bin/../lib/gcc/arm-none-eabi/10.2.1/../../../../arm-none-eabi/lib/thumb/v7e-m+dp/hard/libg.a(lib_a-mprec.o)
                                         0x92 (size before relaxing)
 *fill*         0x00000000080121da        0x6 
 .rodata.__mprec_bigtens
                0x00000000080121e0       0x28 /opt/gcc-arm-none-eabi-10-2020-q4-major/bin/../lib/gcc/arm-none-eabi/10.2.1/../../../../arm-none-eabi/lib/thumb/v7e-m+dp/hard/libg.a(lib_a-mprec.o)
                0x00000000080121e0                __mprec_bigtens
 .rodata.__mprec_tens
                0x0000000008012208       0xc8 /opt/gcc-arm-none-eabi-10-2020-q4-major/bin/../lib/gcc/arm-none-eabi/10.2.1/../../../../arm-none-eabi/lib/thumb/v7e-m+dp/hard/libg.a(lib_a-mprec.o)
                0x0000000008012208                __mprec_tens
 .rodata.p05.0  0x00000000080122d0        0xc /opt/gcc-arm-none-eabi-10-2020-q4-major/bin/../lib/gcc/arm-none-eabi/10.2.1/../../../../arm-none-eabi/lib/thumb/v7e-m+dp/hard/libg.a(lib_a-mprec.o)
 .rodata.__assert_func.str1.4
                0x00000000080122dc       0x3f /opt/gcc-arm-none-eabi-10-2020-q4-major/bin/../lib/gcc/arm-none-eabi/10.2.1/../../../../arm-none-eabi/lib/thumb/v7e-m+dp/hard/libg.a(lib_a-assert.o)
                                         0x43 (size before relaxing)
 *fill*         0x000000000801231b        0x1 
 .rodata._setlocale_r.str1.4
                0x000000000801231c        0xa /opt/gcc-arm-none-eabi-10-2020-q4-major/bin/../lib/gcc/arm-none-eabi/10.2.1/../../../../arm-none-eabi/lib/thumb/v7e-m+dp/hard/libg.a(lib_a-locale.o)
                                          0xd (size before relaxing)
 *fill*         0x0000000008012326        0x2 
 .rodata.str1.4
                0x0000000008012328        0x2 /opt/gcc-arm-none-eabi-10-2020-q4-major/bin/../lib/gcc/arm-none-eabi/10.2.1/../../../../arm-none-eabi/lib/thumb/v7e-m+dp/hard/libg.a(lib_a-locale.o)
 .rodata._vfiprintf_r.str1.4
                0x000000000801232a       0x2f /opt/gcc-arm-none-eabi-10-2020-q4-major/bin/../lib/gcc/arm-none-eabi/10.2.1/../../../../arm-none-eabi/lib/thumb/v7e-m+dp/hard/libg.a(lib_a-vfiprintf.o)
 *fill*         0x000000000801232a        0x2 
 .rodata.blanks.1
                0x000000000801232c       0x10 /opt/gcc-arm-none-eabi-10-2020-q4-major/bin/../lib/gcc/arm-none-eabi/10.2.1/../../../../arm-none-eabi/lib/thumb/v7e-m+dp/hard/libg.a(lib_a-vfiprintf.o)
 .rodata.zeroes.0
                0x000000000801233c       0x10 /opt/gcc-arm-none-eabi-10-2020-q4-major/bin/../lib/gcc/arm-none-eabi/10.2.1/../../../../arm-none-eabi/lib/thumb/v7e-m+dp/hard/libg.a(lib_a-vfiprintf.o)
                0x000000000801234c                . = ALIGN (0x4)
                0x000000000801234c                __rodata_end__ = .

.ARM.extab      0x000000000801234c       0x24
 *(.ARM.extab* .gnu.linkonce.armextab.*)
 .ARM.extab.text._ZL11RadioThreadPv
                0x000000000801234c        0xc /tmp/BPRL.elf.FE4VjG.ltrans0.ltrans.o
 .ARM.extab     0x0000000008012358       0x18 /opt/gcc-arm-none-eabi-10-2020-q4-major/bin/../lib/gcc/arm-none-eabi/10.2.1/thumb/v7e-m+dp/hard/libgcc.a(pr-support.o)

.ARM.exidx      0x0000000008012370       0xd8
                0x0000000008012370                __exidx_base__ = .
                0x0000000008012370                __exidx_start = .
 *(.ARM.exidx* .gnu.linkonce.armexidx.*)
 .ARM.exidx.text._Z20quat_to_rot_body2nedRK4QuatPA3_f
                0x0000000008012428        0x0 /tmp/BPRL.elf.FE4VjG.ltrans0.ltrans.o
                                          0x8 (size before relaxing)
 .ARM.exidx.text._ZN3PID6updateEf
                0x0000000008012428        0x0 /tmp/BPRL.elf.FE4VjG.ltrans0.ltrans.o
                                          0x8 (size before relaxing)
 .ARM.exidx.text._ZL16switch_to_outputv
                0x0000000008012428        0x0 /tmp/BPRL.elf.FE4VjG.ltrans0.ltrans.o
                                          0x8 (size before relaxing)
 .ARM.exidx.text.sdc_lld_is_card_inserted
                0x0000000008012428        0x0 /tmp/BPRL.elf.FE4VjG.ltrans0.ltrans.o
                                          0x8 (size before relaxing)
 .ARM.exidx.text.sdc_lld_is_write_protected
                0x0000000008012428        0x0 /tmp/BPRL.elf.FE4VjG.ltrans0.ltrans.o
                                          0x8 (size before relaxing)
 .ARM.exidx.text._Z17bprl_can_registermPFvRK10CANRxFramePvES2_.constprop.0
                0x0000000008012428        0x0 /tmp/BPRL.elf.FE4VjG.ltrans0.ltrans.o
                                          0x8 (size before relaxing)
 .ARM.exidx.text._ZN6Logger10ring_writeEPKvj.constprop.0
                0x0000000008012428        0x0 /tmp/BPRL.elf.FE4VjG.ltrans0.ltrans.o
                                          0x8 (size before relaxing)
 .ARM.exidx.text._ZN3EKF7_updateEiPA16_KfPS0_S3_
                0x0000000008012428        0x0 /tmp/BPRL.elf.FE4VjG.ltrans0.ltrans.o
                                          0x8 (size before relaxing)
 .ARM.exidx.text._ZL12dshot_dma_tcPvm
                0x0000000008012428        0x0 /tmp/BPRL.elf.FE4VjG.ltrans0.ltrans.o
                                          0x8 (size before relaxing)
 .ARM.exidx.text._ZN3EKF15_normalize_quatEv
                0x0000000008012428        0x0 /tmp/BPRL.elf.FE4VjG.ltrans0.ltrans.o
                                          0x8 (size before relaxing)
 .ARM.exidx.text._Z13quat_to_eulerRK4QuatRfS2_S2_
                0x0000000008012428        0x0 /tmp/BPRL.elf.FE4VjG.ltrans0.ltrans.o
                                          0x8 (size before relaxing)
 .ARM.exidx.text.startup.main
                0x0000000008012428        0x0 /tmp/BPRL.elf.FE4VjG.ltrans0.ltrans.o
                                          0x8 (size before relaxing)
 .ARM.exidx.text._ZL9CANThreadPv
                0x0000000008012428        0x8 /tmp/BPRL.elf.FE4VjG.ltrans0.ltrans.o
 .ARM.exidx.text._ZL9I2CThreadPv
                0x0000000008012430        0x8 /tmp/BPRL.elf.FE4VjG.ltrans0.ltrans.o
 .ARM.exidx.text._ZL15HeartbeatThreadPv
                0x0000000008012438        0x0 /tmp/BPRL.elf.FE4VjG.ltrans0.ltrans.o
                                          0x8 (size before relaxing)
 .ARM.exidx.text._ZL14StateEstThreadPv
                0x0000000008012438        0x0 /tmp/BPRL.elf.FE4VjG.ltrans0.ltrans.o
                                          0x8 (size before relaxing)
 .ARM.exidx.text._ZL13ControlThreadPv
                0x0000000008012438        0x0 /tmp/BPRL.elf.FE4VjG.ltrans0.ltrans.o
                                          0x8 (size before relaxing)
 .ARM.exidx.text._ZL11RadioThreadPv
                0x0000000008012438        0x8 /tmp/BPRL.elf.FE4VjG.ltrans0.ltrans.o
 .ARM.exidx.text._ZL9LogThreadPv
                0x0000000008012440        0x8 /tmp/BPRL.elf.FE4VjG.ltrans0.ltrans.o
 .ARM.exidx.text._ZL11imx5_can_cbRK10CANRxFramePv
                0x0000000008012448        0x0 /tmp/BPRL.elf.FE4VjG.ltrans0.ltrans.o
                                          0x8 (size before relaxing)
 .ARM.exidx.text.VectorAC
                0x0000000008012448        0x0 /tmp/BPRL.elf.FE4VjG.ltrans0.ltrans.o
                                          0x8 (size before relaxing)
 .ARM.exidx.text._ZN8ICM209488set_bankEh
                0x0000000008012448        0x0 /tmp/BPRL.elf.FE4VjG.ltrans0.ltrans.o
                                          0x8 (size before relaxing)
 .ARM.exidx.text._ZN8ICM209484readEPfS0_.part.0
                0x0000000008012448        0x0 /tmp/BPRL.elf.FE4VjG.ltrans0.ltrans.o
                                          0x8 (size before relaxing)
 .ARM.exidx.text._ZN8ICM209489reg_writeEhh
                0x0000000008012448        0x0 /tmp/BPRL.elf.FE4VjG.ltrans0.ltrans.o
                                          0x8 (size before relaxing)
 .ARM.exidx.text._ZN8ICM206029reg_writeEhh.constprop.0
                0x0000000008012448        0x0 /tmp/BPRL.elf.FE4VjG.ltrans0.ltrans.o
                                          0x8 (size before relaxing)
 .ARM.exidx.text._ZL9SPIThreadPv
                0x0000000008012448        0x0 /tmp/BPRL.elf.FE4VjG.ltrans0.ltrans.o
                                          0x8 (size before relaxing)
 .ARM.exidx.text._ZN8ICM209484initEP14hal_spi_driverPK14hal_spi_configS4_.isra.0
                0x0000000008012448        0x0 /tmp/BPRL.elf.FE4VjG.ltrans1.ltrans.o
                                          0x8 (size before relaxing)
 .ARM.exidx.text.startup._sub_I_65535_0.0
                0x0000000008012448        0x0 /tmp/BPRL.elf.FE4VjG.ltrans1.ltrans.o
                                          0x8 (size before relaxing)
 .ARM.exidx     0x0000000008012370        0x8 /opt/gcc-arm-none-eabi-10-2020-q4-major/bin/../lib/gcc/arm-none-eabi/10.2.1/thumb/v7e-m+dp/hard/libgcc.a(_udivmoddi4.o)
 .ARM.exidx     0x0000000008012378       0x78 /opt/gcc-arm-none-eabi-10-2020-q4-major/bin/../lib/gcc/arm-none-eabi/10.2.1/thumb/v7e-m+dp/hard/libgcc.a(unwind-arm.o)
                                         0xd8 (size before relaxing)
 .ARM.exidx     0x00000000080123f0       0x38 /opt/gcc-arm-none-eabi-10-2020-q4-major/bin/../lib/gcc/arm-none-eabi/10.2.1/thumb/v7e-m+dp/hard/libgcc.a(pr-support.o)
                0x0000000008012448                __exidx_end__ = .
                0x0000000008012448                __exidx_end = .
